Component: ARM Compiler 5.05 update 2 (build 169) Tool: armlink [4d0f33]

==============================================================================

Section Cross References

    sysinit.o(i.SystemInit) refers to fpu_init.o(i.fpuInit) for fpuInit
    sysinit.o(i.SystemInit) refers to board_sysinit.o(i.Board_SystemInit) for Board_SystemInit
    sysinit.o(i.SystemInit) refers to keil_startup_lpc18xx43xx.o(RESET) for __Vectors
    pinint.o(i.GPIO0_IRQHandler) refers to board.o(i.Board_LED_Toggle) for Board_LED_Toggle
    pinint.o(i.main) refers to chip_18xx_43xx.o(i.SystemCoreClockUpdate) for SystemCoreClockUpdate
    pinint.o(i.main) refers to board.o(i.Board_Init) for Board_Init
    pinint.o(i.main) refers to board.o(i.Board_LED_Set) for Board_LED_Set
    pinint.o(i.main) refers to scu_18xx_43xx.o(i.Chip_SCU_GPIOIntPinSel) for Chip_SCU_GPIOIntPinSel
    keil_startup_lpc18xx43xx.o(STACK) refers (Special) to heapauxi.o(.text) for __use_two_region_memory
    keil_startup_lpc18xx43xx.o(HEAP) refers (Special) to heapauxi.o(.text) for __use_two_region_memory
    keil_startup_lpc18xx43xx.o(RESET) refers (Special) to heapauxi.o(.text) for __use_two_region_memory
    keil_startup_lpc18xx43xx.o(RESET) refers to keil_startup_lpc18xx43xx.o(STACK) for __initial_sp
    keil_startup_lpc18xx43xx.o(RESET) refers to keil_startup_lpc18xx43xx.o(.text) for Reset_Handler
    keil_startup_lpc18xx43xx.o(RESET) refers to pinint.o(i.GPIO0_IRQHandler) for GPIO0_IRQHandler
    keil_startup_lpc18xx43xx.o(.text) refers (Special) to heapauxi.o(.text) for __use_two_region_memory
    keil_startup_lpc18xx43xx.o(.text) refers to sysinit.o(i.SystemInit) for SystemInit
    keil_startup_lpc18xx43xx.o(.text) refers to __main.o(!!!main) for __main
    keil_startup_lpc18xx43xx.o(.text) refers to keil_startup_lpc18xx43xx.o(HEAP) for Heap_Mem
    keil_startup_lpc18xx43xx.o(.text) refers to keil_startup_lpc18xx43xx.o(STACK) for Stack_Mem
    chip_18xx_43xx.o(i.Chip_USB0_Init) refers to chip_18xx_43xx.o(i.Chip_USB_PllSetup) for Chip_USB_PllSetup
    chip_18xx_43xx.o(i.Chip_USB0_Init) refers to clock_18xx_43xx.o(i.Chip_Clock_SetBaseClock) for Chip_Clock_SetBaseClock
    chip_18xx_43xx.o(i.Chip_USB0_Init) refers to clock_18xx_43xx.o(i.Chip_Clock_EnableBaseClock) for Chip_Clock_EnableBaseClock
    chip_18xx_43xx.o(i.Chip_USB0_Init) refers to clock_18xx_43xx.o(i.Chip_Clock_EnableOpts) for Chip_Clock_EnableOpts
    chip_18xx_43xx.o(i.Chip_USB1_Init) refers to chip_18xx_43xx.o(i.Chip_USB_PllSetup) for Chip_USB_PllSetup
    chip_18xx_43xx.o(i.Chip_USB1_Init) refers to clock_18xx_43xx.o(i.Chip_Clock_SetDivider) for Chip_Clock_SetDivider
    chip_18xx_43xx.o(i.Chip_USB1_Init) refers to clock_18xx_43xx.o(i.Chip_Clock_SetBaseClock) for Chip_Clock_SetBaseClock
    chip_18xx_43xx.o(i.Chip_USB1_Init) refers to clock_18xx_43xx.o(i.Chip_Clock_EnableBaseClock) for Chip_Clock_EnableBaseClock
    chip_18xx_43xx.o(i.Chip_USB1_Init) refers to clock_18xx_43xx.o(i.Chip_Clock_EnableOpts) for Chip_Clock_EnableOpts
    chip_18xx_43xx.o(i.Chip_USB_PllSetup) refers to clock_18xx_43xx.o(i.Chip_Clock_GetClockInputHz) for Chip_Clock_GetClockInputHz
    chip_18xx_43xx.o(i.Chip_USB_PllSetup) refers to clock_18xx_43xx.o(i.Chip_Clock_SetupPLL) for Chip_Clock_SetupPLL
    chip_18xx_43xx.o(i.Chip_USB_PllSetup) refers to clock_18xx_43xx.o(i.Chip_Clock_EnablePLL) for Chip_Clock_EnablePLL
    chip_18xx_43xx.o(i.Chip_USB_PllSetup) refers to clock_18xx_43xx.o(i.Chip_Clock_GetPLLStatus) for Chip_Clock_GetPLLStatus
    chip_18xx_43xx.o(i.Chip_USB_PllSetup) refers to chip_18xx_43xx.o(.constdata) for .constdata
    chip_18xx_43xx.o(i.SystemCoreClockUpdate) refers to clock_18xx_43xx.o(i.Chip_Clock_GetRate) for Chip_Clock_GetRate
    chip_18xx_43xx.o(i.SystemCoreClockUpdate) refers to chip_18xx_43xx.o(.data) for .data
    board.o(i.Board_Debug_Init) refers to board.o(i.Board_UART_Init) for Board_UART_Init
    board.o(i.Board_Debug_Init) refers to uart_18xx_43xx.o(i.Chip_UART_Init) for Chip_UART_Init
    board.o(i.Board_Debug_Init) refers to uart_18xx_43xx.o(i.Chip_UART_SetBaud) for Chip_UART_SetBaud
    board.o(i.Board_Init) refers to board.o(i.Board_Debug_Init) for Board_Debug_Init
    board.o(i.Board_Init) refers to gpio_18xx_43xx.o(i.Chip_GPIO_Init) for Chip_GPIO_Init
    board.o(i.Board_Init) refers to board.o(i.Chip_GPIO_SetPinDIROutput) for Chip_GPIO_SetPinDIROutput
    board.o(i.Board_LED_Toggle) refers to board.o(i.Board_LED_Test) for Board_LED_Test
    board.o(i.Board_LED_Toggle) refers to board.o(i.Board_LED_Set) for Board_LED_Set
    board.o(i.Board_UARTPutSTR) refers to board.o(i.Board_UARTPutChar) for Board_UARTPutChar
    board.o(i.fgetc) refers to board.o(i.Board_UARTGetChar) for Board_UARTGetChar
    board.o(i.fputc) refers to board.o(i.Board_UARTPutChar) for Board_UARTPutChar
    board_sysinit.o(i.Board_SetupClocking) refers to sysinit_18xx_43xx.o(i.Chip_SetupCoreClock) for Chip_SetupCoreClock
    board_sysinit.o(i.Board_SetupClocking) refers to clock_18xx_43xx.o(i.Chip_Clock_SetBaseClock) for Chip_Clock_SetBaseClock
    board_sysinit.o(i.Board_SetupClocking) refers to clock_18xx_43xx.o(i.Chip_Clock_SetDivider) for Chip_Clock_SetDivider
    board_sysinit.o(i.Board_SetupClocking) refers to board_sysinit.o(.constdata) for .constdata
    board_sysinit.o(i.Board_SetupMuxing) refers to board_sysinit.o(i.Chip_SCU_SetPinMuxing) for Chip_SCU_SetPinMuxing
    board_sysinit.o(i.Board_SetupMuxing) refers to board_sysinit.o(.constdata) for .constdata
    board_sysinit.o(i.Board_SystemInit) refers to board_sysinit.o(i.Board_SetupMuxing) for Board_SetupMuxing
    board_sysinit.o(i.Board_SystemInit) refers to board_sysinit.o(i.Board_SetupClocking) for Board_SetupClocking
    clock_18xx_43xx.o(i.Chip_Clock_EnableCrystal) refers to board.o(.constdata) for OscRateIn
    clock_18xx_43xx.o(i.Chip_Clock_GetBaseClocktHz) refers to clock_18xx_43xx.o(i.Chip_Clock_GetBaseClock) for Chip_Clock_GetBaseClock
    clock_18xx_43xx.o(i.Chip_Clock_GetBaseClocktHz) refers to clock_18xx_43xx.o(i.Chip_Clock_GetClockInputHz) for Chip_Clock_GetClockInputHz
    clock_18xx_43xx.o(i.Chip_Clock_GetClockInputHz) refers to clock_18xx_43xx.o(i.Chip_Clock_GetMainPLLHz) for Chip_Clock_GetMainPLLHz
    clock_18xx_43xx.o(i.Chip_Clock_GetClockInputHz) refers to clock_18xx_43xx.o(i.Chip_Clock_GetDivRate) for Chip_Clock_GetDivRate
    clock_18xx_43xx.o(i.Chip_Clock_GetClockInputHz) refers to clock_18xx_43xx.o(.data) for .data
    clock_18xx_43xx.o(i.Chip_Clock_GetClockInputHz) refers to board.o(.constdata) for ExtRateIn
    clock_18xx_43xx.o(i.Chip_Clock_GetClockInputHz) refers to board.o(.constdata) for OscRateIn
    clock_18xx_43xx.o(i.Chip_Clock_GetDivRate) refers to clock_18xx_43xx.o(i.Chip_Clock_GetDividerSource) for Chip_Clock_GetDividerSource
    clock_18xx_43xx.o(i.Chip_Clock_GetDivRate) refers to clock_18xx_43xx.o(i.Chip_Clock_GetDividerDivisor) for Chip_Clock_GetDividerDivisor
    clock_18xx_43xx.o(i.Chip_Clock_GetDivRate) refers to clock_18xx_43xx.o(i.Chip_Clock_GetClockInputHz) for Chip_Clock_GetClockInputHz
    clock_18xx_43xx.o(i.Chip_Clock_GetEMCRate) refers to clock_18xx_43xx.o(i.Chip_Clock_GetRate) for Chip_Clock_GetRate
    clock_18xx_43xx.o(i.Chip_Clock_GetMainPLLHz) refers to clock_18xx_43xx.o(i.Chip_Clock_GetClockInputHz) for Chip_Clock_GetClockInputHz
    clock_18xx_43xx.o(i.Chip_Clock_GetRate) refers to clock_18xx_43xx.o(i.Chip_Clock_GetBaseClocktHz) for Chip_Clock_GetBaseClocktHz
    clock_18xx_43xx.o(i.Chip_Clock_GetRate) refers to clock_18xx_43xx.o(.constdata) for .constdata
    clock_18xx_43xx.o(i.Chip_Clock_SetupMainPLLHz) refers to clock_18xx_43xx.o(i.Chip_Clock_GetClockInputHz) for Chip_Clock_GetClockInputHz
    clock_18xx_43xx.o(i.Chip_Clock_SetupMainPLLHz) refers to clock_18xx_43xx.o(i.Chip_Clock_TestMainPLLMultiplier) for Chip_Clock_TestMainPLLMultiplier
    clock_18xx_43xx.o(i.Chip_Clock_SetupMainPLLHz) refers to clock_18xx_43xx.o(i.Chip_Clock_SetupMainPLLMult) for Chip_Clock_SetupMainPLLMult
    clock_18xx_43xx.o(i.Chip_Clock_SetupMainPLLMult) refers to clock_18xx_43xx.o(i.Chip_Clock_GetClockInputHz) for Chip_Clock_GetClockInputHz
    clock_18xx_43xx.o(i.Chip_Clock_SetupMainPLLMult) refers to clock_18xx_43xx.o(i.Chip_Clock_DisableMainPLL) for Chip_Clock_DisableMainPLL
    clock_18xx_43xx.o(i.Chip_Clock_SetupPLL) refers to clock_18xx_43xx.o(.data) for .data
    uart_18xx_43xx.o(i.Chip_UART_DeInit) refers to uart_18xx_43xx.o(i.Chip_UART_GetClockIndex) for Chip_UART_GetClockIndex
    uart_18xx_43xx.o(i.Chip_UART_DeInit) refers to clock_18xx_43xx.o(i.Chip_Clock_Disable) for Chip_Clock_Disable
    uart_18xx_43xx.o(i.Chip_UART_GetABEOStatus) refers to uart_18xx_43xx.o(.data) for .data
    uart_18xx_43xx.o(i.Chip_UART_IRQRBHandler) refers to uart_18xx_43xx.o(i.Chip_UART_TXIntHandlerRB) for Chip_UART_TXIntHandlerRB
    uart_18xx_43xx.o(i.Chip_UART_IRQRBHandler) refers to uart_18xx_43xx.o(i.RingBuffer_IsEmpty) for RingBuffer_IsEmpty
    uart_18xx_43xx.o(i.Chip_UART_IRQRBHandler) refers to uart_18xx_43xx.o(i.Chip_UART_RXIntHandlerRB) for Chip_UART_RXIntHandlerRB
    uart_18xx_43xx.o(i.Chip_UART_IRQRBHandler) refers to uart_18xx_43xx.o(.data) for .data
    uart_18xx_43xx.o(i.Chip_UART_Init) refers to uart_18xx_43xx.o(i.Chip_UART_GetClockIndex) for Chip_UART_GetClockIndex
    uart_18xx_43xx.o(i.Chip_UART_Init) refers to clock_18xx_43xx.o(i.Chip_Clock_EnableOpts) for Chip_Clock_EnableOpts
    uart_18xx_43xx.o(i.Chip_UART_RXIntHandlerRB) refers to ring_buffer.o(i.RingBuffer_Insert) for RingBuffer_Insert
    uart_18xx_43xx.o(i.Chip_UART_ReadBlocking) refers to uart_18xx_43xx.o(i.Chip_UART_Read) for Chip_UART_Read
    uart_18xx_43xx.o(i.Chip_UART_ReadRB) refers to ring_buffer.o(i.RingBuffer_PopMult) for RingBuffer_PopMult
    uart_18xx_43xx.o(i.Chip_UART_SendBlocking) refers to uart_18xx_43xx.o(i.Chip_UART_Send) for Chip_UART_Send
    uart_18xx_43xx.o(i.Chip_UART_SendRB) refers to ring_buffer.o(i.RingBuffer_InsertMult) for RingBuffer_InsertMult
    uart_18xx_43xx.o(i.Chip_UART_SendRB) refers to uart_18xx_43xx.o(i.Chip_UART_TXIntHandlerRB) for Chip_UART_TXIntHandlerRB
    uart_18xx_43xx.o(i.Chip_UART_SetBaud) refers to uart_18xx_43xx.o(i.Chip_UART_GetClockIndex) for Chip_UART_GetClockIndex
    uart_18xx_43xx.o(i.Chip_UART_SetBaud) refers to clock_18xx_43xx.o(i.Chip_Clock_GetRate) for Chip_Clock_GetRate
    uart_18xx_43xx.o(i.Chip_UART_SetBaudFDR) refers to uart_18xx_43xx.o(i.Chip_UART_GetClockIndex) for Chip_UART_GetClockIndex
    uart_18xx_43xx.o(i.Chip_UART_SetBaudFDR) refers to clock_18xx_43xx.o(i.Chip_Clock_GetRate) for Chip_Clock_GetRate
    uart_18xx_43xx.o(i.Chip_UART_SetBaudFDR) refers to lludivv7m.o(.text) for __aeabi_uldivmod
    uart_18xx_43xx.o(i.Chip_UART_TXIntHandlerRB) refers to ring_buffer.o(i.RingBuffer_Pop) for RingBuffer_Pop
    uart_18xx_43xx.o(i.Chip_UART_TXIntHandlerRB) refers to uart_18xx_43xx.o(i.RingBuffer_IsEmpty) for RingBuffer_IsEmpty
    sysinit_18xx_43xx.o(i.Chip_SetupCoreClock) refers to clock_18xx_43xx.o(i.Chip_Clock_EnableCrystal) for Chip_Clock_EnableCrystal
    sysinit_18xx_43xx.o(i.Chip_SetupCoreClock) refers to clock_18xx_43xx.o(i.Chip_Clock_SetBaseClock) for Chip_Clock_SetBaseClock
    sysinit_18xx_43xx.o(i.Chip_SetupCoreClock) refers to clock_18xx_43xx.o(i.Chip_Clock_SetupMainPLLHz) for Chip_Clock_SetupMainPLLHz
    sysinit_18xx_43xx.o(i.Chip_SetupCoreClock) refers to board.o(.constdata) for OscRateIn
    sysinit_18xx_43xx.o(i.Chip_SetupCoreClock) refers to sysinit_18xx_43xx.o(.constdata) for .constdata
    sysinit_18xx_43xx.o(i.Chip_SetupIrcClocking) refers to sysinit_18xx_43xx.o(i.Chip_SetupCoreClock) for Chip_SetupCoreClock
    sysinit_18xx_43xx.o(i.Chip_SetupXtalClocking) refers to sysinit_18xx_43xx.o(i.Chip_SetupCoreClock) for Chip_SetupCoreClock
    sysinit_18xx_43xx.o(i.Chip_SystemInit) refers to sysinit_18xx_43xx.o(i.Chip_SetupIrcClocking) for Chip_SetupIrcClocking
    ring_buffer.o(i.RingBuffer_Insert) refers to ring_buffer.o(i.RingBuffer_IsFull) for RingBuffer_IsFull
    ring_buffer.o(i.RingBuffer_Insert) refers to rt_memcpy_v6.o(.text) for __aeabi_memcpy
    ring_buffer.o(i.RingBuffer_InsertMult) refers to ring_buffer.o(i.RingBuffer_IsFull) for RingBuffer_IsFull
    ring_buffer.o(i.RingBuffer_InsertMult) refers to rt_memcpy_v6.o(.text) for __aeabi_memcpy
    ring_buffer.o(i.RingBuffer_Pop) refers to ring_buffer.o(i.RingBuffer_IsEmpty) for RingBuffer_IsEmpty
    ring_buffer.o(i.RingBuffer_Pop) refers to rt_memcpy_v6.o(.text) for __aeabi_memcpy
    ring_buffer.o(i.RingBuffer_PopMult) refers to ring_buffer.o(i.RingBuffer_IsEmpty) for RingBuffer_IsEmpty
    ring_buffer.o(i.RingBuffer_PopMult) refers to rt_memcpy_v6.o(.text) for __aeabi_memcpy
    rt_memcpy_v6.o(.text) refers to rt_memcpy_w.o(.text) for __aeabi_memcpy4
    __main.o(!!!main) refers to __rtentry.o(.ARM.Collect$$rtentry$$00000000) for __rt_entry
    __rtentry.o(.ARM.Collect$$rtentry$$00000000) refers (Special) to __rtentry2.o(.ARM.Collect$$rtentry$$0000000A) for __rt_entry_li
    __rtentry.o(.ARM.Collect$$rtentry$$00000000) refers (Special) to __rtentry2.o(.ARM.Collect$$rtentry$$0000000D) for __rt_entry_main
    __rtentry.o(.ARM.Collect$$rtentry$$00000000) refers (Special) to __rtentry2.o(.ARM.Collect$$rtentry$$0000000C) for __rt_entry_postli_1
    __rtentry.o(.ARM.Collect$$rtentry$$00000000) refers (Special) to __rtentry2.o(.ARM.Collect$$rtentry$$00000009) for __rt_entry_postsh_1
    __rtentry.o(.ARM.Collect$$rtentry$$00000000) refers (Special) to __rtentry2.o(.ARM.Collect$$rtentry$$00000002) for __rt_entry_presh_1
    __rtentry.o(.ARM.Collect$$rtentry$$00000000) refers (Special) to __rtentry4.o(.ARM.Collect$$rtentry$$00000004) for __rt_entry_sh
    aeabi_ldiv0_sigfpe.o(.text) refers to rt_div0.o(.text) for __rt_div0
    __rtentry2.o(.ARM.Collect$$rtentry$$00000008) refers to boardinit2.o(.text) for _platform_post_stackheap_init
    __rtentry2.o(.ARM.Collect$$rtentry$$0000000A) refers to libinit.o(.ARM.Collect$$libinit$$00000000) for __rt_lib_init
    __rtentry2.o(.ARM.Collect$$rtentry$$0000000B) refers to boardinit3.o(.text) for _platform_post_lib_init
    __rtentry2.o(.ARM.Collect$$rtentry$$0000000D) refers to pinint.o(i.main) for main
    __rtentry2.o(.ARM.Collect$$rtentry$$0000000D) refers to exit.o(.text) for exit
    __rtentry2.o(.ARM.exidx) refers to __rtentry2.o(.ARM.Collect$$rtentry$$00000001) for .ARM.Collect$$rtentry$$00000001
    __rtentry2.o(.ARM.exidx) refers to __rtentry2.o(.ARM.Collect$$rtentry$$00000008) for .ARM.Collect$$rtentry$$00000008
    __rtentry2.o(.ARM.exidx) refers to __rtentry2.o(.ARM.Collect$$rtentry$$0000000A) for .ARM.Collect$$rtentry$$0000000A
    __rtentry2.o(.ARM.exidx) refers to __rtentry2.o(.ARM.Collect$$rtentry$$0000000B) for .ARM.Collect$$rtentry$$0000000B
    __rtentry2.o(.ARM.exidx) refers to __rtentry2.o(.ARM.Collect$$rtentry$$0000000D) for .ARM.Collect$$rtentry$$0000000D
    __rtentry4.o(.ARM.Collect$$rtentry$$00000004) refers to sys_stackheap_outer.o(.text) for __user_setup_stackheap
    __rtentry4.o(.ARM.exidx) refers to __rtentry4.o(.ARM.Collect$$rtentry$$00000004) for .ARM.Collect$$rtentry$$00000004
    rt_div0.o(.text) refers to defsig_fpe_outer.o(.text) for __rt_SIGFPE
    sys_stackheap_outer.o(.text) refers to libspace.o(.text) for __user_perproc_libspace
    sys_stackheap_outer.o(.text) refers to keil_startup_lpc18xx43xx.o(.text) for __user_initial_stackheap
    exit.o(.text) refers to rtexit.o(.ARM.Collect$$rtexit$$00000000) for __rt_exit
    defsig_fpe_outer.o(.text) refers to defsig_fpe_inner.o(.text) for __rt_SIGFPE_inner
    defsig_fpe_outer.o(.text) refers to defsig_exit.o(.text) for __sig_exit
    defsig_fpe_formal.o(.text) refers to rt_raise.o(.text) for __rt_raise
    libinit.o(.ARM.Collect$$libinit$$00000000) refers (Special) to libinit2.o(.ARM.Collect$$libinit$$0000002E) for __rt_lib_init_alloca_1
    libinit.o(.ARM.Collect$$libinit$$00000000) refers (Special) to libinit2.o(.ARM.Collect$$libinit$$0000002C) for __rt_lib_init_argv_1
    libinit.o(.ARM.Collect$$libinit$$00000000) refers (Special) to libinit2.o(.ARM.Collect$$libinit$$0000001B) for __rt_lib_init_atexit_1
    libinit.o(.ARM.Collect$$libinit$$00000000) refers (Special) to libinit2.o(.ARM.Collect$$libinit$$00000021) for __rt_lib_init_clock_1
    libinit.o(.ARM.Collect$$libinit$$00000000) refers (Special) to libinit2.o(.ARM.Collect$$libinit$$00000032) for __rt_lib_init_cpp_1
    libinit.o(.ARM.Collect$$libinit$$00000000) refers (Special) to libinit2.o(.ARM.Collect$$libinit$$00000030) for __rt_lib_init_exceptions_1
    libinit.o(.ARM.Collect$$libinit$$00000000) refers (Special) to libinit2.o(.ARM.Collect$$libinit$$00000001) for __rt_lib_init_fp_1
    libinit.o(.ARM.Collect$$libinit$$00000000) refers (Special) to libinit2.o(.ARM.Collect$$libinit$$0000001F) for __rt_lib_init_fp_trap_1
    libinit.o(.ARM.Collect$$libinit$$00000000) refers (Special) to libinit2.o(.ARM.Collect$$libinit$$00000023) for __rt_lib_init_getenv_1
    libinit.o(.ARM.Collect$$libinit$$00000000) refers (Special) to libinit2.o(.ARM.Collect$$libinit$$0000000A) for __rt_lib_init_heap_1
    libinit.o(.ARM.Collect$$libinit$$00000000) refers (Special) to libinit2.o(.ARM.Collect$$libinit$$00000011) for __rt_lib_init_lc_collate_1
    libinit.o(.ARM.Collect$$libinit$$00000000) refers (Special) to libinit2.o(.ARM.Collect$$libinit$$00000013) for __rt_lib_init_lc_ctype_1
    libinit.o(.ARM.Collect$$libinit$$00000000) refers (Special) to libinit2.o(.ARM.Collect$$libinit$$00000015) for __rt_lib_init_lc_monetary_1
    libinit.o(.ARM.Collect$$libinit$$00000000) refers (Special) to libinit2.o(.ARM.Collect$$libinit$$00000017) for __rt_lib_init_lc_numeric_1
    libinit.o(.ARM.Collect$$libinit$$00000000) refers (Special) to libinit2.o(.ARM.Collect$$libinit$$00000019) for __rt_lib_init_lc_time_1
    libinit.o(.ARM.Collect$$libinit$$00000000) refers (Special) to libinit2.o(.ARM.Collect$$libinit$$00000004) for __rt_lib_init_preinit_1
    libinit.o(.ARM.Collect$$libinit$$00000000) refers (Special) to libinit2.o(.ARM.Collect$$libinit$$0000000E) for __rt_lib_init_rand_1
    libinit.o(.ARM.Collect$$libinit$$00000000) refers (Special) to libinit2.o(.ARM.Collect$$libinit$$00000033) for __rt_lib_init_return
    libinit.o(.ARM.Collect$$libinit$$00000000) refers (Special) to libinit2.o(.ARM.Collect$$libinit$$0000001D) for __rt_lib_init_signal_1
    libinit.o(.ARM.Collect$$libinit$$00000000) refers (Special) to libinit2.o(.ARM.Collect$$libinit$$00000025) for __rt_lib_init_stdio_1
    libinit.o(.ARM.Collect$$libinit$$00000000) refers (Special) to libinit2.o(.ARM.Collect$$libinit$$0000000C) for __rt_lib_init_user_alloc_1
    libspace.o(.text) refers to libspace.o(.bss) for __libspace_start
    rtexit.o(.ARM.Collect$$rtexit$$00000000) refers (Special) to rtexit2.o(.ARM.Collect$$rtexit$$00000004) for __rt_exit_exit
    rtexit.o(.ARM.Collect$$rtexit$$00000000) refers (Special) to rtexit2.o(.ARM.Collect$$rtexit$$00000003) for __rt_exit_ls
    rtexit.o(.ARM.Collect$$rtexit$$00000000) refers (Special) to rtexit2.o(.ARM.Collect$$rtexit$$00000002) for __rt_exit_prels_1
    rtexit.o(.ARM.exidx) refers (Special) to rtexit2.o(.ARM.Collect$$rtexit$$00000004) for __rt_exit_exit
    rtexit.o(.ARM.exidx) refers (Special) to rtexit2.o(.ARM.Collect$$rtexit$$00000003) for __rt_exit_ls
    rtexit.o(.ARM.exidx) refers (Special) to rtexit2.o(.ARM.Collect$$rtexit$$00000002) for __rt_exit_prels_1
    rtexit.o(.ARM.exidx) refers to rtexit.o(.ARM.Collect$$rtexit$$00000000) for .ARM.Collect$$rtexit$$00000000
    rt_raise.o(.text) refers to __raise.o(.text) for __raise
    rt_raise.o(.text) refers to board.o(i._sys_exit) for _sys_exit
    defsig_exit.o(.text) refers to board.o(i._sys_exit) for _sys_exit
    defsig_fpe_inner.o(.text) refers to defsig_general.o(.text) for __default_signal_display
    libinit2.o(.ARM.Collect$$libinit$$00000001) refers to fpinit.o(x$fpl$fpinit) for _fp_init
    libinit2.o(.ARM.Collect$$libinit$$00000010) refers to libinit2.o(.ARM.Collect$$libinit$$0000000F) for .ARM.Collect$$libinit$$0000000F
    libinit2.o(.ARM.Collect$$libinit$$00000012) refers to libinit2.o(.ARM.Collect$$libinit$$0000000F) for .ARM.Collect$$libinit$$0000000F
    libinit2.o(.ARM.Collect$$libinit$$00000014) refers to libinit2.o(.ARM.Collect$$libinit$$0000000F) for .ARM.Collect$$libinit$$0000000F
    libinit2.o(.ARM.Collect$$libinit$$00000016) refers to libinit2.o(.ARM.Collect$$libinit$$0000000F) for .ARM.Collect$$libinit$$0000000F
    libinit2.o(.ARM.Collect$$libinit$$00000018) refers to libinit2.o(.ARM.Collect$$libinit$$0000000F) for .ARM.Collect$$libinit$$0000000F
    libinit2.o(.ARM.Collect$$libinit$$00000026) refers to argv_veneer.o(.emb_text) for __ARM_argv_veneer
    libinit2.o(.ARM.Collect$$libinit$$00000027) refers to argv_veneer.o(.emb_text) for __ARM_argv_veneer
    rtexit2.o(.ARM.Collect$$rtexit$$00000003) refers to libshutdown.o(.ARM.Collect$$libshutdown$$00000000) for __rt_lib_shutdown
    rtexit2.o(.ARM.Collect$$rtexit$$00000004) refers to board.o(i._sys_exit) for _sys_exit
    rtexit2.o(.ARM.exidx) refers to rtexit2.o(.ARM.Collect$$rtexit$$00000001) for .ARM.Collect$$rtexit$$00000001
    rtexit2.o(.ARM.exidx) refers to rtexit2.o(.ARM.Collect$$rtexit$$00000003) for .ARM.Collect$$rtexit$$00000003
    rtexit2.o(.ARM.exidx) refers to rtexit2.o(.ARM.Collect$$rtexit$$00000004) for .ARM.Collect$$rtexit$$00000004
    __raise.o(.text) refers to defsig.o(CL$$defsig) for __default_signal_handler
    defsig_general.o(.text) refers to sys_wrch.o(.text) for _ttywrch
    argv_veneer.o(.emb_text) refers to no_argv.o(.text) for __ARM_get_argv
    sys_wrch.o(.text) refers (Special) to use_no_semi.o(.text) for __I$use$semihosting
    sys_wrch.o(.text) refers (Special) to indicate_semi.o(.text) for __semihosting_library_function
    defsig.o(CL$$defsig) refers to defsig_fpe_inner.o(.text) for __rt_SIGFPE_inner
    defsig.o(CL$$defsig) refers to defsig_rtmem_inner.o(.text) for __rt_SIGRTMEM_inner
    _get_argv_nomalloc.o(.text) refers (Special) to hrguard.o(.text) for __heap_region$guard
    _get_argv_nomalloc.o(.text) refers to defsig_rtmem_outer.o(.text) for __rt_SIGRTMEM
    _get_argv_nomalloc.o(.text) refers to sys_command.o(.text) for _sys_command_string
    libshutdown.o(.ARM.Collect$$libshutdown$$00000000) refers (Special) to libshutdown2.o(.ARM.Collect$$libshutdown$$00000006) for __rt_lib_shutdown_fp_trap_1
    libshutdown.o(.ARM.Collect$$libshutdown$$00000000) refers (Special) to libshutdown2.o(.ARM.Collect$$libshutdown$$0000000E) for __rt_lib_shutdown_heap_1
    libshutdown.o(.ARM.Collect$$libshutdown$$00000000) refers (Special) to libshutdown2.o(.ARM.Collect$$libshutdown$$0000000F) for __rt_lib_shutdown_return
    libshutdown.o(.ARM.Collect$$libshutdown$$00000000) refers (Special) to libshutdown2.o(.ARM.Collect$$libshutdown$$00000009) for __rt_lib_shutdown_signal_1
    libshutdown.o(.ARM.Collect$$libshutdown$$00000000) refers (Special) to libshutdown2.o(.ARM.Collect$$libshutdown$$00000003) for __rt_lib_shutdown_stdio_1
    libshutdown.o(.ARM.Collect$$libshutdown$$00000000) refers (Special) to libshutdown2.o(.ARM.Collect$$libshutdown$$0000000B) for __rt_lib_shutdown_user_alloc_1
    sys_command.o(.text) refers (Special) to use_no_semi.o(.text) for __I$use$semihosting
    sys_command.o(.text) refers (Special) to indicate_semi.o(.text) for __semihosting_library_function
    defsig_abrt_inner.o(.text) refers to defsig_general.o(.text) for __default_signal_display
    defsig_rtred_inner.o(.text) refers to defsig_general.o(.text) for __default_signal_display
    defsig_rtmem_inner.o(.text) refers to defsig_general.o(.text) for __default_signal_display
    defsig_rtmem_outer.o(.text) refers to defsig_rtmem_inner.o(.text) for __rt_SIGRTMEM_inner
    defsig_rtmem_outer.o(.text) refers to defsig_exit.o(.text) for __sig_exit
    defsig_rtmem_formal.o(.text) refers to rt_raise.o(.text) for __rt_raise
    defsig_stak_inner.o(.text) refers to defsig_general.o(.text) for __default_signal_display
    defsig_pvfn_inner.o(.text) refers to defsig_general.o(.text) for __default_signal_display
    defsig_cppl_inner.o(.text) refers to defsig_general.o(.text) for __default_signal_display
    defsig_segv_inner.o(.text) refers to defsig_general.o(.text) for __default_signal_display
    defsig_other.o(.text) refers to defsig_general.o(.text) for __default_signal_display


==============================================================================

Removing Unused input sections from the image.

    Removing sysinit.o(.rev16_text), (4 bytes).
    Removing sysinit.o(.revsh_text), (4 bytes).
    Removing pinint.o(.rev16_text), (4 bytes).
    Removing pinint.o(.revsh_text), (4 bytes).
    Removing chip_18xx_43xx.o(.rev16_text), (4 bytes).
    Removing chip_18xx_43xx.o(.revsh_text), (4 bytes).
    Removing chip_18xx_43xx.o(i.Chip_USB0_Init), (52 bytes).
    Removing chip_18xx_43xx.o(i.Chip_USB1_Init), (68 bytes).
    Removing chip_18xx_43xx.o(i.Chip_USB_PllSetup), (52 bytes).
    Removing chip_18xx_43xx.o(.constdata), (20 bytes).
    Removing scu_18xx_43xx.o(.rev16_text), (4 bytes).
    Removing scu_18xx_43xx.o(.revsh_text), (4 bytes).
    Removing fpu_init.o(.rev16_text), (4 bytes).
    Removing fpu_init.o(.revsh_text), (4 bytes).
    Removing board.o(.rev16_text), (4 bytes).
    Removing board.o(.revsh_text), (4 bytes).
    Removing board.o(i.Board_ADC_Init), (20 bytes).
    Removing board.o(i.Board_Buttons_Init), (2 bytes).
    Removing board.o(i.Board_DAC_Init), (16 bytes).
    Removing board.o(i.Board_I2C_Init), (36 bytes).
    Removing board.o(i.Board_Joystick_Init), (2 bytes).
    Removing board.o(i.Board_SSP_Init), (52 bytes).
    Removing board.o(i.Board_UARTGetChar), (24 bytes).
    Removing board.o(i.Board_UARTPutChar), (16 bytes).
    Removing board.o(i.Board_UARTPutSTR), (20 bytes).
    Removing board.o(i.Buttons_GetStatus), (4 bytes).
    Removing board.o(i.Joystick_GetStatus), (4 bytes).
    Removing board.o(i._sys_open), (4 bytes).
    Removing board.o(i.ferror), (6 bytes).
    Removing board.o(i.fgetc), (4 bytes).
    Removing board.o(i.fputc), (12 bytes).
    Removing board.o(.data), (4 bytes).
    Removing board.o(.data), (4 bytes).
    Removing board.o(.data), (4 bytes).
    Removing board_sysinit.o(.rev16_text), (4 bytes).
    Removing board_sysinit.o(.revsh_text), (4 bytes).
    Removing clock_18xx_43xx.o(.rev16_text), (4 bytes).
    Removing clock_18xx_43xx.o(.revsh_text), (4 bytes).
    Removing clock_18xx_43xx.o(i.Chip_Clock_ClearPowerDown), (20 bytes).
    Removing clock_18xx_43xx.o(i.Chip_Clock_Disable), (44 bytes).
    Removing clock_18xx_43xx.o(i.Chip_Clock_DisableBaseClock), (24 bytes).
    Removing clock_18xx_43xx.o(i.Chip_Clock_DisableCrystal), (16 bytes).
    Removing clock_18xx_43xx.o(i.Chip_Clock_DisablePLL), (20 bytes).
    Removing clock_18xx_43xx.o(i.Chip_Clock_Enable), (44 bytes).
    Removing clock_18xx_43xx.o(i.Chip_Clock_EnableBaseClock), (24 bytes).
    Removing clock_18xx_43xx.o(i.Chip_Clock_EnableMainPLL), (16 bytes).
    Removing clock_18xx_43xx.o(i.Chip_Clock_EnablePLL), (20 bytes).
    Removing clock_18xx_43xx.o(i.Chip_Clock_GetBaseClockOpts), (52 bytes).
    Removing clock_18xx_43xx.o(i.Chip_Clock_GetEMCRate), (44 bytes).
    Removing clock_18xx_43xx.o(i.Chip_Clock_GetPLLStatus), (16 bytes).
    Removing clock_18xx_43xx.o(i.Chip_Clock_IsBaseClockEnabled), (28 bytes).
    Removing clock_18xx_43xx.o(i.Chip_Clock_MainPLLLocked), (16 bytes).
    Removing clock_18xx_43xx.o(i.Chip_Clock_RTCEnable), (24 bytes).
    Removing clock_18xx_43xx.o(i.Chip_Clock_SetupPLL), (52 bytes).
    Removing clock_18xx_43xx.o(i.Chip_Clock_StartPowerDown), (20 bytes).
    Removing gpio_18xx_43xx.o(.rev16_text), (4 bytes).
    Removing gpio_18xx_43xx.o(.revsh_text), (4 bytes).
    Removing gpio_18xx_43xx.o(i.Chip_GPIO_DeInit), (2 bytes).
    Removing gpio_18xx_43xx.o(i.Chip_GPIO_SetDir), (22 bytes).
    Removing gpio_18xx_43xx.o(i.Chip_GPIO_SetPinDIR), (26 bytes).
    Removing gpio_18xx_43xx.o(i.Chip_GPIO_SetPortDIR), (22 bytes).
    Removing gpio_18xx_43xx.o(i.Chip_GPIO_WriteDirBit), (28 bytes).
    Removing uart_18xx_43xx.o(.rev16_text), (4 bytes).
    Removing uart_18xx_43xx.o(.revsh_text), (4 bytes).
    Removing uart_18xx_43xx.o(i.Chip_UART_ABCmd), (56 bytes).
    Removing uart_18xx_43xx.o(i.Chip_UART_CheckBusy), (14 bytes).
    Removing uart_18xx_43xx.o(i.Chip_UART_DeInit), (18 bytes).
    Removing uart_18xx_43xx.o(i.Chip_UART_GetABEOStatus), (12 bytes).
    Removing uart_18xx_43xx.o(i.Chip_UART_IRQRBHandler), (108 bytes).
    Removing uart_18xx_43xx.o(i.Chip_UART_RXIntHandlerRB), (30 bytes).
    Removing uart_18xx_43xx.o(i.Chip_UART_Read), (28 bytes).
    Removing uart_18xx_43xx.o(i.Chip_UART_ReadBlocking), (36 bytes).
    Removing uart_18xx_43xx.o(i.Chip_UART_ReadRB), (16 bytes).
    Removing uart_18xx_43xx.o(i.Chip_UART_Send), (28 bytes).
    Removing uart_18xx_43xx.o(i.Chip_UART_SendBlocking), (36 bytes).
    Removing uart_18xx_43xx.o(i.Chip_UART_SendRB), (64 bytes).
    Removing uart_18xx_43xx.o(i.Chip_UART_SetBaudFDR), (194 bytes).
    Removing uart_18xx_43xx.o(i.Chip_UART_TXIntHandlerRB), (52 bytes).
    Removing uart_18xx_43xx.o(i.RingBuffer_IsEmpty), (16 bytes).
    Removing uart_18xx_43xx.o(.data), (1 bytes).
    Removing sysinit_18xx_43xx.o(.rev16_text), (4 bytes).
    Removing sysinit_18xx_43xx.o(.revsh_text), (4 bytes).
    Removing sysinit_18xx_43xx.o(i.Chip_SetupIrcClocking), (16 bytes).
    Removing sysinit_18xx_43xx.o(i.Chip_SetupXtalClocking), (16 bytes).
    Removing sysinit_18xx_43xx.o(i.Chip_SystemInit), (4 bytes).
    Removing ring_buffer.o(i.RingBuffer_Init), (16 bytes).
    Removing ring_buffer.o(i.RingBuffer_Insert), (48 bytes).
    Removing ring_buffer.o(i.RingBuffer_InsertMult), (122 bytes).
    Removing ring_buffer.o(i.RingBuffer_IsEmpty), (16 bytes).
    Removing ring_buffer.o(i.RingBuffer_IsFull), (20 bytes).
    Removing ring_buffer.o(i.RingBuffer_Pop), (48 bytes).
    Removing ring_buffer.o(i.RingBuffer_PopMult), (118 bytes).

92 unused section(s) (total 2227 bytes) removed from the image.

==============================================================================

Image Symbol Table

    Local Symbols

    Symbol Name                              Value     Ov Type        Size  Object(Section)

    ../clib/angel/boardlib.s                 0x00000000   Number         0  boardshut.o ABSOLUTE
    ../clib/angel/boardlib.s                 0x00000000   Number         0  boardinit3.o ABSOLUTE
    ../clib/angel/boardlib.s                 0x00000000   Number         0  boardinit2.o ABSOLUTE
    ../clib/angel/boardlib.s                 0x00000000   Number         0  boardinit1.o ABSOLUTE
    ../clib/angel/handlers.s                 0x00000000   Number         0  __scatter_copy.o ABSOLUTE
    ../clib/angel/handlers.s                 0x00000000   Number         0  __scatter_zi.o ABSOLUTE
    ../clib/angel/kernel.s                   0x00000000   Number         0  rtexit.o ABSOLUTE
    ../clib/angel/kernel.s                   0x00000000   Number         0  __rtentry4.o ABSOLUTE
    ../clib/angel/kernel.s                   0x00000000   Number         0  __rtentry.o ABSOLUTE
    ../clib/angel/kernel.s                   0x00000000   Number         0  __rtentry2.o ABSOLUTE
    ../clib/angel/kernel.s                   0x00000000   Number         0  rtexit2.o ABSOLUTE
    ../clib/angel/rt.s                       0x00000000   Number         0  rt_raise.o ABSOLUTE
    ../clib/angel/rt.s                       0x00000000   Number         0  aeabi_ldiv0.o ABSOLUTE
    ../clib/angel/rt.s                       0x00000000   Number         0  aeabi_ldiv0_sigfpe.o ABSOLUTE
    ../clib/angel/rt.s                       0x00000000   Number         0  rt_div0.o ABSOLUTE
    ../clib/angel/scatter.s                  0x00000000   Number         0  __scatter.o ABSOLUTE
    ../clib/angel/startup.s                  0x00000000   Number         0  __main.o ABSOLUTE
    ../clib/angel/sys.s                      0x00000000   Number         0  libspace.o ABSOLUTE
    ../clib/angel/sys.s                      0x00000000   Number         0  sys_stackheap_outer.o ABSOLUTE
    ../clib/angel/sys.s                      0x00000000   Number         0  use_no_semi.o ABSOLUTE
    ../clib/angel/sys.s                      0x00000000   Number         0  indicate_semi.o ABSOLUTE
    ../clib/angel/sysapp.c                   0x00000000   Number         0  sys_wrch.o ABSOLUTE
    ../clib/angel/sysapp.c                   0x00000000   Number         0  sys_command.o ABSOLUTE
    ../clib/armsys.c                         0x00000000   Number         0  _get_argv_nomalloc.o ABSOLUTE
    ../clib/armsys.c                         0x00000000   Number         0  argv_veneer.o ABSOLUTE
    ../clib/armsys.c                         0x00000000   Number         0  argv_veneer.o ABSOLUTE
    ../clib/armsys.c                         0x00000000   Number         0  no_argv.o ABSOLUTE
    ../clib/heapalloc.c                      0x00000000   Number         0  hrguard.o ABSOLUTE
    ../clib/heapaux.c                        0x00000000   Number         0  heapauxi.o ABSOLUTE
    ../clib/libinit.s                        0x00000000   Number         0  libshutdown.o ABSOLUTE
    ../clib/libinit.s                        0x00000000   Number         0  libshutdown2.o ABSOLUTE
    ../clib/libinit.s                        0x00000000   Number         0  libinit.o ABSOLUTE
    ../clib/libinit.s                        0x00000000   Number         0  libinit2.o ABSOLUTE
    ../clib/longlong.s                       0x00000000   Number         0  lludivv7m.o ABSOLUTE
    ../clib/memcpset.s                       0x00000000   Number         0  rt_memcpy_v6.o ABSOLUTE
    ../clib/memcpset.s                       0x00000000   Number         0  rt_memcpy_w.o ABSOLUTE
    ../clib/signal.c                         0x00000000   Number         0  defsig_pvfn_inner.o ABSOLUTE
    ../clib/signal.c                         0x00000000   Number         0  defsig_other.o ABSOLUTE
    ../clib/signal.c                         0x00000000   Number         0  defsig_segv_inner.o ABSOLUTE
    ../clib/signal.c                         0x00000000   Number         0  defsig_cppl_inner.o ABSOLUTE
    ../clib/signal.c                         0x00000000   Number         0  defsig_stak_inner.o ABSOLUTE
    ../clib/signal.c                         0x00000000   Number         0  defsig_rtmem_formal.o ABSOLUTE
    ../clib/signal.c                         0x00000000   Number         0  defsig_rtmem_outer.o ABSOLUTE
    ../clib/signal.c                         0x00000000   Number         0  defsig_rtmem_inner.o ABSOLUTE
    ../clib/signal.c                         0x00000000   Number         0  defsig_rtred_inner.o ABSOLUTE
    ../clib/signal.c                         0x00000000   Number         0  defsig_abrt_inner.o ABSOLUTE
    ../clib/signal.c                         0x00000000   Number         0  defsig_general.o ABSOLUTE
    ../clib/signal.c                         0x00000000   Number         0  __raise.o ABSOLUTE
    ../clib/signal.c                         0x00000000   Number         0  defsig_exit.o ABSOLUTE
    ../clib/signal.c                         0x00000000   Number         0  defsig_fpe_outer.o ABSOLUTE
    ../clib/signal.c                         0x00000000   Number         0  defsig_fpe_formal.o ABSOLUTE
    ../clib/signal.c                         0x00000000   Number         0  defsig_fpe_inner.o ABSOLUTE
    ../clib/signal.s                         0x00000000   Number         0  defsig.o ABSOLUTE
    ../clib/stdlib.c                         0x00000000   Number         0  exit.o ABSOLUTE
    ../fplib/fpinit.s                        0x00000000   Number         0  fpinit.o ABSOLUTE
    ..\..\..\..\examples\periph\periph_pinint\pinint.c 0x00000000   Number         0  pinint.o ABSOLUTE
    ..\..\..\..\startup_code\keil_startup_lpc18xx43xx.s 0x00000000   Number         0  keil_startup_lpc18xx43xx.o ABSOLUTE
    ..\..\..\..\startup_code\sysinit.c       0x00000000   Number         0  sysinit.o ABSOLUTE
    ..\\..\\..\\..\\examples\\periph\\periph_pinint\\pinint.c 0x00000000   Number         0  pinint.o ABSOLUTE
    ..\\..\\..\\..\\startup_code\\sysinit.c  0x00000000   Number         0  sysinit.o ABSOLUTE
    ..\\chip_common\\fpu_init.c              0x00000000   Number         0  fpu_init.o ABSOLUTE
    ..\chip_common\fpu_init.c                0x00000000   Number         0  fpu_init.o ABSOLUTE
    ..\chip_common\ring_buffer.c             0x00000000   Number         0  ring_buffer.o ABSOLUTE
    board.c                                  0x00000000   Number         0  board.o ABSOLUTE
    board.c                                  0x00000000   Number         0  board.o ABSOLUTE
    board_sysinit.c                          0x00000000   Number         0  board_sysinit.o ABSOLUTE
    board_sysinit.c                          0x00000000   Number         0  board_sysinit.o ABSOLUTE
    chip_18xx_43xx.c                         0x00000000   Number         0  chip_18xx_43xx.o ABSOLUTE
    chip_18xx_43xx.c                         0x00000000   Number         0  chip_18xx_43xx.o ABSOLUTE
    clock_18xx_43xx.c                        0x00000000   Number         0  clock_18xx_43xx.o ABSOLUTE
    clock_18xx_43xx.c                        0x00000000   Number         0  clock_18xx_43xx.o ABSOLUTE
    dc.s                                     0x00000000   Number         0  dc.o ABSOLUTE
    gpio_18xx_43xx.c                         0x00000000   Number         0  gpio_18xx_43xx.o ABSOLUTE
    gpio_18xx_43xx.c                         0x00000000   Number         0  gpio_18xx_43xx.o ABSOLUTE
    scu_18xx_43xx.c                          0x00000000   Number         0  scu_18xx_43xx.o ABSOLUTE
    scu_18xx_43xx.c                          0x00000000   Number         0  scu_18xx_43xx.o ABSOLUTE
    sysinit_18xx_43xx.c                      0x00000000   Number         0  sysinit_18xx_43xx.o ABSOLUTE
    sysinit_18xx_43xx.c                      0x00000000   Number         0  sysinit_18xx_43xx.o ABSOLUTE
    uart_18xx_43xx.c                         0x00000000   Number         0  uart_18xx_43xx.o ABSOLUTE
    uart_18xx_43xx.c                         0x00000000   Number         0  uart_18xx_43xx.o ABSOLUTE
    .data                                    0x10000000   Section        4  chip_18xx_43xx.o(.data)
    .data                                    0x10000004   Section        8  clock_18xx_43xx.o(.data)
    audio_usb_pll_freq                       0x10000004   Data           8  clock_18xx_43xx.o(.data)
    .bss                                     0x1000000c   Section       96  libspace.o(.bss)
    HEAP                                     0x10000070   Section        0  keil_startup_lpc18xx43xx.o(HEAP)
    STACK                                    0x10000070   Section      768  keil_startup_lpc18xx43xx.o(STACK)
    Heap_Mem                                 0x10000070   Data           0  keil_startup_lpc18xx43xx.o(HEAP)
    Stack_Mem                                0x10000070   Data         768  keil_startup_lpc18xx43xx.o(STACK)
    __initial_sp                             0x10000370   Data           0  keil_startup_lpc18xx43xx.o(STACK)
    RESET                                    0x14000000   Section      276  keil_startup_lpc18xx43xx.o(RESET)
    !!!main                                  0x14000114   Section        8  __main.o(!!!main)
    !!!scatter                               0x1400011c   Section       52  __scatter.o(!!!scatter)
    !!handler_copy                           0x14000150   Section       26  __scatter_copy.o(!!handler_copy)
    !!handler_zi                             0x1400016c   Section       28  __scatter_zi.o(!!handler_zi)
    .ARM.Collect$$libinit$$00000000          0x14000188   Section        2  libinit.o(.ARM.Collect$$libinit$$00000000)
    .ARM.Collect$$libinit$$00000001          0x1400018a   Section        4  libinit2.o(.ARM.Collect$$libinit$$00000001)
    .ARM.Collect$$libinit$$00000004          0x1400018e   Section        0  libinit2.o(.ARM.Collect$$libinit$$00000004)
    .ARM.Collect$$libinit$$0000000A          0x1400018e   Section        0  libinit2.o(.ARM.Collect$$libinit$$0000000A)
    .ARM.Collect$$libinit$$0000000C          0x1400018e   Section        0  libinit2.o(.ARM.Collect$$libinit$$0000000C)
    .ARM.Collect$$libinit$$0000000E          0x1400018e   Section        0  libinit2.o(.ARM.Collect$$libinit$$0000000E)
    .ARM.Collect$$libinit$$00000011          0x1400018e   Section        0  libinit2.o(.ARM.Collect$$libinit$$00000011)
    .ARM.Collect$$libinit$$00000013          0x1400018e   Section        0  libinit2.o(.ARM.Collect$$libinit$$00000013)
    .ARM.Collect$$libinit$$00000015          0x1400018e   Section        0  libinit2.o(.ARM.Collect$$libinit$$00000015)
    .ARM.Collect$$libinit$$00000017          0x1400018e   Section        0  libinit2.o(.ARM.Collect$$libinit$$00000017)
    .ARM.Collect$$libinit$$00000019          0x1400018e   Section        0  libinit2.o(.ARM.Collect$$libinit$$00000019)
    .ARM.Collect$$libinit$$0000001B          0x1400018e   Section        0  libinit2.o(.ARM.Collect$$libinit$$0000001B)
    .ARM.Collect$$libinit$$0000001D          0x1400018e   Section        0  libinit2.o(.ARM.Collect$$libinit$$0000001D)
    .ARM.Collect$$libinit$$0000001F          0x1400018e   Section        0  libinit2.o(.ARM.Collect$$libinit$$0000001F)
    .ARM.Collect$$libinit$$00000021          0x1400018e   Section        0  libinit2.o(.ARM.Collect$$libinit$$00000021)
    .ARM.Collect$$libinit$$00000023          0x1400018e   Section        0  libinit2.o(.ARM.Collect$$libinit$$00000023)
    .ARM.Collect$$libinit$$00000025          0x1400018e   Section        0  libinit2.o(.ARM.Collect$$libinit$$00000025)
    .ARM.Collect$$libinit$$0000002C          0x1400018e   Section        0  libinit2.o(.ARM.Collect$$libinit$$0000002C)
    .ARM.Collect$$libinit$$0000002E          0x1400018e   Section        0  libinit2.o(.ARM.Collect$$libinit$$0000002E)
    .ARM.Collect$$libinit$$00000030          0x1400018e   Section        0  libinit2.o(.ARM.Collect$$libinit$$00000030)
    .ARM.Collect$$libinit$$00000032          0x1400018e   Section        0  libinit2.o(.ARM.Collect$$libinit$$00000032)
    .ARM.Collect$$libinit$$00000033          0x1400018e   Section        2  libinit2.o(.ARM.Collect$$libinit$$00000033)
    .ARM.Collect$$libshutdown$$00000000      0x14000190   Section        2  libshutdown.o(.ARM.Collect$$libshutdown$$00000000)
    .ARM.Collect$$libshutdown$$00000003      0x14000192   Section        0  libshutdown2.o(.ARM.Collect$$libshutdown$$00000003)
    .ARM.Collect$$libshutdown$$00000006      0x14000192   Section        0  libshutdown2.o(.ARM.Collect$$libshutdown$$00000006)
    .ARM.Collect$$libshutdown$$00000009      0x14000192   Section        0  libshutdown2.o(.ARM.Collect$$libshutdown$$00000009)
    .ARM.Collect$$libshutdown$$0000000B      0x14000192   Section        0  libshutdown2.o(.ARM.Collect$$libshutdown$$0000000B)
    .ARM.Collect$$libshutdown$$0000000E      0x14000192   Section        0  libshutdown2.o(.ARM.Collect$$libshutdown$$0000000E)
    .ARM.Collect$$libshutdown$$0000000F      0x14000192   Section        2  libshutdown2.o(.ARM.Collect$$libshutdown$$0000000F)
    .ARM.Collect$$rtentry$$00000000          0x14000194   Section        0  __rtentry.o(.ARM.Collect$$rtentry$$00000000)
    .ARM.Collect$$rtentry$$00000002          0x14000194   Section        0  __rtentry2.o(.ARM.Collect$$rtentry$$00000002)
    .ARM.Collect$$rtentry$$00000004          0x14000194   Section        6  __rtentry4.o(.ARM.Collect$$rtentry$$00000004)
    .ARM.Collect$$rtentry$$00000009          0x1400019a   Section        0  __rtentry2.o(.ARM.Collect$$rtentry$$00000009)
    .ARM.Collect$$rtentry$$0000000A          0x1400019a   Section        4  __rtentry2.o(.ARM.Collect$$rtentry$$0000000A)
    .ARM.Collect$$rtentry$$0000000C          0x1400019e   Section        0  __rtentry2.o(.ARM.Collect$$rtentry$$0000000C)
    .ARM.Collect$$rtentry$$0000000D          0x1400019e   Section        8  __rtentry2.o(.ARM.Collect$$rtentry$$0000000D)
    .ARM.Collect$$rtexit$$00000000           0x140001a6   Section        2  rtexit.o(.ARM.Collect$$rtexit$$00000000)
    .ARM.Collect$$rtexit$$00000002           0x140001a8   Section        0  rtexit2.o(.ARM.Collect$$rtexit$$00000002)
    .ARM.Collect$$rtexit$$00000003           0x140001a8   Section        4  rtexit2.o(.ARM.Collect$$rtexit$$00000003)
    .ARM.Collect$$rtexit$$00000004           0x140001ac   Section        6  rtexit2.o(.ARM.Collect$$rtexit$$00000004)
    .text                                    0x140001b4   Section       64  keil_startup_lpc18xx43xx.o(.text)
    $v0                                      0x140001b4   Number         0  keil_startup_lpc18xx43xx.o(.text)
    .text                                    0x140001f4   Section        0  heapauxi.o(.text)
    .text                                    0x140001fa   Section       74  sys_stackheap_outer.o(.text)
    .text                                    0x14000244   Section        0  exit.o(.text)
    .text                                    0x14000250   Section        8  libspace.o(.text)
    i.Board_Debug_Init                       0x14000258   Section        0  board.o(i.Board_Debug_Init)
    i.Board_Init                             0x14000280   Section        0  board.o(i.Board_Init)
    i.Board_LED_Set                          0x140002c4   Section        0  board.o(i.Board_LED_Set)
    i.Board_LED_Test                         0x140002d4   Section        0  board.o(i.Board_LED_Test)
    i.Board_LED_Toggle                       0x140002ec   Section        0  board.o(i.Board_LED_Toggle)
    i.Board_SetupClocking                    0x14000304   Section        0  board_sysinit.o(i.Board_SetupClocking)
    i.Board_SetupMuxing                      0x1400037c   Section        0  board_sysinit.o(i.Board_SetupMuxing)
    i.Board_SystemInit                       0x14000398   Section        0  board_sysinit.o(i.Board_SystemInit)
    i.Board_UART_Init                        0x140003a8   Section        0  board.o(i.Board_UART_Init)
    i.Chip_Clock_DisableMainPLL              0x140003d4   Section        0  clock_18xx_43xx.o(i.Chip_Clock_DisableMainPLL)
    i.Chip_Clock_EnableCrystal               0x140003e4   Section        0  clock_18xx_43xx.o(i.Chip_Clock_EnableCrystal)
    i.Chip_Clock_EnableOpts                  0x14000428   Section        0  clock_18xx_43xx.o(i.Chip_Clock_EnableOpts)
    i.Chip_Clock_GetBaseClock                0x1400045c   Section        0  clock_18xx_43xx.o(i.Chip_Clock_GetBaseClock)
    i.Chip_Clock_GetBaseClocktHz             0x1400047c   Section        0  clock_18xx_43xx.o(i.Chip_Clock_GetBaseClocktHz)
    i.Chip_Clock_GetClockInputHz             0x1400048c   Section        0  clock_18xx_43xx.o(i.Chip_Clock_GetClockInputHz)
    i.Chip_Clock_GetDivRate                  0x1400052c   Section        0  clock_18xx_43xx.o(i.Chip_Clock_GetDivRate)
    Chip_Clock_GetDivRate                    0x1400052d   Thumb Code    34  clock_18xx_43xx.o(i.Chip_Clock_GetDivRate)
    i.Chip_Clock_GetDividerDivisor           0x14000550   Section        0  clock_18xx_43xx.o(i.Chip_Clock_GetDividerDivisor)
    i.Chip_Clock_GetDividerSource            0x14000570   Section        0  clock_18xx_43xx.o(i.Chip_Clock_GetDividerSource)
    i.Chip_Clock_GetMainPLLHz                0x1400058c   Section        0  clock_18xx_43xx.o(i.Chip_Clock_GetMainPLLHz)
    i.Chip_Clock_GetRate                     0x140005e8   Section        0  clock_18xx_43xx.o(i.Chip_Clock_GetRate)
    i.Chip_Clock_SetBaseClock                0x14000660   Section        0  clock_18xx_43xx.o(i.Chip_Clock_SetBaseClock)
    i.Chip_Clock_SetDivider                  0x14000698   Section        0  clock_18xx_43xx.o(i.Chip_Clock_SetDivider)
    i.Chip_Clock_SetupMainPLLHz              0x140006dc   Section        0  clock_18xx_43xx.o(i.Chip_Clock_SetupMainPLLHz)
    i.Chip_Clock_SetupMainPLLMult            0x14000760   Section        0  clock_18xx_43xx.o(i.Chip_Clock_SetupMainPLLMult)
    i.Chip_Clock_TestMainPLLMultiplier       0x140007e8   Section        0  clock_18xx_43xx.o(i.Chip_Clock_TestMainPLLMultiplier)
    Chip_Clock_TestMainPLLMultiplier         0x140007e9   Thumb Code    20  clock_18xx_43xx.o(i.Chip_Clock_TestMainPLLMultiplier)
    i.Chip_GPIO_Init                         0x14000800   Section        0  gpio_18xx_43xx.o(i.Chip_GPIO_Init)
    i.Chip_GPIO_SetPinDIROutput              0x14000802   Section        0  board.o(i.Chip_GPIO_SetPinDIROutput)
    Chip_GPIO_SetPinDIROutput                0x14000803   Thumb Code    20  board.o(i.Chip_GPIO_SetPinDIROutput)
    i.Chip_SCU_GPIOIntPinSel                 0x14000818   Section        0  scu_18xx_43xx.o(i.Chip_SCU_GPIOIntPinSel)
    i.Chip_SCU_SetPinMuxing                  0x14000850   Section        0  board_sysinit.o(i.Chip_SCU_SetPinMuxing)
    Chip_SCU_SetPinMuxing                    0x14000851   Thumb Code    36  board_sysinit.o(i.Chip_SCU_SetPinMuxing)
    i.Chip_SetupCoreClock                    0x14000878   Section        0  sysinit_18xx_43xx.o(i.Chip_SetupCoreClock)
    i.Chip_UART_GetClockIndex                0x140008f4   Section        0  uart_18xx_43xx.o(i.Chip_UART_GetClockIndex)
    Chip_UART_GetClockIndex                  0x140008f5   Thumb Code    34  uart_18xx_43xx.o(i.Chip_UART_GetClockIndex)
    i.Chip_UART_Init                         0x14000924   Section        0  uart_18xx_43xx.o(i.Chip_UART_Init)
    i.Chip_UART_SetBaud                      0x14000964   Section        0  uart_18xx_43xx.o(i.Chip_UART_SetBaud)
    i.GPIO0_IRQHandler                       0x140009a0   Section        0  pinint.o(i.GPIO0_IRQHandler)
    i.SystemCoreClockUpdate                  0x140009b0   Section        0  chip_18xx_43xx.o(i.SystemCoreClockUpdate)
    i.SystemInit                             0x140009c4   Section        0  sysinit.o(i.SystemInit)
    i._sys_exit                              0x140009e0   Section        0  board.o(i._sys_exit)
    i.fpuInit                                0x140009e4   Section        0  fpu_init.o(i.fpuInit)
    i.main                                   0x14000a20   Section        0  pinint.o(i.main)
    x$fpl$fpinit                             0x14000a78   Section       10  fpinit.o(x$fpl$fpinit)
    $v0                                      0x14000a78   Number         0  fpinit.o(x$fpl$fpinit)
    .constdata                               0x14000a84   Section        4  board.o(.constdata)
    .constdata                               0x14000a88   Section        4  board.o(.constdata)
    .constdata                               0x14000a8c   Section       64  board_sysinit.o(.constdata)
    InitClkStates                            0x14000a8c   Data          16  board_sysinit.o(.constdata)
    spifipinmuxing                           0x14000a9c   Data          24  board_sysinit.o(.constdata)
    pinmuxing                                0x14000ab4   Data          24  board_sysinit.o(.constdata)
    .constdata                               0x14000acc   Section      108  clock_18xx_43xx.o(.constdata)
    periph_to_base                           0x14000acc   Data         108  clock_18xx_43xx.o(.constdata)
    .constdata                               0x14000b38   Section       72  sysinit_18xx_43xx.o(.constdata)
    InitClkStates                            0x14000b38   Data          72  sysinit_18xx_43xx.o(.constdata)

    Global Symbols

    Symbol Name                              Value     Ov Type        Size  Object(Section)

    BuildAttributes$$THM_ISAv4$E$P$D$K$B$S$7EM$VFPi3$EXTD16$VFPS$VFMA$PE$A:L22UL41UL21$X:L11$S22US41US21$IEEE1$IW$USESV6$~STKCKD$USESV7$~SHL$OSPACE$ROPI$EBA8$UX$STANDARDLIB$REQ8$PRES8$EABIv2 0x00000000   Number         0  anon$$obj.o ABSOLUTE
    __ARM_use_no_argv                        0x00000000   Number         0  pinint.o ABSOLUTE
    __ARM_exceptions_init                     - Undefined Weak Reference
    __alloca_initialize                       - Undefined Weak Reference
    __arm_preinit_                            - Undefined Weak Reference
    __cpp_initialize__aeabi_                  - Undefined Weak Reference
    __cxa_finalize                            - Undefined Weak Reference
    __rt_locale                               - Undefined Weak Reference
    __sigvec_lookup                           - Undefined Weak Reference
    _atexit_init                              - Undefined Weak Reference
    _call_atexit_fns                          - Undefined Weak Reference
    _clock_init                               - Undefined Weak Reference
    _fp_trap_init                             - Undefined Weak Reference
    _fp_trap_shutdown                         - Undefined Weak Reference
    _get_lc_collate                           - Undefined Weak Reference
    _get_lc_ctype                             - Undefined Weak Reference
    _get_lc_monetary                          - Undefined Weak Reference
    _get_lc_numeric                           - Undefined Weak Reference
    _get_lc_time                              - Undefined Weak Reference
    _getenv_init                              - Undefined Weak Reference
    _handle_redirection                       - Undefined Weak Reference
    _init_alloc                               - Undefined Weak Reference
    _init_user_alloc                          - Undefined Weak Reference
    _initio                                   - Undefined Weak Reference
    _rand_init                                - Undefined Weak Reference
    _signal_finish                            - Undefined Weak Reference
    _signal_init                              - Undefined Weak Reference
    _terminate_alloc                          - Undefined Weak Reference
    _terminate_user_alloc                     - Undefined Weak Reference
    _terminateio                              - Undefined Weak Reference
    SystemCoreClock                          0x10000000   Data           4  chip_18xx_43xx.o(.data)
    __libspace_start                         0x1000000c   Data          96  libspace.o(.bss)
    __temporary_stack_top$libspace           0x1000006c   Data           0  libspace.o(.bss)
    __Vectors                                0x14000000   Data           4  keil_startup_lpc18xx43xx.o(RESET)
    __main                                   0x14000115   Thumb Code     8  __main.o(!!!main)
    __scatterload                            0x1400011d   Thumb Code     0  __scatter.o(!!!scatter)
    __scatterload_rt2                        0x1400011d   Thumb Code    44  __scatter.o(!!!scatter)
    __scatterload_rt2_thumb_only             0x1400011d   Thumb Code     0  __scatter.o(!!!scatter)
    __scatterload_null                       0x1400012b   Thumb Code     0  __scatter.o(!!!scatter)
    __scatterload_copy                       0x14000151   Thumb Code    26  __scatter_copy.o(!!handler_copy)
    __scatterload_zeroinit                   0x1400016d   Thumb Code    28  __scatter_zi.o(!!handler_zi)
    __rt_lib_init                            0x14000189   Thumb Code     0  libinit.o(.ARM.Collect$$libinit$$00000000)
    __rt_lib_init_fp_1                       0x1400018b   Thumb Code     0  libinit2.o(.ARM.Collect$$libinit$$00000001)
    __rt_lib_init_alloca_1                   0x1400018f   Thumb Code     0  libinit2.o(.ARM.Collect$$libinit$$0000002E)
    __rt_lib_init_argv_1                     0x1400018f   Thumb Code     0  libinit2.o(.ARM.Collect$$libinit$$0000002C)
    __rt_lib_init_atexit_1                   0x1400018f   Thumb Code     0  libinit2.o(.ARM.Collect$$libinit$$0000001B)
    __rt_lib_init_clock_1                    0x1400018f   Thumb Code     0  libinit2.o(.ARM.Collect$$libinit$$00000021)
    __rt_lib_init_cpp_1                      0x1400018f   Thumb Code     0  libinit2.o(.ARM.Collect$$libinit$$00000032)
    __rt_lib_init_exceptions_1               0x1400018f   Thumb Code     0  libinit2.o(.ARM.Collect$$libinit$$00000030)
    __rt_lib_init_fp_trap_1                  0x1400018f   Thumb Code     0  libinit2.o(.ARM.Collect$$libinit$$0000001F)
    __rt_lib_init_getenv_1                   0x1400018f   Thumb Code     0  libinit2.o(.ARM.Collect$$libinit$$00000023)
    __rt_lib_init_heap_1                     0x1400018f   Thumb Code     0  libinit2.o(.ARM.Collect$$libinit$$0000000A)
    __rt_lib_init_lc_collate_1               0x1400018f   Thumb Code     0  libinit2.o(.ARM.Collect$$libinit$$00000011)
    __rt_lib_init_lc_ctype_1                 0x1400018f   Thumb Code     0  libinit2.o(.ARM.Collect$$libinit$$00000013)
    __rt_lib_init_lc_monetary_1              0x1400018f   Thumb Code     0  libinit2.o(.ARM.Collect$$libinit$$00000015)
    __rt_lib_init_lc_numeric_1               0x1400018f   Thumb Code     0  libinit2.o(.ARM.Collect$$libinit$$00000017)
    __rt_lib_init_lc_time_1                  0x1400018f   Thumb Code     0  libinit2.o(.ARM.Collect$$libinit$$00000019)
    __rt_lib_init_preinit_1                  0x1400018f   Thumb Code     0  libinit2.o(.ARM.Collect$$libinit$$00000004)
    __rt_lib_init_rand_1                     0x1400018f   Thumb Code     0  libinit2.o(.ARM.Collect$$libinit$$0000000E)
    __rt_lib_init_return                     0x1400018f   Thumb Code     0  libinit2.o(.ARM.Collect$$libinit$$00000033)
    __rt_lib_init_signal_1                   0x1400018f   Thumb Code     0  libinit2.o(.ARM.Collect$$libinit$$0000001D)
    __rt_lib_init_stdio_1                    0x1400018f   Thumb Code     0  libinit2.o(.ARM.Collect$$libinit$$00000025)
    __rt_lib_init_user_alloc_1               0x1400018f   Thumb Code     0  libinit2.o(.ARM.Collect$$libinit$$0000000C)
    __rt_lib_shutdown                        0x14000191   Thumb Code     0  libshutdown.o(.ARM.Collect$$libshutdown$$00000000)
    __rt_lib_shutdown_fp_trap_1              0x14000193   Thumb Code     0  libshutdown2.o(.ARM.Collect$$libshutdown$$00000006)
    __rt_lib_shutdown_heap_1                 0x14000193   Thumb Code     0  libshutdown2.o(.ARM.Collect$$libshutdown$$0000000E)
    __rt_lib_shutdown_return                 0x14000193   Thumb Code     0  libshutdown2.o(.ARM.Collect$$libshutdown$$0000000F)
    __rt_lib_shutdown_signal_1               0x14000193   Thumb Code     0  libshutdown2.o(.ARM.Collect$$libshutdown$$00000009)
    __rt_lib_shutdown_stdio_1                0x14000193   Thumb Code     0  libshutdown2.o(.ARM.Collect$$libshutdown$$00000003)
    __rt_lib_shutdown_user_alloc_1           0x14000193   Thumb Code     0  libshutdown2.o(.ARM.Collect$$libshutdown$$0000000B)
    __rt_entry                               0x14000195   Thumb Code     0  __rtentry.o(.ARM.Collect$$rtentry$$00000000)
    __rt_entry_presh_1                       0x14000195   Thumb Code     0  __rtentry2.o(.ARM.Collect$$rtentry$$00000002)
    __rt_entry_sh                            0x14000195   Thumb Code     0  __rtentry4.o(.ARM.Collect$$rtentry$$00000004)
    __rt_entry_li                            0x1400019b   Thumb Code     0  __rtentry2.o(.ARM.Collect$$rtentry$$0000000A)
    __rt_entry_postsh_1                      0x1400019b   Thumb Code     0  __rtentry2.o(.ARM.Collect$$rtentry$$00000009)
    __rt_entry_main                          0x1400019f   Thumb Code     0  __rtentry2.o(.ARM.Collect$$rtentry$$0000000D)
    __rt_entry_postli_1                      0x1400019f   Thumb Code     0  __rtentry2.o(.ARM.Collect$$rtentry$$0000000C)
    __rt_exit                                0x140001a7   Thumb Code     0  rtexit.o(.ARM.Collect$$rtexit$$00000000)
    __rt_exit_ls                             0x140001a9   Thumb Code     0  rtexit2.o(.ARM.Collect$$rtexit$$00000003)
    __rt_exit_prels_1                        0x140001a9   Thumb Code     0  rtexit2.o(.ARM.Collect$$rtexit$$00000002)
    __rt_exit_exit                           0x140001ad   Thumb Code     0  rtexit2.o(.ARM.Collect$$rtexit$$00000004)
    Reset_Handler                            0x140001b5   Thumb Code     8  keil_startup_lpc18xx43xx.o(.text)
    NMI_Handler                              0x140001bd   Thumb Code     2  keil_startup_lpc18xx43xx.o(.text)
    HardFault_Handler                        0x140001bf   Thumb Code     2  keil_startup_lpc18xx43xx.o(.text)
    MemManage_Handler                        0x140001c1   Thumb Code     2  keil_startup_lpc18xx43xx.o(.text)
    BusFault_Handler                         0x140001c3   Thumb Code     2  keil_startup_lpc18xx43xx.o(.text)
    UsageFault_Handler                       0x140001c5   Thumb Code     2  keil_startup_lpc18xx43xx.o(.text)
    SVC_Handler                              0x140001c7   Thumb Code     2  keil_startup_lpc18xx43xx.o(.text)
    DebugMon_Handler                         0x140001c9   Thumb Code     2  keil_startup_lpc18xx43xx.o(.text)
    PendSV_Handler                           0x140001cb   Thumb Code     2  keil_startup_lpc18xx43xx.o(.text)
    SysTick_Handler                          0x140001cd   Thumb Code     2  keil_startup_lpc18xx43xx.o(.text)
    UnHandled_Vector                         0x140001cf   Thumb Code     2  keil_startup_lpc18xx43xx.o(.text)
    ADC0_IRQHandler                          0x140001d1   Thumb Code     0  keil_startup_lpc18xx43xx.o(.text)
    ADC1_IRQHandler                          0x140001d1   Thumb Code     0  keil_startup_lpc18xx43xx.o(.text)
    ADCHS_IRQHandler                         0x140001d1   Thumb Code     0  keil_startup_lpc18xx43xx.o(.text)
    ATIMER_IRQHandler                        0x140001d1   Thumb Code     0  keil_startup_lpc18xx43xx.o(.text)
    CAN0_IRQHandler                          0x140001d1   Thumb Code     0  keil_startup_lpc18xx43xx.o(.text)
    CAN1_IRQHandler                          0x140001d1   Thumb Code     0  keil_startup_lpc18xx43xx.o(.text)
    DAC_IRQHandler                           0x140001d1   Thumb Code     0  keil_startup_lpc18xx43xx.o(.text)
    DMA_IRQHandler                           0x140001d1   Thumb Code     0  keil_startup_lpc18xx43xx.o(.text)
    ETH_IRQHandler                           0x140001d1   Thumb Code     0  keil_startup_lpc18xx43xx.o(.text)
    EVRT_IRQHandler                          0x140001d1   Thumb Code     0  keil_startup_lpc18xx43xx.o(.text)
    FLASH_EEPROM_IRQHandler                  0x140001d1   Thumb Code     0  keil_startup_lpc18xx43xx.o(.text)
    GINT0_IRQHandler                         0x140001d1   Thumb Code     0  keil_startup_lpc18xx43xx.o(.text)
    GINT1_IRQHandler                         0x140001d1   Thumb Code     0  keil_startup_lpc18xx43xx.o(.text)
    GPIO1_IRQHandler                         0x140001d1   Thumb Code     0  keil_startup_lpc18xx43xx.o(.text)
    GPIO2_IRQHandler                         0x140001d1   Thumb Code     0  keil_startup_lpc18xx43xx.o(.text)
    GPIO3_IRQHandler                         0x140001d1   Thumb Code     0  keil_startup_lpc18xx43xx.o(.text)
    GPIO4_IRQHandler                         0x140001d1   Thumb Code     0  keil_startup_lpc18xx43xx.o(.text)
    GPIO5_IRQHandler                         0x140001d1   Thumb Code     0  keil_startup_lpc18xx43xx.o(.text)
    GPIO6_IRQHandler                         0x140001d1   Thumb Code     0  keil_startup_lpc18xx43xx.o(.text)
    GPIO7_IRQHandler                         0x140001d1   Thumb Code     0  keil_startup_lpc18xx43xx.o(.text)
    I2C0_IRQHandler                          0x140001d1   Thumb Code     0  keil_startup_lpc18xx43xx.o(.text)
    I2C1_IRQHandler                          0x140001d1   Thumb Code     0  keil_startup_lpc18xx43xx.o(.text)
    I2S0_IRQHandler                          0x140001d1   Thumb Code     0  keil_startup_lpc18xx43xx.o(.text)
    I2S1_IRQHandler                          0x140001d1   Thumb Code     0  keil_startup_lpc18xx43xx.o(.text)
    LCD_IRQHandler                           0x140001d1   Thumb Code     0  keil_startup_lpc18xx43xx.o(.text)
    M0APP_IRQHandler                         0x140001d1   Thumb Code     0  keil_startup_lpc18xx43xx.o(.text)
    M0SUB_IRQHandler                         0x140001d1   Thumb Code     0  keil_startup_lpc18xx43xx.o(.text)
    MCPWM_IRQHandler                         0x140001d1   Thumb Code     0  keil_startup_lpc18xx43xx.o(.text)
    QEI_IRQHandler                           0x140001d1   Thumb Code     0  keil_startup_lpc18xx43xx.o(.text)
    RIT_IRQHandler                           0x140001d1   Thumb Code     0  keil_startup_lpc18xx43xx.o(.text)
    RTC_IRQHandler                           0x140001d1   Thumb Code     0  keil_startup_lpc18xx43xx.o(.text)
    SCT_IRQHandler                           0x140001d1   Thumb Code     0  keil_startup_lpc18xx43xx.o(.text)
    SDIO_IRQHandler                          0x140001d1   Thumb Code     0  keil_startup_lpc18xx43xx.o(.text)
    SGPIO_IRQHandler                         0x140001d1   Thumb Code     0  keil_startup_lpc18xx43xx.o(.text)
    SPIFI_IRQHandler                         0x140001d1   Thumb Code     0  keil_startup_lpc18xx43xx.o(.text)
    SPI_IRQHandler                           0x140001d1   Thumb Code     0  keil_startup_lpc18xx43xx.o(.text)
    SSP0_IRQHandler                          0x140001d1   Thumb Code     0  keil_startup_lpc18xx43xx.o(.text)
    SSP1_IRQHandler                          0x140001d1   Thumb Code     0  keil_startup_lpc18xx43xx.o(.text)
    TIMER0_IRQHandler                        0x140001d1   Thumb Code     0  keil_startup_lpc18xx43xx.o(.text)
    TIMER1_IRQHandler                        0x140001d1   Thumb Code     0  keil_startup_lpc18xx43xx.o(.text)
    TIMER2_IRQHandler                        0x140001d1   Thumb Code     0  keil_startup_lpc18xx43xx.o(.text)
    TIMER3_IRQHandler                        0x140001d1   Thumb Code     0  keil_startup_lpc18xx43xx.o(.text)
    UART0_IRQHandler                         0x140001d1   Thumb Code     0  keil_startup_lpc18xx43xx.o(.text)
    UART1_IRQHandler                         0x140001d1   Thumb Code     0  keil_startup_lpc18xx43xx.o(.text)
    UART2_IRQHandler                         0x140001d1   Thumb Code     0  keil_startup_lpc18xx43xx.o(.text)
    UART3_IRQHandler                         0x140001d1   Thumb Code     0  keil_startup_lpc18xx43xx.o(.text)
    USB0_IRQHandler                          0x140001d1   Thumb Code     0  keil_startup_lpc18xx43xx.o(.text)
    USB1_IRQHandler                          0x140001d1   Thumb Code     0  keil_startup_lpc18xx43xx.o(.text)
    WDT_IRQHandler                           0x140001d1   Thumb Code     0  keil_startup_lpc18xx43xx.o(.text)
    __user_initial_stackheap                 0x140001d5   Thumb Code     0  keil_startup_lpc18xx43xx.o(.text)
    __use_two_region_memory                  0x140001f5   Thumb Code     2  heapauxi.o(.text)
    __rt_heap_escrow$2region                 0x140001f7   Thumb Code     2  heapauxi.o(.text)
    __rt_heap_expand$2region                 0x140001f9   Thumb Code     2  heapauxi.o(.text)
    __user_setup_stackheap                   0x140001fb   Thumb Code    74  sys_stackheap_outer.o(.text)
    exit                                     0x14000245   Thumb Code    12  exit.o(.text)
    __user_libspace                          0x14000251   Thumb Code     8  libspace.o(.text)
    __user_perproc_libspace                  0x14000251   Thumb Code     0  libspace.o(.text)
    __user_perthread_libspace                0x14000251   Thumb Code     0  libspace.o(.text)
    Board_Debug_Init                         0x14000259   Thumb Code    36  board.o(i.Board_Debug_Init)
    Board_Init                               0x14000281   Thumb Code    62  board.o(i.Board_Init)
    Board_LED_Set                            0x140002c5   Thumb Code    10  board.o(i.Board_LED_Set)
    Board_LED_Test                           0x140002d5   Thumb Code    20  board.o(i.Board_LED_Test)
    Board_LED_Toggle                         0x140002ed   Thumb Code    22  board.o(i.Board_LED_Toggle)
    Board_SetupClocking                      0x14000305   Thumb Code   102  board_sysinit.o(i.Board_SetupClocking)
    Board_SetupMuxing                        0x1400037d   Thumb Code    24  board_sysinit.o(i.Board_SetupMuxing)
    Board_SystemInit                         0x14000399   Thumb Code    14  board_sysinit.o(i.Board_SystemInit)
    Board_UART_Init                          0x140003a9   Thumb Code    26  board.o(i.Board_UART_Init)
    Chip_Clock_DisableMainPLL                0x140003d5   Thumb Code    12  clock_18xx_43xx.o(i.Chip_Clock_DisableMainPLL)
    Chip_Clock_EnableCrystal                 0x140003e5   Thumb Code    54  clock_18xx_43xx.o(i.Chip_Clock_EnableCrystal)
    Chip_Clock_EnableOpts                    0x14000429   Thumb Code    46  clock_18xx_43xx.o(i.Chip_Clock_EnableOpts)
    Chip_Clock_GetBaseClock                  0x1400045d   Thumb Code    26  clock_18xx_43xx.o(i.Chip_Clock_GetBaseClock)
    Chip_Clock_GetBaseClocktHz               0x1400047d   Thumb Code    14  clock_18xx_43xx.o(i.Chip_Clock_GetBaseClocktHz)
    Chip_Clock_GetClockInputHz               0x1400048d   Thumb Code   132  clock_18xx_43xx.o(i.Chip_Clock_GetClockInputHz)
    Chip_Clock_GetDividerDivisor             0x14000551   Thumb Code    18  clock_18xx_43xx.o(i.Chip_Clock_GetDividerDivisor)
    Chip_Clock_GetDividerSource              0x14000571   Thumb Code    22  clock_18xx_43xx.o(i.Chip_Clock_GetDividerSource)
    Chip_Clock_GetMainPLLHz                  0x1400058d   Thumb Code    84  clock_18xx_43xx.o(i.Chip_Clock_GetMainPLLHz)
    Chip_Clock_GetRate                       0x140005e9   Thumb Code   112  clock_18xx_43xx.o(i.Chip_Clock_GetRate)
    Chip_Clock_SetBaseClock                  0x14000661   Thumb Code    48  clock_18xx_43xx.o(i.Chip_Clock_SetBaseClock)
    Chip_Clock_SetDivider                    0x14000699   Thumb Code    50  clock_18xx_43xx.o(i.Chip_Clock_SetDivider)
    Chip_Clock_SetupMainPLLHz                0x140006dd   Thumb Code   130  clock_18xx_43xx.o(i.Chip_Clock_SetupMainPLLHz)
    Chip_Clock_SetupMainPLLMult              0x14000761   Thumb Code   118  clock_18xx_43xx.o(i.Chip_Clock_SetupMainPLLMult)
    Chip_GPIO_Init                           0x14000801   Thumb Code     2  gpio_18xx_43xx.o(i.Chip_GPIO_Init)
    Chip_SCU_GPIOIntPinSel                   0x14000819   Thumb Code    50  scu_18xx_43xx.o(i.Chip_SCU_GPIOIntPinSel)
    Chip_SetupCoreClock                      0x14000879   Thumb Code   106  sysinit_18xx_43xx.o(i.Chip_SetupCoreClock)
    Chip_UART_Init                           0x14000925   Thumb Code    58  uart_18xx_43xx.o(i.Chip_UART_Init)
    Chip_UART_SetBaud                        0x14000965   Thumb Code    58  uart_18xx_43xx.o(i.Chip_UART_SetBaud)
    GPIO0_IRQHandler                         0x140009a1   Thumb Code    12  pinint.o(i.GPIO0_IRQHandler)
    SystemCoreClockUpdate                    0x140009b1   Thumb Code    14  chip_18xx_43xx.o(i.SystemCoreClockUpdate)
    SystemInit                               0x140009c5   Thumb Code    20  sysinit.o(i.SystemInit)
    _sys_exit                                0x140009e1   Thumb Code     4  board.o(i._sys_exit)
    fpuInit                                  0x140009e5   Thumb Code    46  fpu_init.o(i.fpuInit)
    main                                     0x14000a21   Thumb Code    70  pinint.o(i.main)
    _fp_init                                 0x14000a79   Thumb Code    10  fpinit.o(x$fpl$fpinit)
    __fplib_config_fpu_vfp                   0x14000a81   Thumb Code     0  fpinit.o(x$fpl$fpinit)
    __fplib_config_pureend_doubles           0x14000a81   Thumb Code     0  fpinit.o(x$fpl$fpinit)
    ExtRateIn                                0x14000a84   Data           4  board.o(.constdata)
    OscRateIn                                0x14000a88   Data           4  board.o(.constdata)
    Region$$Table$$Base                      0x14000b80   Number         0  anon$$obj.o(Region$$Table)
    Region$$Table$$Limit                     0x14000ba0   Number         0  anon$$obj.o(Region$$Table)



==============================================================================

Memory Map of the image

  Image Entry point : 0x14000115

  Load Region LR_IROM1 (Base: 0x14000000, Size: 0x00000bac, Max: 0x00400000, ABSOLUTE)

    Execution Region RW_IRAM1 (Base: 0x10000000, Size: 0x00000370, Max: 0x00020000, ABSOLUTE)

    Base Addr    Size         Type   Attr      Idx    E Section Name        Object

    0x10000000   0x00000004   Data   RW          276    .data               lib_lpc_chip_43xx.lib(chip_18xx_43xx.o)
    0x10000004   0x00000008   Data   RW          978    .data               lib_lpc_chip_43xx.lib(clock_18xx_43xx.o)
    0x1000000c   0x00000060   Zero   RW         1474    .bss                c_w.l(libspace.o)
    0x1000006c   0x00000004   PAD
    0x10000070   0x00000000   Zero   RW          263    HEAP                keil_startup_lpc18xx43xx.o
    0x10000070   0x00000300   Zero   RW          262    STACK               keil_startup_lpc18xx43xx.o


    Execution Region ER_IROM1 (Base: 0x14000000, Size: 0x00000ba0, Max: 0x00400000, ABSOLUTE)

    Base Addr    Size         Type   Attr      Idx    E Section Name        Object

    0x14000000   0x00000114   Data   RO          264    RESET               keil_startup_lpc18xx43xx.o
    0x14000114   0x00000008   Code   RO         1433  * !!!main             c_w.l(__main.o)
    0x1400011c   0x00000034   Code   RO         1599    !!!scatter          c_w.l(__scatter.o)
    0x14000150   0x0000001a   Code   RO         1601    !!handler_copy      c_w.l(__scatter_copy.o)
    0x1400016a   0x00000002   PAD
    0x1400016c   0x0000001c   Code   RO         1603    !!handler_zi        c_w.l(__scatter_zi.o)
    0x14000188   0x00000002   Code   RO         1472    .ARM.Collect$$libinit$$00000000  c_w.l(libinit.o)
    0x1400018a   0x00000004   Code   RO         1484    .ARM.Collect$$libinit$$00000001  c_w.l(libinit2.o)
    0x1400018e   0x00000000   Code   RO         1487    .ARM.Collect$$libinit$$00000004  c_w.l(libinit2.o)
    0x1400018e   0x00000000   Code   RO         1490    .ARM.Collect$$libinit$$0000000A  c_w.l(libinit2.o)
    0x1400018e   0x00000000   Code   RO         1492    .ARM.Collect$$libinit$$0000000C  c_w.l(libinit2.o)
    0x1400018e   0x00000000   Code   RO         1494    .ARM.Collect$$libinit$$0000000E  c_w.l(libinit2.o)
    0x1400018e   0x00000000   Code   RO         1497    .ARM.Collect$$libinit$$00000011  c_w.l(libinit2.o)
    0x1400018e   0x00000000   Code   RO         1499    .ARM.Collect$$libinit$$00000013  c_w.l(libinit2.o)
    0x1400018e   0x00000000   Code   RO         1501    .ARM.Collect$$libinit$$00000015  c_w.l(libinit2.o)
    0x1400018e   0x00000000   Code   RO         1503    .ARM.Collect$$libinit$$00000017  c_w.l(libinit2.o)
    0x1400018e   0x00000000   Code   RO         1505    .ARM.Collect$$libinit$$00000019  c_w.l(libinit2.o)
    0x1400018e   0x00000000   Code   RO         1507    .ARM.Collect$$libinit$$0000001B  c_w.l(libinit2.o)
    0x1400018e   0x00000000   Code   RO         1509    .ARM.Collect$$libinit$$0000001D  c_w.l(libinit2.o)
    0x1400018e   0x00000000   Code   RO         1511    .ARM.Collect$$libinit$$0000001F  c_w.l(libinit2.o)
    0x1400018e   0x00000000   Code   RO         1513    .ARM.Collect$$libinit$$00000021  c_w.l(libinit2.o)
    0x1400018e   0x00000000   Code   RO         1515    .ARM.Collect$$libinit$$00000023  c_w.l(libinit2.o)
    0x1400018e   0x00000000   Code   RO         1517    .ARM.Collect$$libinit$$00000025  c_w.l(libinit2.o)
    0x1400018e   0x00000000   Code   RO         1521    .ARM.Collect$$libinit$$0000002C  c_w.l(libinit2.o)
    0x1400018e   0x00000000   Code   RO         1523    .ARM.Collect$$libinit$$0000002E  c_w.l(libinit2.o)
    0x1400018e   0x00000000   Code   RO         1525    .ARM.Collect$$libinit$$00000030  c_w.l(libinit2.o)
    0x1400018e   0x00000000   Code   RO         1527    .ARM.Collect$$libinit$$00000032  c_w.l(libinit2.o)
    0x1400018e   0x00000002   Code   RO         1528    .ARM.Collect$$libinit$$00000033  c_w.l(libinit2.o)
    0x14000190   0x00000002   Code   RO         1554    .ARM.Collect$$libshutdown$$00000000  c_w.l(libshutdown.o)
    0x14000192   0x00000000   Code   RO         1584    .ARM.Collect$$libshutdown$$00000003  c_w.l(libshutdown2.o)
    0x14000192   0x00000000   Code   RO         1587    .ARM.Collect$$libshutdown$$00000006  c_w.l(libshutdown2.o)
    0x14000192   0x00000000   Code   RO         1590    .ARM.Collect$$libshutdown$$00000009  c_w.l(libshutdown2.o)
    0x14000192   0x00000000   Code   RO         1592    .ARM.Collect$$libshutdown$$0000000B  c_w.l(libshutdown2.o)
    0x14000192   0x00000000   Code   RO         1595    .ARM.Collect$$libshutdown$$0000000E  c_w.l(libshutdown2.o)
    0x14000192   0x00000002   Code   RO         1596    .ARM.Collect$$libshutdown$$0000000F  c_w.l(libshutdown2.o)
    0x14000194   0x00000000   Code   RO         1435    .ARM.Collect$$rtentry$$00000000  c_w.l(__rtentry.o)
    0x14000194   0x00000000   Code   RO         1443    .ARM.Collect$$rtentry$$00000002  c_w.l(__rtentry2.o)
    0x14000194   0x00000006   Code   RO         1455    .ARM.Collect$$rtentry$$00000004  c_w.l(__rtentry4.o)
    0x1400019a   0x00000000   Code   RO         1445    .ARM.Collect$$rtentry$$00000009  c_w.l(__rtentry2.o)
    0x1400019a   0x00000004   Code   RO         1446    .ARM.Collect$$rtentry$$0000000A  c_w.l(__rtentry2.o)
    0x1400019e   0x00000000   Code   RO         1448    .ARM.Collect$$rtentry$$0000000C  c_w.l(__rtentry2.o)
    0x1400019e   0x00000008   Code   RO         1449    .ARM.Collect$$rtentry$$0000000D  c_w.l(__rtentry2.o)
    0x140001a6   0x00000002   Code   RO         1476    .ARM.Collect$$rtexit$$00000000  c_w.l(rtexit.o)
    0x140001a8   0x00000000   Code   RO         1530    .ARM.Collect$$rtexit$$00000002  c_w.l(rtexit2.o)
    0x140001a8   0x00000004   Code   RO         1531    .ARM.Collect$$rtexit$$00000003  c_w.l(rtexit2.o)
    0x140001ac   0x00000006   Code   RO         1532    .ARM.Collect$$rtexit$$00000004  c_w.l(rtexit2.o)
    0x140001b2   0x00000002   PAD
    0x140001b4   0x00000040   Code   RO          265    .text               keil_startup_lpc18xx43xx.o
    0x140001f4   0x00000006   Code   RO         1431    .text               c_w.l(heapauxi.o)
    0x140001fa   0x0000004a   Code   RO         1459    .text               c_w.l(sys_stackheap_outer.o)
    0x14000244   0x0000000c   Code   RO         1461    .text               c_w.l(exit.o)
    0x14000250   0x00000008   Code   RO         1473    .text               c_w.l(libspace.o)
    0x14000258   0x00000028   Code   RO          547    i.Board_Debug_Init  lib_lpc_board_4370.lib(board.o)
    0x14000280   0x00000044   Code   RO          549    i.Board_Init        lib_lpc_board_4370.lib(board.o)
    0x140002c4   0x00000010   Code   RO          551    i.Board_LED_Set     lib_lpc_board_4370.lib(board.o)
    0x140002d4   0x00000018   Code   RO          552    i.Board_LED_Test    lib_lpc_board_4370.lib(board.o)
    0x140002ec   0x00000016   Code   RO          553    i.Board_LED_Toggle  lib_lpc_board_4370.lib(board.o)
    0x14000302   0x00000002   PAD
    0x14000304   0x00000078   Code   RO          892    i.Board_SetupClocking  lib_lpc_board_4370.lib(board_sysinit.o)
    0x1400037c   0x0000001c   Code   RO          893    i.Board_SetupMuxing  lib_lpc_board_4370.lib(board_sysinit.o)
    0x14000398   0x0000000e   Code   RO          894    i.Board_SystemInit  lib_lpc_board_4370.lib(board_sysinit.o)
    0x140003a6   0x00000002   PAD
    0x140003a8   0x0000002c   Code   RO          558    i.Board_UART_Init   lib_lpc_board_4370.lib(board.o)
    0x140003d4   0x00000010   Code   RO          948    i.Chip_Clock_DisableMainPLL  lib_lpc_chip_43xx.lib(clock_18xx_43xx.o)
    0x140003e4   0x00000044   Code   RO          952    i.Chip_Clock_EnableCrystal  lib_lpc_chip_43xx.lib(clock_18xx_43xx.o)
    0x14000428   0x00000034   Code   RO          954    i.Chip_Clock_EnableOpts  lib_lpc_chip_43xx.lib(clock_18xx_43xx.o)
    0x1400045c   0x00000020   Code   RO          956    i.Chip_Clock_GetBaseClock  lib_lpc_chip_43xx.lib(clock_18xx_43xx.o)
    0x1400047c   0x0000000e   Code   RO          958    i.Chip_Clock_GetBaseClocktHz  lib_lpc_chip_43xx.lib(clock_18xx_43xx.o)
    0x1400048a   0x00000002   PAD
    0x1400048c   0x000000a0   Code   RO          959    i.Chip_Clock_GetClockInputHz  lib_lpc_chip_43xx.lib(clock_18xx_43xx.o)
    0x1400052c   0x00000022   Code   RO          960    i.Chip_Clock_GetDivRate  lib_lpc_chip_43xx.lib(clock_18xx_43xx.o)
    0x1400054e   0x00000002   PAD
    0x14000550   0x00000020   Code   RO          961    i.Chip_Clock_GetDividerDivisor  lib_lpc_chip_43xx.lib(clock_18xx_43xx.o)
    0x14000570   0x0000001c   Code   RO          962    i.Chip_Clock_GetDividerSource  lib_lpc_chip_43xx.lib(clock_18xx_43xx.o)
    0x1400058c   0x0000005c   Code   RO          964    i.Chip_Clock_GetMainPLLHz  lib_lpc_chip_43xx.lib(clock_18xx_43xx.o)
    0x140005e8   0x00000078   Code   RO          966    i.Chip_Clock_GetRate  lib_lpc_chip_43xx.lib(clock_18xx_43xx.o)
    0x14000660   0x00000038   Code   RO          970    i.Chip_Clock_SetBaseClock  lib_lpc_chip_43xx.lib(clock_18xx_43xx.o)
    0x14000698   0x00000044   Code   RO          971    i.Chip_Clock_SetDivider  lib_lpc_chip_43xx.lib(clock_18xx_43xx.o)
    0x140006dc   0x00000082   Code   RO          972    i.Chip_Clock_SetupMainPLLHz  lib_lpc_chip_43xx.lib(clock_18xx_43xx.o)
    0x1400075e   0x00000002   PAD
    0x14000760   0x00000088   Code   RO          973    i.Chip_Clock_SetupMainPLLMult  lib_lpc_chip_43xx.lib(clock_18xx_43xx.o)
    0x140007e8   0x00000018   Code   RO          976    i.Chip_Clock_TestMainPLLMultiplier  lib_lpc_chip_43xx.lib(clock_18xx_43xx.o)
    0x14000800   0x00000002   Code   RO         1154    i.Chip_GPIO_Init    lib_lpc_chip_43xx.lib(gpio_18xx_43xx.o)
    0x14000802   0x00000014   Code   RO          560    i.Chip_GPIO_SetPinDIROutput  lib_lpc_board_4370.lib(board.o)
    0x14000816   0x00000002   PAD
    0x14000818   0x00000038   Code   RO          494    i.Chip_SCU_GPIOIntPinSel  lib_lpc_chip_43xx.lib(scu_18xx_43xx.o)
    0x14000850   0x00000028   Code   RO          895    i.Chip_SCU_SetPinMuxing  lib_lpc_board_4370.lib(board_sysinit.o)
    0x14000878   0x0000007c   Code   RO         1332    i.Chip_SetupCoreClock  lib_lpc_chip_43xx.lib(sysinit_18xx_43xx.o)
    0x140008f4   0x00000030   Code   RO         1210    i.Chip_UART_GetClockIndex  lib_lpc_chip_43xx.lib(uart_18xx_43xx.o)
    0x14000924   0x00000040   Code   RO         1212    i.Chip_UART_Init    lib_lpc_chip_43xx.lib(uart_18xx_43xx.o)
    0x14000964   0x0000003a   Code   RO         1220    i.Chip_UART_SetBaud  lib_lpc_chip_43xx.lib(uart_18xx_43xx.o)
    0x1400099e   0x00000002   PAD
    0x140009a0   0x00000010   Code   RO          225    i.GPIO0_IRQHandler  pinint.o
    0x140009b0   0x00000014   Code   RO          274    i.SystemCoreClockUpdate  lib_lpc_chip_43xx.lib(chip_18xx_43xx.o)
    0x140009c4   0x0000001c   Code   RO            3    i.SystemInit        sysinit.o
    0x140009e0   0x00000004   Code   RO          562    i._sys_exit         lib_lpc_board_4370.lib(board.o)
    0x140009e4   0x0000003c   Code   RO          521    i.fpuInit           lib_lpc_chip_43xx.lib(fpu_init.o)
    0x14000a20   0x00000058   Code   RO          226    i.main              pinint.o
    0x14000a78   0x0000000a   Code   RO         1542    x$fpl$fpinit        fz_wm.l(fpinit.o)
    0x14000a82   0x00000002   PAD
    0x14000a84   0x00000004   Data   RO          567    .constdata          lib_lpc_board_4370.lib(board.o)
    0x14000a88   0x00000004   Data   RO          568    .constdata          lib_lpc_board_4370.lib(board.o)
    0x14000a8c   0x00000040   Data   RO          896    .constdata          lib_lpc_board_4370.lib(board_sysinit.o)
    0x14000acc   0x0000006c   Data   RO          977    .constdata          lib_lpc_chip_43xx.lib(clock_18xx_43xx.o)
    0x14000b38   0x00000048   Data   RO         1336    .constdata          lib_lpc_chip_43xx.lib(sysinit_18xx_43xx.o)
    0x14000b80   0x00000020   Data   RO         1597    Region$$Table       anon$$obj.o


==============================================================================

Image component sizes


      Code (inc. data)   RO Data    RW Data    ZI Data      Debug   Object Name

        64         24        276          0        768       1020   keil_startup_lpc18xx43xx.o
       104         22          0          0          0      35297   pinint.o
        28          8          0          0          0       6801   sysinit.o

    ----------------------------------------------------------------------
       196         54        308          0        768      43118   Object Totals
         0          0         32          0          0          0   (incl. Generated)
         0          0          0          0          0          0   (incl. Padding)

    ----------------------------------------------------------------------

      Code (inc. data)   RO Data    RW Data    ZI Data      Debug   Library Member Name

         8          0          0          0          0         68   __main.o
         0          0          0          0          0          0   __rtentry.o
        12          0          0          0          0          0   __rtentry2.o
         6          0          0          0          0          0   __rtentry4.o
        52          8          0          0          0          0   __scatter.o
        26          0          0          0          0          0   __scatter_copy.o
        28          0          0          0          0          0   __scatter_zi.o
        12          0          0          0          0         72   exit.o
         6          0          0          0          0        152   heapauxi.o
         2          0          0          0          0          0   libinit.o
         6          0          0          0          0          0   libinit2.o
         2          0          0          0          0          0   libshutdown.o
         2          0          0          0          0          0   libshutdown2.o
         8          4          0          0         96         68   libspace.o
         2          0          0          0          0          0   rtexit.o
        10          0          0          0          0          0   rtexit2.o
        74          0          0          0          0         80   sys_stackheap_outer.o
        10          0          0          0          0        116   fpinit.o
       238         38          8          0          0      21282   board.o
       202         26         64          0          0       5713   board_sysinit.o
        20          6          0          4          0       5614   chip_18xx_43xx.o
      1062        160        108          8          0      13143   clock_18xx_43xx.o
        60         14          0          0          0       1226   fpu_init.o
         2          0          0          0          0       2861   gpio_18xx_43xx.o
        56          6          0          0          0        997   scu_18xx_43xx.o
       124         18         72          0          0       1454   sysinit_18xx_43xx.o
       170         20          0          0          0       9782   uart_18xx_43xx.o

    ----------------------------------------------------------------------
      2220        300        252         12        100      62628   Library Totals
        20          0          0          0          4          0   (incl. Padding)

    ----------------------------------------------------------------------

      Code (inc. data)   RO Data    RW Data    ZI Data      Debug   Library Name

       256         12          0          0         96        440   c_w.l
        10          0          0          0          0        116   fz_wm.l
       440         64         72          0          0      26995   lib_lpc_board_4370.lib
      1494        224        180         12          0      35077   lib_lpc_chip_43xx.lib

    ----------------------------------------------------------------------
      2220        300        252         12        100      62628   Library Totals

    ----------------------------------------------------------------------

==============================================================================


      Code (inc. data)   RO Data    RW Data    ZI Data      Debug   

      2416        354        560         12        868     102394   Grand Totals
      2416        354        560         12        868     102394   ELF Image Totals
      2416        354        560         12          0          0   ROM Totals

==============================================================================

    Total RO  Size (Code + RO Data)                 2976 (   2.91kB)
    Total RW  Size (RW Data + ZI Data)               880 (   0.86kB)
    Total ROM Size (Code + RO Data + RW Data)       2988 (   2.92kB)

==============================================================================

