<!doctype html public "-//w3c//dtd html 4.0 transitional//en">
<html><head>
<title>Static Call Graph - [.\keil_output\freertos_blinky.axf]</title></head>
<body><HR>
<H1>Static Call Graph for image .\keil_output\freertos_blinky.axf</H1><HR>
<BR><P>#&#060CALLGRAPH&#062# ARM Linker, 5060300: Last Updated: Thu Oct 20 16:53:01 2016
<BR><P>
<H3>Maximum Stack Usage =        464 bytes + Unknown(Functions without stacksize, Cycles, Untraceable Function Pointers)</H3><H3>
Call chain for Maximum Stack Depth:</H3>
__rt_entry_main &rArr; main &rArr; OLED_INIT &rArr; GUI_Init &rArr; WM_Init &rArr; WM_CreateWindowAsChild &rArr; WM__SendMessage &rArr; WM_DefaultProc &rArr;  WM_SendToParent (Cycle)
<P>
<H3>
Functions with no stack information
</H3><UL>
 <LI><a href="#[145]">__user_initial_stackheap</a>
</UL>
</UL>
<P>
<H3>
Mutually Recursive functions
</H3> <LI><a href="#[2c]">NMI_Handler</a>&nbsp;&nbsp;&nbsp;&rArr;&nbsp;&nbsp;&nbsp;<a href="#[2c]">NMI_Handler</a><BR>
 <LI><a href="#[2d]">HardFault_Handler</a>&nbsp;&nbsp;&nbsp;&rArr;&nbsp;&nbsp;&nbsp;<a href="#[2d]">HardFault_Handler</a><BR>
 <LI><a href="#[2e]">MemManage_Handler</a>&nbsp;&nbsp;&nbsp;&rArr;&nbsp;&nbsp;&nbsp;<a href="#[2e]">MemManage_Handler</a><BR>
 <LI><a href="#[2f]">BusFault_Handler</a>&nbsp;&nbsp;&nbsp;&rArr;&nbsp;&nbsp;&nbsp;<a href="#[2f]">BusFault_Handler</a><BR>
 <LI><a href="#[30]">UsageFault_Handler</a>&nbsp;&nbsp;&nbsp;&rArr;&nbsp;&nbsp;&nbsp;<a href="#[30]">UsageFault_Handler</a><BR>
 <LI><a href="#[33]">DebugMon_Handler</a>&nbsp;&nbsp;&nbsp;&rArr;&nbsp;&nbsp;&nbsp;<a href="#[33]">DebugMon_Handler</a><BR>
 <LI><a href="#[31]">UnHandled_Vector</a>&nbsp;&nbsp;&nbsp;&rArr;&nbsp;&nbsp;&nbsp;<a href="#[31]">UnHandled_Vector</a><BR>
 <LI><a href="#[46]">ADC0_IRQHandler</a>&nbsp;&nbsp;&nbsp;&rArr;&nbsp;&nbsp;&nbsp;<a href="#[46]">ADC0_IRQHandler</a><BR>
 <LI><a href="#[25a]">_Findy1</a>&nbsp;&nbsp;&nbsp;&rArr;&nbsp;&nbsp;&nbsp;<a href="#[25a]">_Findy1</a><BR>
 <LI><a href="#[25c]">_Findx1</a>&nbsp;&nbsp;&nbsp;&rArr;&nbsp;&nbsp;&nbsp;<a href="#[25c]">_Findx1</a><BR>
 <LI><a href="#[25b]">_Findx0</a>&nbsp;&nbsp;&nbsp;&rArr;&nbsp;&nbsp;&nbsp;<a href="#[25b]">_Findx0</a><BR>
 <LI><a href="#[25d]">_EnlargeBlocks</a>&nbsp;&nbsp;&nbsp;&rArr;&nbsp;&nbsp;&nbsp;<a href="#[1a6]">_Alloc</a><BR>
 <LI><a href="#[168]">Chip_Clock_GetMainPLLHz</a>&nbsp;&nbsp;&nbsp;&rArr;&nbsp;&nbsp;&nbsp;<a href="#[167]">Chip_Clock_GetClockInputHz</a><BR>
 <LI><a href="#[169]">Chip_Clock_GetDivRate</a>&nbsp;&nbsp;&nbsp;&rArr;&nbsp;&nbsp;&nbsp;<a href="#[167]">Chip_Clock_GetClockInputHz</a><BR>
 <LI><a href="#[24b]">WM_DefaultProc</a>&nbsp;&nbsp;&nbsp;&rArr;&nbsp;&nbsp;&nbsp;<a href="#[24d]">WM_SendToParent</a><BR>
 <LI><a href="#[255]">WM__InvalidateRect</a>&nbsp;&nbsp;&nbsp;&rArr;&nbsp;&nbsp;&nbsp;<a href="#[255]">WM__InvalidateRect</a><BR>
 <LI><a href="#[256]">WM_InvalidateWindowAndDescsEx</a>&nbsp;&nbsp;&nbsp;&rArr;&nbsp;&nbsp;&nbsp;<a href="#[256]">WM_InvalidateWindowAndDescsEx</a><BR>
 <LI><a href="#[250]">WM__InvalidateDrawAndDescs</a>&nbsp;&nbsp;&nbsp;&rArr;&nbsp;&nbsp;&nbsp;<a href="#[250]">WM__InvalidateDrawAndDescs</a><BR>
 <LI><a href="#[10c]">_sys_exit</a>&nbsp;&nbsp;&nbsp;&rArr;&nbsp;&nbsp;&nbsp;<a href="#[10c]">_sys_exit</a><BR>
</UL>
<P>
<H3>
Function Pointers
</H3><UL>
 <LI><a href="#[46]">ADC0_IRQHandler</a> from keil_freertos_startup_lpc18xx43xx.o(.text) referenced from keil_freertos_startup_lpc18xx43xx.o(RESET)
 <LI><a href="#[4a]">ADC1_IRQHandler</a> from keil_freertos_startup_lpc18xx43xx.o(.text) referenced from keil_freertos_startup_lpc18xx43xx.o(RESET)
 <LI><a href="#[61]">ADCHS_IRQHandler</a> from keil_freertos_startup_lpc18xx43xx.o(.text) referenced from keil_freertos_startup_lpc18xx43xx.o(RESET)
 <LI><a href="#[62]">ATIMER_IRQHandler</a> from keil_freertos_startup_lpc18xx43xx.o(.text) referenced from keil_freertos_startup_lpc18xx43xx.o(RESET)
 <LI><a href="#[2f]">BusFault_Handler</a> from keil_freertos_startup_lpc18xx43xx.o(.text) referenced from keil_freertos_startup_lpc18xx43xx.o(RESET)
 <LI><a href="#[65]">CAN0_IRQHandler</a> from keil_freertos_startup_lpc18xx43xx.o(.text) referenced from keil_freertos_startup_lpc18xx43xx.o(RESET)
 <LI><a href="#[60]">CAN1_IRQHandler</a> from keil_freertos_startup_lpc18xx43xx.o(.text) referenced from keil_freertos_startup_lpc18xx43xx.o(RESET)
 <LI><a href="#[36]">DAC_IRQHandler</a> from keil_freertos_startup_lpc18xx43xx.o(.text) referenced from keil_freertos_startup_lpc18xx43xx.o(RESET)
 <LI><a href="#[38]">DMA_IRQHandler</a> from dma.o(i.DMA_IRQHandler) referenced from keil_freertos_startup_lpc18xx43xx.o(RESET)
 <LI><a href="#[33]">DebugMon_Handler</a> from keil_freertos_startup_lpc18xx43xx.o(.text) referenced from keil_freertos_startup_lpc18xx43xx.o(RESET)
 <LI><a href="#[14]">DispIcoMenuDown</a> from display.o(i.DispIcoMenuDown) referenced 2 times from display.o(.data)
 <LI><a href="#[12]">DispIcoMenuEsc</a> from display.o(i.DispIcoMenuEsc) referenced 2 times from display.o(.data)
 <LI><a href="#[10]">DispIcoMenuInit</a> from display.o(i.DispIcoMenuInit) referenced 2 times from display.o(.data)
 <LI><a href="#[15]">DispIcoMenuLeft</a> from display.o(i.DispIcoMenuLeft) referenced 2 times from display.o(.data)
 <LI><a href="#[11]">DispIcoMenuOk</a> from display.o(i.DispIcoMenuOk) referenced 2 times from display.o(.data)
 <LI><a href="#[16]">DispIcoMenuRight</a> from display.o(i.DispIcoMenuRight) referenced 2 times from display.o(.data)
 <LI><a href="#[13]">DispIcoMenuUp</a> from display.o(i.DispIcoMenuUp) referenced 2 times from display.o(.data)
 <LI><a href="#[1b]">DispMenuFuncDown</a> from display.o(i.DispMenuFuncDown) referenced 2 times from display.o(.data)
 <LI><a href="#[19]">DispMenuFuncEsc</a> from display.o(i.DispMenuFuncEsc) referenced 2 times from display.o(.data)
 <LI><a href="#[17]">DispMenuFuncInit</a> from display.o(i.DispMenuFuncInit) referenced 2 times from display.o(.data)
 <LI><a href="#[1c]">DispMenuFuncLeft</a> from display.o(i.DispMenuFuncLeft) referenced 2 times from display.o(.data)
 <LI><a href="#[18]">DispMenuFuncOk</a> from display.o(i.DispMenuFuncOk) referenced 2 times from display.o(.data)
 <LI><a href="#[1d]">DispMenuFuncRight</a> from display.o(i.DispMenuFuncRight) referenced 2 times from display.o(.data)
 <LI><a href="#[1a]">DispMenuFuncUp</a> from display.o(i.DispMenuFuncUp) referenced 2 times from display.o(.data)
 <LI><a href="#[9]">DispMenuTop</a> from display.o(i.DispMenuTop) referenced 2 times from display.o(.data)
 <LI><a href="#[d]">DispMenuTopDown</a> from display.o(i.DispMenuTopDown) referenced 2 times from display.o(.data)
 <LI><a href="#[b]">DispMenuTopEsc</a> from display.o(i.DispMenuTopEsc) referenced 2 times from display.o(.data)
 <LI><a href="#[e]">DispMenuTopLeft</a> from display.o(i.DispMenuTopLeft) referenced 2 times from display.o(.data)
 <LI><a href="#[a]">DispMenuTopOk</a> from display.o(i.DispMenuTopOk) referenced 2 times from display.o(.data)
 <LI><a href="#[f]">DispMenuTopRight</a> from display.o(i.DispMenuTopRight) referenced 2 times from display.o(.data)
 <LI><a href="#[c]">DispMenuTopUp</a> from display.o(i.DispMenuTopUp) referenced 2 times from display.o(.data)
 <LI><a href="#[3a]">ETH_IRQHandler</a> from keil_freertos_startup_lpc18xx43xx.o(.text) referenced from keil_freertos_startup_lpc18xx43xx.o(RESET)
 <LI><a href="#[5f]">EVRT_IRQHandler</a> from keil_freertos_startup_lpc18xx43xx.o(.text) referenced from keil_freertos_startup_lpc18xx43xx.o(RESET)
 <LI><a href="#[39]">FLASHEEPROM_IRQHandler</a> from keil_freertos_startup_lpc18xx43xx.o(.text) referenced from keil_freertos_startup_lpc18xx43xx.o(RESET)
 <LI><a href="#[5d]">GINT0_IRQHandler</a> from keil_freertos_startup_lpc18xx43xx.o(.text) referenced from keil_freertos_startup_lpc18xx43xx.o(RESET)
 <LI><a href="#[5e]">GINT1_IRQHandler</a> from keil_freertos_startup_lpc18xx43xx.o(.text) referenced from keil_freertos_startup_lpc18xx43xx.o(RESET)
 <LI><a href="#[55]">GPIO0_IRQHandler</a> from pinint.o(i.GPIO0_IRQHandler) referenced from keil_freertos_startup_lpc18xx43xx.o(RESET)
 <LI><a href="#[56]">GPIO1_IRQHandler</a> from pinint.o(i.GPIO1_IRQHandler) referenced from keil_freertos_startup_lpc18xx43xx.o(RESET)
 <LI><a href="#[57]">GPIO2_IRQHandler</a> from pinint.o(i.GPIO2_IRQHandler) referenced from keil_freertos_startup_lpc18xx43xx.o(RESET)
 <LI><a href="#[58]">GPIO3_IRQHandler</a> from pinint.o(i.GPIO3_IRQHandler) referenced from keil_freertos_startup_lpc18xx43xx.o(RESET)
 <LI><a href="#[59]">GPIO4_IRQHandler</a> from pinint.o(i.GPIO4_IRQHandler) referenced from keil_freertos_startup_lpc18xx43xx.o(RESET)
 <LI><a href="#[5a]">GPIO5_IRQHandler</a> from pinint.o(i.GPIO5_IRQHandler) referenced from keil_freertos_startup_lpc18xx43xx.o(RESET)
 <LI><a href="#[5b]">GPIO6_IRQHandler</a> from pinint.o(i.GPIO6_IRQHandler) referenced from keil_freertos_startup_lpc18xx43xx.o(RESET)
 <LI><a href="#[5c]">GPIO7_IRQHandler</a> from keil_freertos_startup_lpc18xx43xx.o(.text) referenced from keil_freertos_startup_lpc18xx43xx.o(RESET)
 <LI><a href="#[c2]">GUIMONO_DispChar</a> from GUI_CharM.o(i.GUIMONO_DispChar) referenced from F6x8.o(.constdata)
 <LI><a href="#[c3]">GUIMONO_GetCharDistX</a> from GUI_CharM.o(i.GUIMONO_GetCharDistX) referenced from F6x8.o(.constdata)
 <LI><a href="#[c4]">GUIMONO_GetFontInfo</a> from GUI_CharM.o(i.GUIMONO_GetFontInfo) referenced from F6x8.o(.constdata)
 <LI><a href="#[c5]">GUIMONO_IsInFont</a> from GUI_CharM.o(i.GUIMONO_IsInFont) referenced from F6x8.o(.constdata)
 <LI><a href="#[94]">GUIPROP_DispChar</a> from GUI_CharP.o(i.GUIPROP_DispChar) referenced 4 times from ht24.o(.constdata)
 <LI><a href="#[95]">GUIPROP_GetCharDistX</a> from GUI_CharP.o(i.GUIPROP_GetCharDistX) referenced 4 times from ht24.o(.constdata)
 <LI><a href="#[96]">GUIPROP_GetFontInfo</a> from GUI_CharP.o(i.GUIPROP_GetFontInfo) referenced 4 times from ht24.o(.constdata)
 <LI><a href="#[97]">GUIPROP_IsInFont</a> from GUI_CharP.o(i.GUIPROP_IsInFont) referenced 4 times from ht24.o(.constdata)
 <LI><a href="#[90]">GUI_MEMDEV__WriteToActiveOpaque</a> from GUIDEV_WriteToActiveOpaque.o(i.GUI_MEMDEV__WriteToActiveOpaque) referenced from GUIDEV_16.o(i._GetDevFunc)
 <LI><a href="#[26]">GUI_X_ExecIdle</a> from gui_x_freertos.o(i.GUI_X_ExecIdle) referenced 2 times from GUI_WaitEvent.o(.data)
 <LI><a href="#[23]">GUI__MixColors</a> from GUI__Alpha.o(i.GUI__MixColors) referenced 2 times from GUI__Alpha.o(.data)
 <LI><a href="#[24]">GUI__MixColorsBulk</a> from GUI__Alpha.o(i.GUI__MixColorsBulk) referenced 2 times from GUI__Alpha.o(.data)
 <LI><a href="#[2d]">HardFault_Handler</a> from keil_freertos_startup_lpc18xx43xx.o(.text) referenced from keil_freertos_startup_lpc18xx43xx.o(RESET)
 <LI><a href="#[47]">I2C0_IRQHandler</a> from keil_freertos_startup_lpc18xx43xx.o(.text) referenced from keil_freertos_startup_lpc18xx43xx.o(RESET)
 <LI><a href="#[48]">I2C1_IRQHandler</a> from keil_freertos_startup_lpc18xx43xx.o(.text) referenced from keil_freertos_startup_lpc18xx43xx.o(RESET)
 <LI><a href="#[51]">I2S0_IRQHandler</a> from keil_freertos_startup_lpc18xx43xx.o(.text) referenced from keil_freertos_startup_lpc18xx43xx.o(RESET)
 <LI><a href="#[52]">I2S1_IRQHandler</a> from keil_freertos_startup_lpc18xx43xx.o(.text) referenced from keil_freertos_startup_lpc18xx43xx.o(RESET)
 <LI><a href="#[9d]">LCD_DrawHLine</a> from LCD.o(i.LCD_DrawHLine) referenced from GUI_Core.o(.constdata)
 <LI><a href="#[9e]">LCD_DrawPixel</a> from LCD.o(i.LCD_DrawPixel) referenced from GUI_Core.o(.constdata)
 <LI><a href="#[21]">LCD_GetpPalConvTableBM</a> from LCD_Color.o(i.LCD_GetpPalConvTableBM) referenced 2 times from GUI_Core.o(.data)
 <LI><a href="#[3c]">LCD_IRQHandler</a> from keil_freertos_startup_lpc18xx43xx.o(.text) referenced from keil_freertos_startup_lpc18xx43xx.o(RESET)
 <LI><a href="#[7a]">LCD_Index2Color_565</a> from GUICC_565.o(i.LCD_Index2Color_565) referenced 2 times from GUI_DrawBitmap_565.o(.constdata)
 <LI><a href="#[7a]">LCD_Index2Color_565</a> from GUICC_565.o(i.LCD_Index2Color_565) referenced from GUI_DrawBitmap_565.o(i._DrawBitmap)
 <LI><a href="#[6f]">LCD_Index2Color_888</a> from GUICC_888_Index2Color.o(i.LCD_Index2Color_888) referenced from GUI__Alpha.o(i.GUI__DoAlphaBlending)
 <LI><a href="#[6e]">LCD_Index2Color_8888</a> from GUICC_8888_Index2Color.o(i.LCD_Index2Color_8888) referenced 2 times from GUI_DrawBitmap_8888.o(.constdata)
 <LI><a href="#[6e]">LCD_Index2Color_8888</a> from GUICC_8888_Index2Color.o(i.LCD_Index2Color_8888) referenced from GUI__Alpha.o(i.GUI__DoAlphaBlending)
 <LI><a href="#[6e]">LCD_Index2Color_8888</a> from GUICC_8888_Index2Color.o(i.LCD_Index2Color_8888) referenced from LCD_RLE32.o(i._Draw)
 <LI><a href="#[6e]">LCD_Index2Color_8888</a> from GUICC_8888_Index2Color.o(i.LCD_Index2Color_8888) referenced from GUI_DrawBitmap_8888.o(i._DrawBitmap_8888)
 <LI><a href="#[6e]">LCD_Index2Color_8888</a> from GUICC_8888_Index2Color.o(i.LCD_Index2Color_8888) referenced from LCD_RLE32.o(i._DrawClip)
 <LI><a href="#[99]">LCD_Index2Color_M565</a> from GUICC_M565.o(i.LCD_Index2Color_M565) referenced from GUICC_M565.o(.constdata)
 <LI><a href="#[45]">MCPWM_IRQHandler</a> from keil_freertos_startup_lpc18xx43xx.o(.text) referenced from keil_freertos_startup_lpc18xx43xx.o(RESET)
 <LI><a href="#[37]">MX_CORE_IRQHandler</a> from keil_freertos_startup_lpc18xx43xx.o(.text) referenced from keil_freertos_startup_lpc18xx43xx.o(RESET)
 <LI><a href="#[2e]">MemManage_Handler</a> from keil_freertos_startup_lpc18xx43xx.o(.text) referenced from keil_freertos_startup_lpc18xx43xx.o(RESET)
 <LI><a href="#[2c]">NMI_Handler</a> from keil_freertos_startup_lpc18xx43xx.o(.text) referenced from keil_freertos_startup_lpc18xx43xx.o(RESET)
 <LI><a href="#[74]">Oled_refresh_task</a> from apptask.o(i.Oled_refresh_task) referenced from apptask.o(i.OLED_refresh_task_create)
 <LI><a href="#[34]">PendSV_Handler</a> from port.o(.emb_text) referenced from keil_freertos_startup_lpc18xx43xx.o(RESET)
 <LI><a href="#[66]">QEI_IRQHandler</a> from keil_freertos_startup_lpc18xx43xx.o(.text) referenced from keil_freertos_startup_lpc18xx43xx.o(RESET)
 <LI><a href="#[40]">RIT_IRQHandler</a> from keil_freertos_startup_lpc18xx43xx.o(.text) referenced from keil_freertos_startup_lpc18xx43xx.o(RESET)
 <LI><a href="#[63]">RTC_IRQHandler</a> from keil_freertos_startup_lpc18xx43xx.o(.text) referenced from keil_freertos_startup_lpc18xx43xx.o(RESET)
 <LI><a href="#[2b]">Reset_Handler</a> from keil_freertos_startup_lpc18xx43xx.o(.text) referenced from keil_freertos_startup_lpc18xx43xx.o(RESET)
 <LI><a href="#[3f]">SCT_IRQHandler</a> from keil_freertos_startup_lpc18xx43xx.o(.text) referenced from keil_freertos_startup_lpc18xx43xx.o(RESET)
 <LI><a href="#[3b]">SDIO_IRQHandler</a> from keil_freertos_startup_lpc18xx43xx.o(.text) referenced from keil_freertos_startup_lpc18xx43xx.o(RESET)
 <LI><a href="#[54]">SGPIO_IRQHandler</a> from keil_freertos_startup_lpc18xx43xx.o(.text) referenced from keil_freertos_startup_lpc18xx43xx.o(RESET)
 <LI><a href="#[53]">SPIFI_IRQHandler</a> from keil_freertos_startup_lpc18xx43xx.o(.text) referenced from keil_freertos_startup_lpc18xx43xx.o(RESET)
 <LI><a href="#[49]">SPI_IRQHandler</a> from keil_freertos_startup_lpc18xx43xx.o(.text) referenced from keil_freertos_startup_lpc18xx43xx.o(RESET)
 <LI><a href="#[4b]">SSP0_IRQHandler</a> from keil_freertos_startup_lpc18xx43xx.o(.text) referenced from keil_freertos_startup_lpc18xx43xx.o(RESET)
 <LI><a href="#[4c]">SSP1_IRQHandler</a> from keil_freertos_startup_lpc18xx43xx.o(.text) referenced from keil_freertos_startup_lpc18xx43xx.o(RESET)
 <LI><a href="#[32]">SVC_Handler</a> from port.o(.emb_text) referenced from keil_freertos_startup_lpc18xx43xx.o(RESET)
 <LI><a href="#[35]">SysTick_Handler</a> from port.o(i.SysTick_Handler) referenced from keil_freertos_startup_lpc18xx43xx.o(RESET)
 <LI><a href="#[67]">SystemInit</a> from sysinit.o(i.SystemInit) referenced from keil_freertos_startup_lpc18xx43xx.o(.text)
 <LI><a href="#[41]">TIMER0_IRQHandler</a> from keil_freertos_startup_lpc18xx43xx.o(.text) referenced from keil_freertos_startup_lpc18xx43xx.o(RESET)
 <LI><a href="#[42]">TIMER1_IRQHandler</a> from keil_freertos_startup_lpc18xx43xx.o(.text) referenced from keil_freertos_startup_lpc18xx43xx.o(RESET)
 <LI><a href="#[43]">TIMER2_IRQHandler</a> from keil_freertos_startup_lpc18xx43xx.o(.text) referenced from keil_freertos_startup_lpc18xx43xx.o(RESET)
 <LI><a href="#[44]">TIMER3_IRQHandler</a> from keil_freertos_startup_lpc18xx43xx.o(.text) referenced from keil_freertos_startup_lpc18xx43xx.o(RESET)
 <LI><a href="#[4d]">UART0_IRQHandler</a> from keil_freertos_startup_lpc18xx43xx.o(.text) referenced from keil_freertos_startup_lpc18xx43xx.o(RESET)
 <LI><a href="#[4e]">UART1_IRQHandler</a> from keil_freertos_startup_lpc18xx43xx.o(.text) referenced from keil_freertos_startup_lpc18xx43xx.o(RESET)
 <LI><a href="#[4f]">UART2_IRQHandler</a> from keil_freertos_startup_lpc18xx43xx.o(.text) referenced from keil_freertos_startup_lpc18xx43xx.o(RESET)
 <LI><a href="#[50]">UART3_IRQHandler</a> from uart.o(i.UART3_IRQHandler) referenced from keil_freertos_startup_lpc18xx43xx.o(RESET)
 <LI><a href="#[3d]">USB0_IRQHandler</a> from keil_freertos_startup_lpc18xx43xx.o(.text) referenced from keil_freertos_startup_lpc18xx43xx.o(RESET)
 <LI><a href="#[3e]">USB1_IRQHandler</a> from keil_freertos_startup_lpc18xx43xx.o(.text) referenced from keil_freertos_startup_lpc18xx43xx.o(RESET)
 <LI><a href="#[31]">UnHandled_Vector</a> from keil_freertos_startup_lpc18xx43xx.o(.text) referenced 8 times from keil_freertos_startup_lpc18xx43xx.o(RESET)
 <LI><a href="#[30]">UsageFault_Handler</a> from keil_freertos_startup_lpc18xx43xx.o(.text) referenced from keil_freertos_startup_lpc18xx43xx.o(RESET)
 <LI><a href="#[64]">WDT_IRQHandler</a> from keil_freertos_startup_lpc18xx43xx.o(.text) referenced from keil_freertos_startup_lpc18xx43xx.o(RESET)
 <LI><a href="#[a4]">_CalcSizeOfChar</a> from GUI_UC_EncodeUTF8.o(i._CalcSizeOfChar) referenced 2 times from GUI_UC_EncodeUTF8.o(.constdata)
 <LI><a href="#[9b]">_Color2IndexBulk</a> from GUICC_M565.o(i._Color2IndexBulk) referenced 3 times from GUICC_M565.o(.constdata)
 <LI><a href="#[d2]">_Color2Index_0</a> from GUICC_0.o(i._Color2Index_0) referenced from GUICC_0.o(.constdata)
 <LI><a href="#[b3]">_Color2Index_565</a> from GUICC_565.o(i._Color2Index_565) referenced from GUICC_565.o(.constdata)
 <LI><a href="#[b7]">_Color2Index_8888</a> from GUICC_8888.o(i._Color2Index_8888) referenced from GUICC_8888.o(.constdata)
 <LI><a href="#[98]">_Color2Index_M565</a> from GUICC_M565.o(i._Color2Index_M565) referenced from GUICC_M565.o(.constdata)
 <LI><a href="#[8c]">_CopyBuffer</a> from GUIDRV_Lin_16.o(i._CopyBuffer) referenced from GUIDRV_Lin_16.o(i._GetDevFunc)
 <LI><a href="#[7b]">_Draw</a> from LCD_RLE32.o(i._Draw) referenced from LCD_RLE32.o(i._DrawBitmap)
 <LI><a href="#[9f]">_DrawBitmap</a> from GUI_DrawBitmap_565.o(i._DrawBitmap) referenced 3 times from GUI_DrawBitmap_565.o(.constdata)
 <LI><a href="#[a1]">_DrawBitmapHW_8888</a> from GUI_DrawBitmap_8888.o(i._DrawBitmapHW_8888) referenced from GUI_DrawBitmap_8888.o(.constdata)
 <LI><a href="#[a0]">_DrawBitmap_8888</a> from GUI_DrawBitmap_8888.o(i._DrawBitmap_8888) referenced from GUI_DrawBitmap_8888.o(.constdata)
 <LI><a href="#[a6]">_DrawBitmap_RLE32</a> from LCD_RLE32.o(i._DrawBitmap_RLE32) referenced from LCD_RLE32.o(.constdata)
 <LI><a href="#[7c]">_DrawClip</a> from LCD_RLE32.o(i._DrawClip) referenced from LCD_RLE32.o(i._DrawBitmap)
 <LI><a href="#[a8]">_DrawHLine</a> from GUIDRV_Lin_16.o(i._DrawHLine) referenced 2 times from GUIDRV_Lin_16.o(.constdata)
 <LI><a href="#[a9]">_DrawVLine</a> from GUIDRV_Lin_16.o(i._DrawVLine) referenced 2 times from GUIDRV_Lin_16.o(.constdata)
 <LI><a href="#[a5]">_Encode</a> from GUI_UC_EncodeUTF8.o(i._Encode) referenced 2 times from GUI_UC_EncodeUTF8.o(.constdata)
 <LI><a href="#[aa]">_FillRect</a> from GUIDRV_Lin_16.o(i._FillRect) referenced 2 times from GUIDRV_Lin_16.o(.constdata)
 <LI><a href="#[7d]">_GetByte_pPixel</a> from LCD_RLE32.o(i._GetByte_pPixel) referenced from LCD_RLE32.o(i._DrawBitmap_RLE32)
 <LI><a href="#[a2]">_GetCharCode</a> from GUI_UC_EncodeUTF8.o(i._GetCharCode) referenced 2 times from GUI_UC_EncodeUTF8.o(.constdata)
 <LI><a href="#[a3]">_GetCharSize</a> from GUI_UC_EncodeUTF8.o(i._GetCharSize) referenced 2 times from GUI_UC_EncodeUTF8.o(.constdata)
 <LI><a href="#[b1]">_GetDevData</a> from GUIDRV_Lin_16.o(i._GetDevData) referenced 2 times from GUIDRV_Lin_16.o(.constdata)
 <LI><a href="#[af]">_GetDevFunc</a> from GUIDRV_Lin_16.o(i._GetDevFunc) referenced 2 times from GUIDRV_Lin_16.o(.constdata)
 <LI><a href="#[b0]">_GetDevProp</a> from GUIDRV_Lin_16.o(i._GetDevProp) referenced 2 times from GUIDRV_Lin_16.o(.constdata)
 <LI><a href="#[d4]">_GetIndexMask_0</a> from GUICC_0.o(i._GetIndexMask_0) referenced from GUICC_0.o(.constdata)
 <LI><a href="#[b4]">_GetIndexMask_565</a> from GUICC_565.o(i._GetIndexMask_565) referenced from GUICC_565.o(.constdata)
 <LI><a href="#[b8]">_GetIndexMask_8888</a> from GUICC_8888.o(i._GetIndexMask_8888) referenced from GUICC_8888.o(.constdata)
 <LI><a href="#[9a]">_GetIndexMask_M565</a> from GUICC_M565.o(i._GetIndexMask_M565) referenced from GUICC_M565.o(.constdata)
 <LI><a href="#[ab]">_GetPixelIndex</a> from GUIDRV_Lin_16.o(i._GetPixelIndex) referenced 2 times from GUIDRV_Lin_16.o(.constdata)
 <LI><a href="#[7e]">_GetPixel_pPixel</a> from LCD_RLE32.o(i._GetPixel_pPixel) referenced from LCD_RLE32.o(i._DrawBitmap_RLE32)
 <LI><a href="#[83]">_GetPos</a> from GUIDRV_Lin_16.o(i._GetPos) referenced from GUIDRV_Lin_16.o(i._GetDevFunc)
 <LI><a href="#[b2]">_GetRect</a> from GUIDRV_Lin_16.o(i._GetRect) referenced 2 times from GUIDRV_Lin_16.o(.constdata)
 <LI><a href="#[9c]">_Index2ColorBulk</a> from GUICC_M565.o(i._Index2ColorBulk) referenced 3 times from GUICC_M565.o(.constdata)
 <LI><a href="#[d3]">_Index2Color_0</a> from GUICC_0.o(i._Index2Color_0) referenced from GUICC_0.o(.constdata)
 <LI><a href="#[86]">_Init</a> from GUIDRV_Lin_16.o(i._Init) referenced from GUIDRV_Lin_16.o(i._GetDevFunc)
 <LI><a href="#[25]">_Log2VisBuffered</a> from GUI_CharLine.o(i._Log2VisBuffered) referenced 2 times from GUI_CharLine.o(.data)
 <LI><a href="#[2a]">_NextPixel_End</a> from LCD_NextPixelAPI.o(i._NextPixel_End) referenced 2 times from LCD_NextPixelAPI.o(.data)
 <LI><a href="#[29]">_NextPixel_NextLine</a> from LCD_NextPixelAPI.o(i._NextPixel_NextLine) referenced 2 times from LCD_NextPixelAPI.o(.data)
 <LI><a href="#[28]">_NextPixel_SetPixel</a> from LCD_NextPixelAPI.o(i._NextPixel_SetPixel) referenced 2 times from LCD_NextPixelAPI.o(.data)
 <LI><a href="#[27]">_NextPixel_Start</a> from LCD_NextPixelAPI.o(i._NextPixel_Start) referenced 2 times from LCD_NextPixelAPI.o(.data)
 <LI><a href="#[88]">_Off</a> from GUIDRV_Lin_16.o(i._Off) referenced from GUIDRV_Lin_16.o(i._GetDevFunc)
 <LI><a href="#[87]">_On</a> from GUIDRV_Lin_16.o(i._On) referenced from GUIDRV_Lin_16.o(i._GetDevFunc)
 <LI><a href="#[6c]">_OnExit</a> from GUI_Task.o(i._OnExit) referenced from GUI_Task.o(i.GUITASK_Init)
 <LI><a href="#[6d]">_OnExit</a> from GUI_Core.o(i._OnExit) referenced from GUI_Core.o(i.GUI_Init)
 <LI><a href="#[70]">_OnExit</a> from GUI__Alpha.o(i._OnExit) referenced from GUI__Alpha.o(i.GUI__GetAlphaBuffer)
 <LI><a href="#[73]">_OnExit</a> from LCD_Color.o(i._OnExit) referenced from LCD_Color.o(i.LCD_InitColors)
 <LI><a href="#[79]">_OnExit</a> from WM.o(i._OnExit) referenced from WM.o(i.WM_Init)
 <LI><a href="#[91]">_OnExit</a> from GUI_Alloc.o(i._OnExit) referenced from GUI_Alloc.o(i._InitOnce)
 <LI><a href="#[8f]">_ReadRect</a> from GUIDRV_Lin_16.o(i._ReadRect) referenced from GUIDRV_Lin_16.o(i._GetDevFunc)
 <LI><a href="#[84]">_SetAlpha</a> from GUIDRV_Lin_16.o(i._SetAlpha) referenced from GUIDRV_Lin_16.o(i._GetDevFunc)
 <LI><a href="#[89]">_SetAlphaMode</a> from GUIDRV_Lin_16.o(i._SetAlphaMode) referenced from GUIDRV_Lin_16.o(i._GetDevFunc)
 <LI><a href="#[c0]">_SetBkColor</a> from LCD.o(i._SetBkColor) referenced from LCD.o(.constdata)
 <LI><a href="#[8b]">_SetChroma</a> from GUIDRV_Lin_16.o(i._SetChroma) referenced from GUIDRV_Lin_16.o(i._GetDevFunc)
 <LI><a href="#[8a]">_SetChromaMode</a> from GUIDRV_Lin_16.o(i._SetChromaMode) referenced from GUIDRV_Lin_16.o(i._GetDevFunc)
 <LI><a href="#[bf]">_SetColor</a> from LCD.o(i._SetColor) referenced from LCD.o(.constdata)
 <LI><a href="#[8e]">_SetDevFunc</a> from GUIDRV_Lin_16.o(i._SetDevFunc) referenced from GUIDRV_Lin_16.o(i._GetDevFunc)
 <LI><a href="#[c1]">_SetDrawMode</a> from LCD.o(i._SetDrawMode) referenced from LCD.o(.constdata)
 <LI><a href="#[ae]">_SetOrg</a> from GUIDRV_Lin_16.o(i._SetOrg) referenced 2 times from GUIDRV_Lin_16.o(.constdata)
 <LI><a href="#[22]">_SetPixelAlpha</a> from GUI_DrawBitmap_8888.o(i._SetPixelAlpha) referenced 2 times from GUI_DrawBitmap_8888.o(.data)
 <LI><a href="#[ac]">_SetPixelIndex</a> from GUIDRV_Lin_16.o(i._SetPixelIndex) referenced 2 times from GUIDRV_Lin_16.o(.constdata)
 <LI><a href="#[82]">_SetPos</a> from GUIDRV_Lin_16.o(i._SetPos) referenced from GUIDRV_Lin_16.o(i._GetDevFunc)
 <LI><a href="#[81]">_SetSize</a> from GUIDRV_Lin_16.o(i._SetSize) referenced from GUIDRV_Lin_16.o(i._GetDevFunc)
 <LI><a href="#[7f]">_SetVRAMAddr</a> from GUIDRV_Lin_16.o(i._SetVRAMAddr) referenced from GUIDRV_Lin_16.o(i._GetDevFunc)
 <LI><a href="#[80]">_SetVSize</a> from GUIDRV_Lin_16.o(i._SetVSize) referenced from GUIDRV_Lin_16.o(i._GetDevFunc)
 <LI><a href="#[85]">_SetVis</a> from GUIDRV_Lin_16.o(i._SetVis) referenced from GUIDRV_Lin_16.o(i._GetDevFunc)
 <LI><a href="#[8d]">_ShowBuffer</a> from GUIDRV_Lin_16.o(i._ShowBuffer) referenced from GUIDRV_Lin_16.o(i._GetDevFunc)
 <LI><a href="#[ad]">_XorPixel</a> from GUIDRV_Lin_16.o(i._XorPixel) referenced 2 times from GUIDRV_Lin_16.o(.constdata)
 <LI><a href="#[d5]">__main</a> from __main.o(!!!main) referenced from keil_freertos_startup_lpc18xx43xx.o(.text)
 <LI><a href="#[78]">_cbBackWin</a> from WM.o(i._cbBackWin) referenced from WM.o(i.WM_Init)
 <LI><a href="#[6b]">_get_lc_ctype</a> from lc_ctype_c.o(locale$$code) referenced from rt_ctype_table.o(.text)
 <LI><a href="#[6a]">_printf_input_char</a> from _printf_char_common.o(.text) referenced from _printf_char_common.o(.text)
 <LI><a href="#[69]">_snputc</a> from _snputc.o(.text) referenced from c89vsnprintf.o(.text)
 <LI><a href="#[72]">display_key_menu_task</a> from apptask.o(i.display_key_menu_task) referenced from apptask.o(i.Key_Board_task_create)
 <LI><a href="#[1f]">func_display_area_2</a> from display.o(i.func_display_area_2) referenced 10 times from display.o(.data)
 <LI><a href="#[20]">func_display_area_4</a> from display.o(i.func_display_area_4) referenced 18 times from display.o(.data)
 <LI><a href="#[1e]">func_display_area_5</a> from display.o(i.func_display_area_5) referenced 16 times from display.o(.data)
 <LI><a href="#[71]">get_key_value_task</a> from apptask.o(i.get_key_value_task) referenced from apptask.o(i.Key_Board_task_create)
 <LI><a href="#[93]">prvIdleTask</a> from tasks.o(i.prvIdleTask) referenced from tasks.o(i.vTaskStartScheduler)
 <LI><a href="#[92]">prvTaskExitError</a> from port.o(i.prvTaskExitError) referenced from port.o(i.pxPortInitialiseStack)
 <LI><a href="#[75]">v10msTask</a> from apptask.o(i.v10msTask) referenced from apptask.o(i.Task_Create_10ms)
 <LI><a href="#[77]">vUart_Server_Task</a> from apptask.o(i.vUart_Server_Task) referenced from apptask.o(i.Task_Create_Uart0_Server)
 <LI><a href="#[76]">vprotocolTask</a> from apptask.o(i.vprotocolTask) referenced from apptask.o(i.Task_Create_Com_Protocol)
</UL>
<P>
<H3>
Global Symbols
</H3>
<P><STRONG><a name="[d5]"></a>__main</STRONG> (Thumb, 8 bytes, Stack size 0 bytes, __main.o(!!!main))
<BR><BR>[Calls]<UL><LI><a href="#[d7]">&gt;&gt;</a>&nbsp;&nbsp;&nbsp;__rt_entry
<LI><a href="#[d6]">&gt;&gt;</a>&nbsp;&nbsp;&nbsp;__scatterload
</UL>

<P><STRONG><a name="[d6]"></a>__scatterload</STRONG> (Thumb, 0 bytes, Stack size unknown bytes, __scatter.o(!!!scatter))
<BR><BR>[Called By]<UL><LI><a href="#[d5]">&gt;&gt;</a>&nbsp;&nbsp;&nbsp;__main
</UL>

<P><STRONG><a name="[d8]"></a>__scatterload_rt2</STRONG> (Thumb, 44 bytes, Stack size unknown bytes, __scatter.o(!!!scatter), UNUSED)
<BR><BR>[Calls]<UL><LI><a href="#[d7]">&gt;&gt;</a>&nbsp;&nbsp;&nbsp;__rt_entry
</UL>

<P><STRONG><a name="[2ad]"></a>__scatterload_rt2_thumb_only</STRONG> (Thumb, 0 bytes, Stack size unknown bytes, __scatter.o(!!!scatter), UNUSED)

<P><STRONG><a name="[2ae]"></a>__scatterload_null</STRONG> (Thumb, 0 bytes, Stack size unknown bytes, __scatter.o(!!!scatter), UNUSED)

<P><STRONG><a name="[2af]"></a>__decompress</STRONG> (Thumb, 90 bytes, Stack size unknown bytes, __dczerorl2.o(!!dczerorl2), UNUSED)

<P><STRONG><a name="[2b0]"></a>__decompress1</STRONG> (Thumb, 0 bytes, Stack size unknown bytes, __dczerorl2.o(!!dczerorl2), UNUSED)

<P><STRONG><a name="[2b1]"></a>__scatterload_zeroinit</STRONG> (Thumb, 28 bytes, Stack size unknown bytes, __scatter_zi.o(!!handler_zi), UNUSED)

<P><STRONG><a name="[d9]"></a>_printf_n</STRONG> (Thumb, 0 bytes, Stack size unknown bytes, _printf_n.o(.ARM.Collect$$_printf_percent$$00000001))
<BR><BR>[Calls]<UL><LI><a href="#[da]">&gt;&gt;</a>&nbsp;&nbsp;&nbsp;_printf_charcount
</UL>

<P><STRONG><a name="[11c]"></a>_printf_percent</STRONG> (Thumb, 0 bytes, Stack size unknown bytes, _printf_percent.o(.ARM.Collect$$_printf_percent$$00000000))
<BR><BR>[Called By]<UL><LI><a href="#[11a]">&gt;&gt;</a>&nbsp;&nbsp;&nbsp;__printf
</UL>

<P><STRONG><a name="[db]"></a>_printf_p</STRONG> (Thumb, 0 bytes, Stack size unknown bytes, _printf_p.o(.ARM.Collect$$_printf_percent$$00000002))
<BR><BR>[Stack]<UL><LI>Max Depth = 64 + Unknown Stack Size
<LI>Call Chain = _printf_p &rArr; _printf_hex_ptr &rArr; _printf_longlong_hex &rArr; _printf_int_common &rArr; _printf_post_padding
</UL>
<BR>[Calls]<UL><LI><a href="#[dc]">&gt;&gt;</a>&nbsp;&nbsp;&nbsp;_printf_hex_ptr
</UL>

<P><STRONG><a name="[dd]"></a>_printf_f</STRONG> (Thumb, 0 bytes, Stack size unknown bytes, _printf_f.o(.ARM.Collect$$_printf_percent$$00000003))
<BR><BR>[Stack]<UL><LI>Max Depth = 320 + Unknown Stack Size
<LI>Call Chain = _printf_f &rArr; _printf_fp_dec &rArr; _printf_fp_dec_real &rArr; _fp_digits &rArr; _btod_etento &rArr; _btod_emul &rArr; _e2e
</UL>
<BR>[Calls]<UL><LI><a href="#[de]">&gt;&gt;</a>&nbsp;&nbsp;&nbsp;_printf_fp_dec
</UL>

<P><STRONG><a name="[df]"></a>_printf_e</STRONG> (Thumb, 0 bytes, Stack size unknown bytes, _printf_e.o(.ARM.Collect$$_printf_percent$$00000004))
<BR><BR>[Stack]<UL><LI>Max Depth = 320 + Unknown Stack Size
<LI>Call Chain = _printf_e &rArr; _printf_fp_dec &rArr; _printf_fp_dec_real &rArr; _fp_digits &rArr; _btod_etento &rArr; _btod_emul &rArr; _e2e
</UL>
<BR>[Calls]<UL><LI><a href="#[de]">&gt;&gt;</a>&nbsp;&nbsp;&nbsp;_printf_fp_dec
</UL>

<P><STRONG><a name="[e0]"></a>_printf_g</STRONG> (Thumb, 0 bytes, Stack size unknown bytes, _printf_g.o(.ARM.Collect$$_printf_percent$$00000005))
<BR><BR>[Stack]<UL><LI>Max Depth = 320 + Unknown Stack Size
<LI>Call Chain = _printf_g &rArr; _printf_fp_dec &rArr; _printf_fp_dec_real &rArr; _fp_digits &rArr; _btod_etento &rArr; _btod_emul &rArr; _e2e
</UL>
<BR>[Calls]<UL><LI><a href="#[de]">&gt;&gt;</a>&nbsp;&nbsp;&nbsp;_printf_fp_dec
</UL>

<P><STRONG><a name="[2b2]"></a>_printf_a</STRONG> (Thumb, 0 bytes, Stack size unknown bytes, _printf_a.o(.ARM.Collect$$_printf_percent$$00000006))

<P><STRONG><a name="[2b3]"></a>_printf_ll</STRONG> (Thumb, 0 bytes, Stack size unknown bytes, _printf_ll.o(.ARM.Collect$$_printf_percent$$00000007))

<P><STRONG><a name="[e1]"></a>_printf_i</STRONG> (Thumb, 0 bytes, Stack size unknown bytes, _printf_i.o(.ARM.Collect$$_printf_percent$$00000008))
<BR><BR>[Stack]<UL><LI>Max Depth = 72 + Unknown Stack Size
<LI>Call Chain = _printf_i &rArr; _printf_int_dec &rArr; _printf_int_common &rArr; _printf_post_padding
</UL>
<BR>[Calls]<UL><LI><a href="#[e2]">&gt;&gt;</a>&nbsp;&nbsp;&nbsp;_printf_int_dec
</UL>

<P><STRONG><a name="[e3]"></a>_printf_d</STRONG> (Thumb, 0 bytes, Stack size unknown bytes, _printf_d.o(.ARM.Collect$$_printf_percent$$00000009))
<BR><BR>[Stack]<UL><LI>Max Depth = 72 + Unknown Stack Size
<LI>Call Chain = _printf_d &rArr; _printf_int_dec &rArr; _printf_int_common &rArr; _printf_post_padding
</UL>
<BR>[Calls]<UL><LI><a href="#[e2]">&gt;&gt;</a>&nbsp;&nbsp;&nbsp;_printf_int_dec
</UL>

<P><STRONG><a name="[e4]"></a>_printf_u</STRONG> (Thumb, 0 bytes, Stack size unknown bytes, _printf_u.o(.ARM.Collect$$_printf_percent$$0000000A))
<BR><BR>[Stack]<UL><LI>Max Depth = 72 + Unknown Stack Size
<LI>Call Chain = _printf_u &rArr; _printf_int_dec &rArr; _printf_int_common &rArr; _printf_post_padding
</UL>
<BR>[Calls]<UL><LI><a href="#[e2]">&gt;&gt;</a>&nbsp;&nbsp;&nbsp;_printf_int_dec
</UL>

<P><STRONG><a name="[e5]"></a>_printf_o</STRONG> (Thumb, 0 bytes, Stack size unknown bytes, _printf_o.o(.ARM.Collect$$_printf_percent$$0000000B))
<BR><BR>[Stack]<UL><LI>Max Depth = 64 + Unknown Stack Size
<LI>Call Chain = _printf_o &rArr; _printf_int_oct &rArr; _printf_longlong_oct &rArr; _printf_int_common &rArr; _printf_post_padding
</UL>
<BR>[Calls]<UL><LI><a href="#[e6]">&gt;&gt;</a>&nbsp;&nbsp;&nbsp;_printf_int_oct
</UL>

<P><STRONG><a name="[e7]"></a>_printf_x</STRONG> (Thumb, 0 bytes, Stack size unknown bytes, _printf_x.o(.ARM.Collect$$_printf_percent$$0000000C))
<BR><BR>[Stack]<UL><LI>Max Depth = 80 + Unknown Stack Size
<LI>Call Chain = _printf_x &rArr; _printf_int_hex &rArr; _printf_longlong_hex &rArr; _printf_int_common &rArr; _printf_post_padding
</UL>
<BR>[Calls]<UL><LI><a href="#[e8]">&gt;&gt;</a>&nbsp;&nbsp;&nbsp;_printf_int_hex
</UL>

<P><STRONG><a name="[e9]"></a>_printf_lli</STRONG> (Thumb, 0 bytes, Stack size unknown bytes, _printf_lli.o(.ARM.Collect$$_printf_percent$$0000000D))
<BR><BR>[Stack]<UL><LI>Max Depth = 72 + Unknown Stack Size
<LI>Call Chain = _printf_lli &rArr; _printf_longlong_dec &rArr; _printf_int_common &rArr; _printf_post_padding
</UL>
<BR>[Calls]<UL><LI><a href="#[ea]">&gt;&gt;</a>&nbsp;&nbsp;&nbsp;_printf_longlong_dec
</UL>

<P><STRONG><a name="[eb]"></a>_printf_lld</STRONG> (Thumb, 0 bytes, Stack size unknown bytes, _printf_lld.o(.ARM.Collect$$_printf_percent$$0000000E))
<BR><BR>[Stack]<UL><LI>Max Depth = 72 + Unknown Stack Size
<LI>Call Chain = _printf_lld &rArr; _printf_longlong_dec &rArr; _printf_int_common &rArr; _printf_post_padding
</UL>
<BR>[Calls]<UL><LI><a href="#[ea]">&gt;&gt;</a>&nbsp;&nbsp;&nbsp;_printf_longlong_dec
</UL>

<P><STRONG><a name="[ec]"></a>_printf_llu</STRONG> (Thumb, 0 bytes, Stack size unknown bytes, _printf_llu.o(.ARM.Collect$$_printf_percent$$0000000F))
<BR><BR>[Stack]<UL><LI>Max Depth = 72 + Unknown Stack Size
<LI>Call Chain = _printf_llu &rArr; _printf_longlong_dec &rArr; _printf_int_common &rArr; _printf_post_padding
</UL>
<BR>[Calls]<UL><LI><a href="#[ea]">&gt;&gt;</a>&nbsp;&nbsp;&nbsp;_printf_longlong_dec
</UL>

<P><STRONG><a name="[ed]"></a>_printf_llo</STRONG> (Thumb, 0 bytes, Stack size unknown bytes, _printf_llo.o(.ARM.Collect$$_printf_percent$$00000010))
<BR><BR>[Stack]<UL><LI>Max Depth = 56 + Unknown Stack Size
<LI>Call Chain = _printf_llo &rArr; _printf_ll_oct &rArr; _printf_longlong_oct &rArr; _printf_int_common &rArr; _printf_post_padding
</UL>
<BR>[Calls]<UL><LI><a href="#[ee]">&gt;&gt;</a>&nbsp;&nbsp;&nbsp;_printf_ll_oct
</UL>

<P><STRONG><a name="[ef]"></a>_printf_llx</STRONG> (Thumb, 0 bytes, Stack size unknown bytes, _printf_llx.o(.ARM.Collect$$_printf_percent$$00000011))
<BR><BR>[Stack]<UL><LI>Max Depth = 64 + Unknown Stack Size
<LI>Call Chain = _printf_llx &rArr; _printf_ll_hex &rArr; _printf_longlong_hex &rArr; _printf_int_common &rArr; _printf_post_padding
</UL>
<BR>[Calls]<UL><LI><a href="#[f0]">&gt;&gt;</a>&nbsp;&nbsp;&nbsp;_printf_ll_hex
</UL>

<P><STRONG><a name="[2b4]"></a>_printf_l</STRONG> (Thumb, 0 bytes, Stack size unknown bytes, _printf_l.o(.ARM.Collect$$_printf_percent$$00000012))

<P><STRONG><a name="[f1]"></a>_printf_c</STRONG> (Thumb, 0 bytes, Stack size unknown bytes, _printf_c.o(.ARM.Collect$$_printf_percent$$00000013))
<BR><BR>[Stack]<UL><LI>Max Depth = 40 + Unknown Stack Size
<LI>Call Chain = _printf_c &rArr; _printf_char &rArr; _printf_cs_common &rArr; _printf_str &rArr; _printf_post_padding
</UL>
<BR>[Calls]<UL><LI><a href="#[f2]">&gt;&gt;</a>&nbsp;&nbsp;&nbsp;_printf_char
</UL>

<P><STRONG><a name="[f3]"></a>_printf_s</STRONG> (Thumb, 0 bytes, Stack size unknown bytes, _printf_s.o(.ARM.Collect$$_printf_percent$$00000014))
<BR><BR>[Stack]<UL><LI>Max Depth = 40 + Unknown Stack Size
<LI>Call Chain = _printf_s &rArr; _printf_string &rArr; _printf_cs_common &rArr; _printf_str &rArr; _printf_post_padding
</UL>
<BR>[Calls]<UL><LI><a href="#[f4]">&gt;&gt;</a>&nbsp;&nbsp;&nbsp;_printf_string
</UL>

<P><STRONG><a name="[f5]"></a>_printf_lc</STRONG> (Thumb, 0 bytes, Stack size unknown bytes, _printf_lc.o(.ARM.Collect$$_printf_percent$$00000015))
<BR><BR>[Stack]<UL><LI>Max Depth = 88 + Unknown Stack Size
<LI>Call Chain = _printf_lc &rArr; _printf_wchar &rArr; _printf_lcs_common &rArr; _printf_wctomb &rArr; _wcrtomb &rArr; __rt_ctype_table
</UL>
<BR>[Calls]<UL><LI><a href="#[f6]">&gt;&gt;</a>&nbsp;&nbsp;&nbsp;_printf_wchar
</UL>

<P><STRONG><a name="[f7]"></a>_printf_ls</STRONG> (Thumb, 0 bytes, Stack size unknown bytes, _printf_ls.o(.ARM.Collect$$_printf_percent$$00000016))
<BR><BR>[Stack]<UL><LI>Max Depth = 88 + Unknown Stack Size
<LI>Call Chain = _printf_ls &rArr; _printf_wstring &rArr; _printf_lcs_common &rArr; _printf_wctomb &rArr; _wcrtomb &rArr; __rt_ctype_table
</UL>
<BR>[Calls]<UL><LI><a href="#[f8]">&gt;&gt;</a>&nbsp;&nbsp;&nbsp;_printf_wstring
</UL>

<P><STRONG><a name="[2b5]"></a>_printf_percent_end</STRONG> (Thumb, 0 bytes, Stack size unknown bytes, _printf_percent_end.o(.ARM.Collect$$_printf_percent$$00000017))

<P><STRONG><a name="[105]"></a>__rt_lib_init</STRONG> (Thumb, 0 bytes, Stack size unknown bytes, libinit.o(.ARM.Collect$$libinit$$00000000))
<BR><BR>[Called By]<UL><LI><a href="#[104]">&gt;&gt;</a>&nbsp;&nbsp;&nbsp;__rt_entry_li
</UL>

<P><STRONG><a name="[f9]"></a>__rt_lib_init_fp_1</STRONG> (Thumb, 0 bytes, Stack size unknown bytes, libinit2.o(.ARM.Collect$$libinit$$00000001))
<BR><BR>[Calls]<UL><LI><a href="#[fa]">&gt;&gt;</a>&nbsp;&nbsp;&nbsp;_fp_init
</UL>

<P><STRONG><a name="[fb]"></a>__rt_lib_init_heap_2</STRONG> (Thumb, 0 bytes, Stack size unknown bytes, libinit2.o(.ARM.Collect$$libinit$$00000005))
<BR><BR>[Stack]<UL><LI>Max Depth = 64 + Unknown Stack Size
<LI>Call Chain = __rt_lib_init_heap_2 &rArr; _init_alloc &rArr; __rt_SIGRTMEM &rArr; __rt_SIGRTMEM_inner &rArr; __default_signal_display &rArr; _ttywrch
</UL>
<BR>[Calls]<UL><LI><a href="#[fc]">&gt;&gt;</a>&nbsp;&nbsp;&nbsp;_init_alloc
</UL>

<P><STRONG><a name="[2b6]"></a>__rt_lib_init_preinit_1</STRONG> (Thumb, 0 bytes, Stack size unknown bytes, libinit2.o(.ARM.Collect$$libinit$$00000004))

<P><STRONG><a name="[2b7]"></a>__rt_lib_init_heap_1</STRONG> (Thumb, 0 bytes, Stack size unknown bytes, libinit2.o(.ARM.Collect$$libinit$$0000000A))

<P><STRONG><a name="[fd]"></a>__rt_lib_init_lc_common</STRONG> (Thumb, 0 bytes, Stack size unknown bytes, libinit2.o(.ARM.Collect$$libinit$$0000000F))
<BR><BR>[Calls]<UL><LI><a href="#[fe]">&gt;&gt;</a>&nbsp;&nbsp;&nbsp;__rt_locale
</UL>

<P><STRONG><a name="[2b8]"></a>__rt_lib_init_rand_1</STRONG> (Thumb, 0 bytes, Stack size unknown bytes, libinit2.o(.ARM.Collect$$libinit$$0000000E))

<P><STRONG><a name="[2b9]"></a>__rt_lib_init_user_alloc_1</STRONG> (Thumb, 0 bytes, Stack size unknown bytes, libinit2.o(.ARM.Collect$$libinit$$0000000C))

<P><STRONG><a name="[2ba]"></a>__rt_lib_init_lc_collate_1</STRONG> (Thumb, 0 bytes, Stack size unknown bytes, libinit2.o(.ARM.Collect$$libinit$$00000011))

<P><STRONG><a name="[ff]"></a>__rt_lib_init_lc_ctype_2</STRONG> (Thumb, 0 bytes, Stack size unknown bytes, libinit2.o(.ARM.Collect$$libinit$$00000012))
<BR><BR>[Stack]<UL><LI>Max Depth = 8 + Unknown Stack Size
<LI>Call Chain = __rt_lib_init_lc_ctype_2 &rArr; _get_lc_ctype
</UL>
<BR>[Calls]<UL><LI><a href="#[6b]">&gt;&gt;</a>&nbsp;&nbsp;&nbsp;_get_lc_ctype
</UL>

<P><STRONG><a name="[2bb]"></a>__rt_lib_init_lc_ctype_1</STRONG> (Thumb, 0 bytes, Stack size unknown bytes, libinit2.o(.ARM.Collect$$libinit$$00000013))

<P><STRONG><a name="[2bc]"></a>__rt_lib_init_lc_monetary_1</STRONG> (Thumb, 0 bytes, Stack size unknown bytes, libinit2.o(.ARM.Collect$$libinit$$00000015))

<P><STRONG><a name="[100]"></a>__rt_lib_init_lc_numeric_2</STRONG> (Thumb, 0 bytes, Stack size unknown bytes, libinit2.o(.ARM.Collect$$libinit$$00000016))
<BR><BR>[Stack]<UL><LI>Max Depth = 8 + Unknown Stack Size
<LI>Call Chain = __rt_lib_init_lc_numeric_2 &rArr; _get_lc_numeric
</UL>
<BR>[Calls]<UL><LI><a href="#[101]">&gt;&gt;</a>&nbsp;&nbsp;&nbsp;_get_lc_numeric
</UL>

<P><STRONG><a name="[2bd]"></a>__rt_lib_init_alloca_1</STRONG> (Thumb, 0 bytes, Stack size unknown bytes, libinit2.o(.ARM.Collect$$libinit$$0000002E))

<P><STRONG><a name="[2be]"></a>__rt_lib_init_argv_1</STRONG> (Thumb, 0 bytes, Stack size unknown bytes, libinit2.o(.ARM.Collect$$libinit$$0000002C))

<P><STRONG><a name="[2bf]"></a>__rt_lib_init_atexit_1</STRONG> (Thumb, 0 bytes, Stack size unknown bytes, libinit2.o(.ARM.Collect$$libinit$$0000001B))

<P><STRONG><a name="[2c0]"></a>__rt_lib_init_clock_1</STRONG> (Thumb, 0 bytes, Stack size unknown bytes, libinit2.o(.ARM.Collect$$libinit$$00000021))

<P><STRONG><a name="[2c1]"></a>__rt_lib_init_cpp_1</STRONG> (Thumb, 0 bytes, Stack size unknown bytes, libinit2.o(.ARM.Collect$$libinit$$00000032))

<P><STRONG><a name="[2c2]"></a>__rt_lib_init_exceptions_1</STRONG> (Thumb, 0 bytes, Stack size unknown bytes, libinit2.o(.ARM.Collect$$libinit$$00000030))

<P><STRONG><a name="[2c3]"></a>__rt_lib_init_fp_trap_1</STRONG> (Thumb, 0 bytes, Stack size unknown bytes, libinit2.o(.ARM.Collect$$libinit$$0000001F))

<P><STRONG><a name="[2c4]"></a>__rt_lib_init_getenv_1</STRONG> (Thumb, 0 bytes, Stack size unknown bytes, libinit2.o(.ARM.Collect$$libinit$$00000023))

<P><STRONG><a name="[2c5]"></a>__rt_lib_init_lc_numeric_1</STRONG> (Thumb, 0 bytes, Stack size unknown bytes, libinit2.o(.ARM.Collect$$libinit$$00000017))

<P><STRONG><a name="[2c6]"></a>__rt_lib_init_lc_time_1</STRONG> (Thumb, 0 bytes, Stack size unknown bytes, libinit2.o(.ARM.Collect$$libinit$$00000019))

<P><STRONG><a name="[2c7]"></a>__rt_lib_init_return</STRONG> (Thumb, 0 bytes, Stack size unknown bytes, libinit2.o(.ARM.Collect$$libinit$$00000033))

<P><STRONG><a name="[2c8]"></a>__rt_lib_init_signal_1</STRONG> (Thumb, 0 bytes, Stack size unknown bytes, libinit2.o(.ARM.Collect$$libinit$$0000001D))

<P><STRONG><a name="[2c9]"></a>__rt_lib_init_stdio_1</STRONG> (Thumb, 0 bytes, Stack size unknown bytes, libinit2.o(.ARM.Collect$$libinit$$00000025))

<P><STRONG><a name="[10a]"></a>__rt_lib_shutdown</STRONG> (Thumb, 0 bytes, Stack size unknown bytes, libshutdown.o(.ARM.Collect$$libshutdown$$00000000))
<BR><BR>[Called By]<UL><LI><a href="#[109]">&gt;&gt;</a>&nbsp;&nbsp;&nbsp;__rt_exit_ls
</UL>

<P><STRONG><a name="[2ca]"></a>__rt_lib_shutdown_cpp_1</STRONG> (Thumb, 0 bytes, Stack size unknown bytes, libshutdown2.o(.ARM.Collect$$libshutdown$$00000002))

<P><STRONG><a name="[2cb]"></a>__rt_lib_shutdown_fp_trap_1</STRONG> (Thumb, 0 bytes, Stack size unknown bytes, libshutdown2.o(.ARM.Collect$$libshutdown$$00000007))

<P><STRONG><a name="[2cc]"></a>__rt_lib_shutdown_heap_1</STRONG> (Thumb, 0 bytes, Stack size unknown bytes, libshutdown2.o(.ARM.Collect$$libshutdown$$0000000F))

<P><STRONG><a name="[2cd]"></a>__rt_lib_shutdown_return</STRONG> (Thumb, 0 bytes, Stack size unknown bytes, libshutdown2.o(.ARM.Collect$$libshutdown$$00000010))

<P><STRONG><a name="[2ce]"></a>__rt_lib_shutdown_signal_1</STRONG> (Thumb, 0 bytes, Stack size unknown bytes, libshutdown2.o(.ARM.Collect$$libshutdown$$0000000A))

<P><STRONG><a name="[2cf]"></a>__rt_lib_shutdown_stdio_1</STRONG> (Thumb, 0 bytes, Stack size unknown bytes, libshutdown2.o(.ARM.Collect$$libshutdown$$00000004))

<P><STRONG><a name="[2d0]"></a>__rt_lib_shutdown_user_alloc_1</STRONG> (Thumb, 0 bytes, Stack size unknown bytes, libshutdown2.o(.ARM.Collect$$libshutdown$$0000000C))

<P><STRONG><a name="[d7]"></a>__rt_entry</STRONG> (Thumb, 0 bytes, Stack size unknown bytes, __rtentry.o(.ARM.Collect$$rtentry$$00000000))
<BR><BR>[Called By]<UL><LI><a href="#[d5]">&gt;&gt;</a>&nbsp;&nbsp;&nbsp;__main
<LI><a href="#[d8]">&gt;&gt;</a>&nbsp;&nbsp;&nbsp;__scatterload_rt2
</UL>

<P><STRONG><a name="[2d1]"></a>__rt_entry_presh_1</STRONG> (Thumb, 0 bytes, Stack size unknown bytes, __rtentry2.o(.ARM.Collect$$rtentry$$00000002))

<P><STRONG><a name="[102]"></a>__rt_entry_sh</STRONG> (Thumb, 0 bytes, Stack size unknown bytes, __rtentry4.o(.ARM.Collect$$rtentry$$00000004))
<BR><BR>[Stack]<UL><LI>Max Depth = 8 + Unknown Stack Size
<LI>Call Chain = __rt_entry_sh &rArr; __user_setup_stackheap
</UL>
<BR>[Calls]<UL><LI><a href="#[103]">&gt;&gt;</a>&nbsp;&nbsp;&nbsp;__user_setup_stackheap
</UL>

<P><STRONG><a name="[104]"></a>__rt_entry_li</STRONG> (Thumb, 0 bytes, Stack size unknown bytes, __rtentry2.o(.ARM.Collect$$rtentry$$0000000A))
<BR><BR>[Calls]<UL><LI><a href="#[105]">&gt;&gt;</a>&nbsp;&nbsp;&nbsp;__rt_lib_init
</UL>

<P><STRONG><a name="[2d2]"></a>__rt_entry_postsh_1</STRONG> (Thumb, 0 bytes, Stack size unknown bytes, __rtentry2.o(.ARM.Collect$$rtentry$$00000009))

<P><STRONG><a name="[106]"></a>__rt_entry_main</STRONG> (Thumb, 0 bytes, Stack size unknown bytes, __rtentry2.o(.ARM.Collect$$rtentry$$0000000D))
<BR><BR>[Stack]<UL><LI>Max Depth = 464 + Unknown Stack Size
<LI>Call Chain = __rt_entry_main &rArr; main &rArr; OLED_INIT &rArr; GUI_Init &rArr; WM_Init &rArr; WM_CreateWindowAsChild &rArr; WM__SendMessage &rArr; WM_DefaultProc &rArr;  WM_SendToParent (Cycle)
</UL>
<BR>[Calls]<UL><LI><a href="#[107]">&gt;&gt;</a>&nbsp;&nbsp;&nbsp;main
<LI><a href="#[108]">&gt;&gt;</a>&nbsp;&nbsp;&nbsp;exit
</UL>

<P><STRONG><a name="[2d3]"></a>__rt_entry_postli_1</STRONG> (Thumb, 0 bytes, Stack size unknown bytes, __rtentry2.o(.ARM.Collect$$rtentry$$0000000C))

<P><STRONG><a name="[146]"></a>__rt_exit</STRONG> (Thumb, 0 bytes, Stack size unknown bytes, rtexit.o(.ARM.Collect$$rtexit$$00000000))
<BR><BR>[Called By]<UL><LI><a href="#[108]">&gt;&gt;</a>&nbsp;&nbsp;&nbsp;exit
</UL>

<P><STRONG><a name="[109]"></a>__rt_exit_ls</STRONG> (Thumb, 0 bytes, Stack size unknown bytes, rtexit2.o(.ARM.Collect$$rtexit$$00000003))
<BR><BR>[Calls]<UL><LI><a href="#[10a]">&gt;&gt;</a>&nbsp;&nbsp;&nbsp;__rt_lib_shutdown
</UL>

<P><STRONG><a name="[2d4]"></a>__rt_exit_prels_1</STRONG> (Thumb, 0 bytes, Stack size unknown bytes, rtexit2.o(.ARM.Collect$$rtexit$$00000002))

<P><STRONG><a name="[10b]"></a>__rt_exit_exit</STRONG> (Thumb, 0 bytes, Stack size unknown bytes, rtexit2.o(.ARM.Collect$$rtexit$$00000004))
<BR><BR>[Calls]<UL><LI><a href="#[10c]">&gt;&gt;</a>&nbsp;&nbsp;&nbsp;_sys_exit
</UL>

<P><STRONG><a name="[32]"></a>SVC_Handler</STRONG> (Thumb, 28 bytes, Stack size 0 bytes, port.o(.emb_text))
<BR>[Address Reference Count : 1]<UL><LI> keil_freertos_startup_lpc18xx43xx.o(RESET)
</UL>
<P><STRONG><a name="[2a4]"></a>__asm___6_port_c_39a90d8d__prvStartFirstTask</STRONG> (Thumb, 24 bytes, Stack size 0 bytes, port.o(.emb_text))
<BR><BR>[Called By]<UL><LI><a href="#[29d]">&gt;&gt;</a>&nbsp;&nbsp;&nbsp;xPortStartScheduler
</UL>

<P><STRONG><a name="[2a3]"></a>__asm___6_port_c_39a90d8d__prvEnableVFP</STRONG> (Thumb, 16 bytes, Stack size 0 bytes, port.o(.emb_text))
<BR><BR>[Called By]<UL><LI><a href="#[29d]">&gt;&gt;</a>&nbsp;&nbsp;&nbsp;xPortStartScheduler
</UL>

<P><STRONG><a name="[34]"></a>PendSV_Handler</STRONG> (Thumb, 82 bytes, Stack size 0 bytes, port.o(.emb_text))
<BR><BR>[Calls]<UL><LI><a href="#[10d]">&gt;&gt;</a>&nbsp;&nbsp;&nbsp;vTaskSwitchContext
</UL>
<BR>[Address Reference Count : 1]<UL><LI> keil_freertos_startup_lpc18xx43xx.o(RESET)
</UL>
<P><STRONG><a name="[23b]"></a>ulPortSetInterruptMask</STRONG> (Thumb, 14 bytes, Stack size 0 bytes, port.o(.emb_text))
<BR><BR>[Called By]<UL><LI><a href="#[27a]">&gt;&gt;</a>&nbsp;&nbsp;&nbsp;vTaskStartScheduler
<LI><a href="#[35]">&gt;&gt;</a>&nbsp;&nbsp;&nbsp;SysTick_Handler
<LI><a href="#[92]">&gt;&gt;</a>&nbsp;&nbsp;&nbsp;prvTaskExitError
<LI><a href="#[282]">&gt;&gt;</a>&nbsp;&nbsp;&nbsp;vPortEnterCritical
<LI><a href="#[269]">&gt;&gt;</a>&nbsp;&nbsp;&nbsp;xQueueGenericSendFromISR
</UL>

<P><STRONG><a name="[23d]"></a>vPortClearInterruptMask</STRONG> (Thumb, 6 bytes, Stack size 0 bytes, port.o(.emb_text))
<BR><BR>[Called By]<UL><LI><a href="#[35]">&gt;&gt;</a>&nbsp;&nbsp;&nbsp;SysTick_Handler
<LI><a href="#[284]">&gt;&gt;</a>&nbsp;&nbsp;&nbsp;vPortExitCritical
<LI><a href="#[269]">&gt;&gt;</a>&nbsp;&nbsp;&nbsp;xQueueGenericSendFromISR
</UL>

<P><STRONG><a name="[2d5]"></a>vPortGetIPSR</STRONG> (Thumb, 6 bytes, Stack size 0 bytes, port.o(.emb_text), UNUSED)

<P><STRONG><a name="[2b]"></a>Reset_Handler</STRONG> (Thumb, 8 bytes, Stack size 0 bytes, keil_freertos_startup_lpc18xx43xx.o(.text))
<BR>[Address Reference Count : 1]<UL><LI> keil_freertos_startup_lpc18xx43xx.o(RESET)
</UL>
<P><STRONG><a name="[2d6]"></a>_maybe_terminate_alloc</STRONG> (Thumb, 0 bytes, Stack size 0 bytes, maybetermalloc1.o(.emb_text), UNUSED)

<P><STRONG><a name="[2c]"></a>NMI_Handler</STRONG> (Thumb, 2 bytes, Stack size 0 bytes, keil_freertos_startup_lpc18xx43xx.o(.text))
<BR><BR>[Calls]<UL><LI><a href="#[2c]">&gt;&gt;</a>&nbsp;&nbsp;&nbsp;NMI_Handler
</UL>
<BR>[Called By]<UL><LI><a href="#[2c]">&gt;&gt;</a>&nbsp;&nbsp;&nbsp;NMI_Handler
</UL>
<BR>[Address Reference Count : 1]<UL><LI> keil_freertos_startup_lpc18xx43xx.o(RESET)
</UL>
<P><STRONG><a name="[2d]"></a>HardFault_Handler</STRONG> (Thumb, 2 bytes, Stack size 0 bytes, keil_freertos_startup_lpc18xx43xx.o(.text))
<BR><BR>[Calls]<UL><LI><a href="#[2d]">&gt;&gt;</a>&nbsp;&nbsp;&nbsp;HardFault_Handler
</UL>
<BR>[Called By]<UL><LI><a href="#[2d]">&gt;&gt;</a>&nbsp;&nbsp;&nbsp;HardFault_Handler
</UL>
<BR>[Address Reference Count : 1]<UL><LI> keil_freertos_startup_lpc18xx43xx.o(RESET)
</UL>
<P><STRONG><a name="[2e]"></a>MemManage_Handler</STRONG> (Thumb, 2 bytes, Stack size 0 bytes, keil_freertos_startup_lpc18xx43xx.o(.text))
<BR><BR>[Calls]<UL><LI><a href="#[2e]">&gt;&gt;</a>&nbsp;&nbsp;&nbsp;MemManage_Handler
</UL>
<BR>[Called By]<UL><LI><a href="#[2e]">&gt;&gt;</a>&nbsp;&nbsp;&nbsp;MemManage_Handler
</UL>
<BR>[Address Reference Count : 1]<UL><LI> keil_freertos_startup_lpc18xx43xx.o(RESET)
</UL>
<P><STRONG><a name="[2f]"></a>BusFault_Handler</STRONG> (Thumb, 2 bytes, Stack size 0 bytes, keil_freertos_startup_lpc18xx43xx.o(.text))
<BR><BR>[Calls]<UL><LI><a href="#[2f]">&gt;&gt;</a>&nbsp;&nbsp;&nbsp;BusFault_Handler
</UL>
<BR>[Called By]<UL><LI><a href="#[2f]">&gt;&gt;</a>&nbsp;&nbsp;&nbsp;BusFault_Handler
</UL>
<BR>[Address Reference Count : 1]<UL><LI> keil_freertos_startup_lpc18xx43xx.o(RESET)
</UL>
<P><STRONG><a name="[30]"></a>UsageFault_Handler</STRONG> (Thumb, 2 bytes, Stack size 0 bytes, keil_freertos_startup_lpc18xx43xx.o(.text))
<BR><BR>[Calls]<UL><LI><a href="#[30]">&gt;&gt;</a>&nbsp;&nbsp;&nbsp;UsageFault_Handler
</UL>
<BR>[Called By]<UL><LI><a href="#[30]">&gt;&gt;</a>&nbsp;&nbsp;&nbsp;UsageFault_Handler
</UL>
<BR>[Address Reference Count : 1]<UL><LI> keil_freertos_startup_lpc18xx43xx.o(RESET)
</UL>
<P><STRONG><a name="[33]"></a>DebugMon_Handler</STRONG> (Thumb, 2 bytes, Stack size 0 bytes, keil_freertos_startup_lpc18xx43xx.o(.text))
<BR><BR>[Calls]<UL><LI><a href="#[33]">&gt;&gt;</a>&nbsp;&nbsp;&nbsp;DebugMon_Handler
</UL>
<BR>[Called By]<UL><LI><a href="#[33]">&gt;&gt;</a>&nbsp;&nbsp;&nbsp;DebugMon_Handler
</UL>
<BR>[Address Reference Count : 1]<UL><LI> keil_freertos_startup_lpc18xx43xx.o(RESET)
</UL>
<P><STRONG><a name="[31]"></a>UnHandled_Vector</STRONG> (Thumb, 2 bytes, Stack size 0 bytes, keil_freertos_startup_lpc18xx43xx.o(.text))
<BR><BR>[Calls]<UL><LI><a href="#[31]">&gt;&gt;</a>&nbsp;&nbsp;&nbsp;UnHandled_Vector
</UL>
<BR>[Called By]<UL><LI><a href="#[31]">&gt;&gt;</a>&nbsp;&nbsp;&nbsp;UnHandled_Vector
</UL>
<BR>[Address Reference Count : 1]<UL><LI> keil_freertos_startup_lpc18xx43xx.o(RESET)
</UL>
<P><STRONG><a name="[46]"></a>ADC0_IRQHandler</STRONG> (Thumb, 0 bytes, Stack size 0 bytes, keil_freertos_startup_lpc18xx43xx.o(.text))
<BR><BR>[Calls]<UL><LI><a href="#[46]">&gt;&gt;</a>&nbsp;&nbsp;&nbsp;ADC0_IRQHandler
</UL>
<BR>[Called By]<UL><LI><a href="#[46]">&gt;&gt;</a>&nbsp;&nbsp;&nbsp;ADC0_IRQHandler
</UL>
<BR>[Address Reference Count : 1]<UL><LI> keil_freertos_startup_lpc18xx43xx.o(RESET)
</UL>
<P><STRONG><a name="[4a]"></a>ADC1_IRQHandler</STRONG> (Thumb, 0 bytes, Stack size 0 bytes, keil_freertos_startup_lpc18xx43xx.o(.text))
<BR>[Address Reference Count : 1]<UL><LI> keil_freertos_startup_lpc18xx43xx.o(RESET)
</UL>
<P><STRONG><a name="[61]"></a>ADCHS_IRQHandler</STRONG> (Thumb, 0 bytes, Stack size 0 bytes, keil_freertos_startup_lpc18xx43xx.o(.text))
<BR>[Address Reference Count : 1]<UL><LI> keil_freertos_startup_lpc18xx43xx.o(RESET)
</UL>
<P><STRONG><a name="[62]"></a>ATIMER_IRQHandler</STRONG> (Thumb, 0 bytes, Stack size 0 bytes, keil_freertos_startup_lpc18xx43xx.o(.text))
<BR>[Address Reference Count : 1]<UL><LI> keil_freertos_startup_lpc18xx43xx.o(RESET)
</UL>
<P><STRONG><a name="[65]"></a>CAN0_IRQHandler</STRONG> (Thumb, 0 bytes, Stack size 0 bytes, keil_freertos_startup_lpc18xx43xx.o(.text))
<BR>[Address Reference Count : 1]<UL><LI> keil_freertos_startup_lpc18xx43xx.o(RESET)
</UL>
<P><STRONG><a name="[60]"></a>CAN1_IRQHandler</STRONG> (Thumb, 0 bytes, Stack size 0 bytes, keil_freertos_startup_lpc18xx43xx.o(.text))
<BR>[Address Reference Count : 1]<UL><LI> keil_freertos_startup_lpc18xx43xx.o(RESET)
</UL>
<P><STRONG><a name="[36]"></a>DAC_IRQHandler</STRONG> (Thumb, 0 bytes, Stack size 0 bytes, keil_freertos_startup_lpc18xx43xx.o(.text))
<BR>[Address Reference Count : 1]<UL><LI> keil_freertos_startup_lpc18xx43xx.o(RESET)
</UL>
<P><STRONG><a name="[3a]"></a>ETH_IRQHandler</STRONG> (Thumb, 0 bytes, Stack size 0 bytes, keil_freertos_startup_lpc18xx43xx.o(.text))
<BR>[Address Reference Count : 1]<UL><LI> keil_freertos_startup_lpc18xx43xx.o(RESET)
</UL>
<P><STRONG><a name="[5f]"></a>EVRT_IRQHandler</STRONG> (Thumb, 0 bytes, Stack size 0 bytes, keil_freertos_startup_lpc18xx43xx.o(.text))
<BR>[Address Reference Count : 1]<UL><LI> keil_freertos_startup_lpc18xx43xx.o(RESET)
</UL>
<P><STRONG><a name="[39]"></a>FLASHEEPROM_IRQHandler</STRONG> (Thumb, 0 bytes, Stack size 0 bytes, keil_freertos_startup_lpc18xx43xx.o(.text))
<BR>[Address Reference Count : 1]<UL><LI> keil_freertos_startup_lpc18xx43xx.o(RESET)
</UL>
<P><STRONG><a name="[5d]"></a>GINT0_IRQHandler</STRONG> (Thumb, 0 bytes, Stack size 0 bytes, keil_freertos_startup_lpc18xx43xx.o(.text))
<BR>[Address Reference Count : 1]<UL><LI> keil_freertos_startup_lpc18xx43xx.o(RESET)
</UL>
<P><STRONG><a name="[5e]"></a>GINT1_IRQHandler</STRONG> (Thumb, 0 bytes, Stack size 0 bytes, keil_freertos_startup_lpc18xx43xx.o(.text))
<BR>[Address Reference Count : 1]<UL><LI> keil_freertos_startup_lpc18xx43xx.o(RESET)
</UL>
<P><STRONG><a name="[5c]"></a>GPIO7_IRQHandler</STRONG> (Thumb, 0 bytes, Stack size 0 bytes, keil_freertos_startup_lpc18xx43xx.o(.text))
<BR>[Address Reference Count : 1]<UL><LI> keil_freertos_startup_lpc18xx43xx.o(RESET)
</UL>
<P><STRONG><a name="[47]"></a>I2C0_IRQHandler</STRONG> (Thumb, 0 bytes, Stack size 0 bytes, keil_freertos_startup_lpc18xx43xx.o(.text))
<BR>[Address Reference Count : 1]<UL><LI> keil_freertos_startup_lpc18xx43xx.o(RESET)
</UL>
<P><STRONG><a name="[48]"></a>I2C1_IRQHandler</STRONG> (Thumb, 0 bytes, Stack size 0 bytes, keil_freertos_startup_lpc18xx43xx.o(.text))
<BR>[Address Reference Count : 1]<UL><LI> keil_freertos_startup_lpc18xx43xx.o(RESET)
</UL>
<P><STRONG><a name="[51]"></a>I2S0_IRQHandler</STRONG> (Thumb, 0 bytes, Stack size 0 bytes, keil_freertos_startup_lpc18xx43xx.o(.text))
<BR>[Address Reference Count : 1]<UL><LI> keil_freertos_startup_lpc18xx43xx.o(RESET)
</UL>
<P><STRONG><a name="[52]"></a>I2S1_IRQHandler</STRONG> (Thumb, 0 bytes, Stack size 0 bytes, keil_freertos_startup_lpc18xx43xx.o(.text))
<BR>[Address Reference Count : 1]<UL><LI> keil_freertos_startup_lpc18xx43xx.o(RESET)
</UL>
<P><STRONG><a name="[3c]"></a>LCD_IRQHandler</STRONG> (Thumb, 0 bytes, Stack size 0 bytes, keil_freertos_startup_lpc18xx43xx.o(.text))
<BR>[Address Reference Count : 1]<UL><LI> keil_freertos_startup_lpc18xx43xx.o(RESET)
</UL>
<P><STRONG><a name="[45]"></a>MCPWM_IRQHandler</STRONG> (Thumb, 0 bytes, Stack size 0 bytes, keil_freertos_startup_lpc18xx43xx.o(.text))
<BR>[Address Reference Count : 1]<UL><LI> keil_freertos_startup_lpc18xx43xx.o(RESET)
</UL>
<P><STRONG><a name="[37]"></a>MX_CORE_IRQHandler</STRONG> (Thumb, 0 bytes, Stack size 0 bytes, keil_freertos_startup_lpc18xx43xx.o(.text))
<BR>[Address Reference Count : 1]<UL><LI> keil_freertos_startup_lpc18xx43xx.o(RESET)
</UL>
<P><STRONG><a name="[66]"></a>QEI_IRQHandler</STRONG> (Thumb, 0 bytes, Stack size 0 bytes, keil_freertos_startup_lpc18xx43xx.o(.text))
<BR>[Address Reference Count : 1]<UL><LI> keil_freertos_startup_lpc18xx43xx.o(RESET)
</UL>
<P><STRONG><a name="[40]"></a>RIT_IRQHandler</STRONG> (Thumb, 0 bytes, Stack size 0 bytes, keil_freertos_startup_lpc18xx43xx.o(.text))
<BR>[Address Reference Count : 1]<UL><LI> keil_freertos_startup_lpc18xx43xx.o(RESET)
</UL>
<P><STRONG><a name="[63]"></a>RTC_IRQHandler</STRONG> (Thumb, 0 bytes, Stack size 0 bytes, keil_freertos_startup_lpc18xx43xx.o(.text))
<BR>[Address Reference Count : 1]<UL><LI> keil_freertos_startup_lpc18xx43xx.o(RESET)
</UL>
<P><STRONG><a name="[3f]"></a>SCT_IRQHandler</STRONG> (Thumb, 0 bytes, Stack size 0 bytes, keil_freertos_startup_lpc18xx43xx.o(.text))
<BR>[Address Reference Count : 1]<UL><LI> keil_freertos_startup_lpc18xx43xx.o(RESET)
</UL>
<P><STRONG><a name="[3b]"></a>SDIO_IRQHandler</STRONG> (Thumb, 0 bytes, Stack size 0 bytes, keil_freertos_startup_lpc18xx43xx.o(.text))
<BR>[Address Reference Count : 1]<UL><LI> keil_freertos_startup_lpc18xx43xx.o(RESET)
</UL>
<P><STRONG><a name="[54]"></a>SGPIO_IRQHandler</STRONG> (Thumb, 0 bytes, Stack size 0 bytes, keil_freertos_startup_lpc18xx43xx.o(.text))
<BR>[Address Reference Count : 1]<UL><LI> keil_freertos_startup_lpc18xx43xx.o(RESET)
</UL>
<P><STRONG><a name="[53]"></a>SPIFI_IRQHandler</STRONG> (Thumb, 0 bytes, Stack size 0 bytes, keil_freertos_startup_lpc18xx43xx.o(.text))
<BR>[Address Reference Count : 1]<UL><LI> keil_freertos_startup_lpc18xx43xx.o(RESET)
</UL>
<P><STRONG><a name="[49]"></a>SPI_IRQHandler</STRONG> (Thumb, 0 bytes, Stack size 0 bytes, keil_freertos_startup_lpc18xx43xx.o(.text))
<BR>[Address Reference Count : 1]<UL><LI> keil_freertos_startup_lpc18xx43xx.o(RESET)
</UL>
<P><STRONG><a name="[4b]"></a>SSP0_IRQHandler</STRONG> (Thumb, 0 bytes, Stack size 0 bytes, keil_freertos_startup_lpc18xx43xx.o(.text))
<BR>[Address Reference Count : 1]<UL><LI> keil_freertos_startup_lpc18xx43xx.o(RESET)
</UL>
<P><STRONG><a name="[4c]"></a>SSP1_IRQHandler</STRONG> (Thumb, 0 bytes, Stack size 0 bytes, keil_freertos_startup_lpc18xx43xx.o(.text))
<BR>[Address Reference Count : 1]<UL><LI> keil_freertos_startup_lpc18xx43xx.o(RESET)
</UL>
<P><STRONG><a name="[41]"></a>TIMER0_IRQHandler</STRONG> (Thumb, 0 bytes, Stack size 0 bytes, keil_freertos_startup_lpc18xx43xx.o(.text))
<BR>[Address Reference Count : 1]<UL><LI> keil_freertos_startup_lpc18xx43xx.o(RESET)
</UL>
<P><STRONG><a name="[42]"></a>TIMER1_IRQHandler</STRONG> (Thumb, 0 bytes, Stack size 0 bytes, keil_freertos_startup_lpc18xx43xx.o(.text))
<BR>[Address Reference Count : 1]<UL><LI> keil_freertos_startup_lpc18xx43xx.o(RESET)
</UL>
<P><STRONG><a name="[43]"></a>TIMER2_IRQHandler</STRONG> (Thumb, 0 bytes, Stack size 0 bytes, keil_freertos_startup_lpc18xx43xx.o(.text))
<BR>[Address Reference Count : 1]<UL><LI> keil_freertos_startup_lpc18xx43xx.o(RESET)
</UL>
<P><STRONG><a name="[44]"></a>TIMER3_IRQHandler</STRONG> (Thumb, 0 bytes, Stack size 0 bytes, keil_freertos_startup_lpc18xx43xx.o(.text))
<BR>[Address Reference Count : 1]<UL><LI> keil_freertos_startup_lpc18xx43xx.o(RESET)
</UL>
<P><STRONG><a name="[4d]"></a>UART0_IRQHandler</STRONG> (Thumb, 0 bytes, Stack size 0 bytes, keil_freertos_startup_lpc18xx43xx.o(.text))
<BR>[Address Reference Count : 1]<UL><LI> keil_freertos_startup_lpc18xx43xx.o(RESET)
</UL>
<P><STRONG><a name="[4e]"></a>UART1_IRQHandler</STRONG> (Thumb, 0 bytes, Stack size 0 bytes, keil_freertos_startup_lpc18xx43xx.o(.text))
<BR>[Address Reference Count : 1]<UL><LI> keil_freertos_startup_lpc18xx43xx.o(RESET)
</UL>
<P><STRONG><a name="[4f]"></a>UART2_IRQHandler</STRONG> (Thumb, 0 bytes, Stack size 0 bytes, keil_freertos_startup_lpc18xx43xx.o(.text))
<BR>[Address Reference Count : 1]<UL><LI> keil_freertos_startup_lpc18xx43xx.o(RESET)
</UL>
<P><STRONG><a name="[3d]"></a>USB0_IRQHandler</STRONG> (Thumb, 0 bytes, Stack size 0 bytes, keil_freertos_startup_lpc18xx43xx.o(.text))
<BR>[Address Reference Count : 1]<UL><LI> keil_freertos_startup_lpc18xx43xx.o(RESET)
</UL>
<P><STRONG><a name="[3e]"></a>USB1_IRQHandler</STRONG> (Thumb, 0 bytes, Stack size 0 bytes, keil_freertos_startup_lpc18xx43xx.o(.text))
<BR>[Address Reference Count : 1]<UL><LI> keil_freertos_startup_lpc18xx43xx.o(RESET)
</UL>
<P><STRONG><a name="[64]"></a>WDT_IRQHandler</STRONG> (Thumb, 0 bytes, Stack size 0 bytes, keil_freertos_startup_lpc18xx43xx.o(.text))
<BR>[Address Reference Count : 1]<UL><LI> keil_freertos_startup_lpc18xx43xx.o(RESET)
</UL>
<P><STRONG><a name="[145]"></a>__user_initial_stackheap</STRONG> (Thumb, 0 bytes, Stack size unknown bytes, keil_freertos_startup_lpc18xx43xx.o(.text))
<BR><BR>[Called By]<UL><LI><a href="#[103]">&gt;&gt;</a>&nbsp;&nbsp;&nbsp;__user_setup_stackheap
</UL>

<P><STRONG><a name="[10e]"></a>malloc</STRONG> (Thumb, 94 bytes, Stack size 16 bytes, h1_alloc.o(.text))
<BR><BR>[Stack]<UL><LI>Max Depth = 48<LI>Call Chain = malloc &rArr; __Heap_Full &rArr; __Heap_ProvideMemory &rArr; free
</UL>
<BR>[Calls]<UL><LI><a href="#[110]">&gt;&gt;</a>&nbsp;&nbsp;&nbsp;__Heap_Full
<LI><a href="#[10f]">&gt;&gt;</a>&nbsp;&nbsp;&nbsp;__rt_heap_descriptor
</UL>
<BR>[Called By]<UL><LI><a href="#[76]">&gt;&gt;</a>&nbsp;&nbsp;&nbsp;vprotocolTask
</UL>

<P><STRONG><a name="[111]"></a>__c89vsnprintf</STRONG> (Thumb, 48 bytes, Stack size 24 bytes, c89vsnprintf.o(.text))
<BR><BR>[Stack]<UL><LI>Max Depth = 128 + Unknown Stack Size
<LI>Call Chain = __c89vsnprintf &rArr; _printf_char_common &rArr; __printf
</UL>
<BR>[Calls]<UL><LI><a href="#[113]">&gt;&gt;</a>&nbsp;&nbsp;&nbsp;_sputc
<LI><a href="#[112]">&gt;&gt;</a>&nbsp;&nbsp;&nbsp;_printf_char_common
</UL>
<BR>[Called By]<UL><LI><a href="#[185]">&gt;&gt;</a>&nbsp;&nbsp;&nbsp;rt_kprintf
</UL>

<P><STRONG><a name="[115]"></a>_printf_pre_padding</STRONG> (Thumb, 44 bytes, Stack size 16 bytes, _printf_pad.o(.text))
<BR><BR>[Stack]<UL><LI>Max Depth = 16<LI>Call Chain = _printf_pre_padding
</UL>
<BR>[Called By]<UL><LI><a href="#[114]">&gt;&gt;</a>&nbsp;&nbsp;&nbsp;_printf_str
<LI><a href="#[13f]">&gt;&gt;</a>&nbsp;&nbsp;&nbsp;_printf_fp_infnan
<LI><a href="#[13d]">&gt;&gt;</a>&nbsp;&nbsp;&nbsp;_printf_fp_dec_real
<LI><a href="#[130]">&gt;&gt;</a>&nbsp;&nbsp;&nbsp;_printf_wctomb
<LI><a href="#[119]">&gt;&gt;</a>&nbsp;&nbsp;&nbsp;_printf_int_common
</UL>

<P><STRONG><a name="[116]"></a>_printf_post_padding</STRONG> (Thumb, 34 bytes, Stack size 16 bytes, _printf_pad.o(.text))
<BR><BR>[Stack]<UL><LI>Max Depth = 16<LI>Call Chain = _printf_post_padding
</UL>
<BR>[Called By]<UL><LI><a href="#[114]">&gt;&gt;</a>&nbsp;&nbsp;&nbsp;_printf_str
<LI><a href="#[13f]">&gt;&gt;</a>&nbsp;&nbsp;&nbsp;_printf_fp_infnan
<LI><a href="#[13d]">&gt;&gt;</a>&nbsp;&nbsp;&nbsp;_printf_fp_dec_real
<LI><a href="#[130]">&gt;&gt;</a>&nbsp;&nbsp;&nbsp;_printf_wctomb
<LI><a href="#[119]">&gt;&gt;</a>&nbsp;&nbsp;&nbsp;_printf_int_common
</UL>

<P><STRONG><a name="[114]"></a>_printf_str</STRONG> (Thumb, 82 bytes, Stack size 16 bytes, _printf_str.o(.text))
<BR><BR>[Stack]<UL><LI>Max Depth = 32<LI>Call Chain = _printf_str &rArr; _printf_post_padding
</UL>
<BR>[Calls]<UL><LI><a href="#[116]">&gt;&gt;</a>&nbsp;&nbsp;&nbsp;_printf_post_padding
<LI><a href="#[115]">&gt;&gt;</a>&nbsp;&nbsp;&nbsp;_printf_pre_padding
</UL>
<BR>[Called By]<UL><LI><a href="#[12f]">&gt;&gt;</a>&nbsp;&nbsp;&nbsp;_printf_cs_common
</UL>

<P><STRONG><a name="[e2]"></a>_printf_int_dec</STRONG> (Thumb, 104 bytes, Stack size 24 bytes, _printf_dec.o(.text))
<BR><BR>[Stack]<UL><LI>Max Depth = 72<LI>Call Chain = _printf_int_dec &rArr; _printf_int_common &rArr; _printf_post_padding
</UL>
<BR>[Calls]<UL><LI><a href="#[118]">&gt;&gt;</a>&nbsp;&nbsp;&nbsp;_printf_truncate_unsigned
<LI><a href="#[117]">&gt;&gt;</a>&nbsp;&nbsp;&nbsp;_printf_truncate_signed
<LI><a href="#[119]">&gt;&gt;</a>&nbsp;&nbsp;&nbsp;_printf_int_common
</UL>
<BR>[Called By]<UL><LI><a href="#[e3]">&gt;&gt;</a>&nbsp;&nbsp;&nbsp;_printf_d
<LI><a href="#[e4]">&gt;&gt;</a>&nbsp;&nbsp;&nbsp;_printf_u
<LI><a href="#[e1]">&gt;&gt;</a>&nbsp;&nbsp;&nbsp;_printf_i
</UL>

<P><STRONG><a name="[11a]"></a>__printf</STRONG> (Thumb, 388 bytes, Stack size 40 bytes, __printf_flags_ss_wp.o(.text))
<BR><BR>[Stack]<UL><LI>Max Depth = 40 + Unknown Stack Size
<LI>Call Chain = __printf
</UL>
<BR>[Calls]<UL><LI><a href="#[11c]">&gt;&gt;</a>&nbsp;&nbsp;&nbsp;_printf_percent
<LI><a href="#[11b]">&gt;&gt;</a>&nbsp;&nbsp;&nbsp;_is_digit
</UL>
<BR>[Called By]<UL><LI><a href="#[112]">&gt;&gt;</a>&nbsp;&nbsp;&nbsp;_printf_char_common
</UL>

<P><STRONG><a name="[11d]"></a>atoi</STRONG> (Thumb, 26 bytes, Stack size 16 bytes, atoi.o(.text))
<BR><BR>[Stack]<UL><LI>Max Depth = 88<LI>Call Chain = atoi &rArr; strtol &rArr; _strtoul
</UL>
<BR>[Calls]<UL><LI><a href="#[11e]">&gt;&gt;</a>&nbsp;&nbsp;&nbsp;__aeabi_errno_addr
<LI><a href="#[11f]">&gt;&gt;</a>&nbsp;&nbsp;&nbsp;strtol
</UL>
<BR>[Called By]<UL><LI><a href="#[26a]">&gt;&gt;</a>&nbsp;&nbsp;&nbsp;check_user_cmd
</UL>

<P><STRONG><a name="[26e]"></a>strlen</STRONG> (Thumb, 62 bytes, Stack size 8 bytes, strlen.o(.text))
<BR><BR>[Stack]<UL><LI>Max Depth = 8<LI>Call Chain = strlen
</UL>
<BR>[Called By]<UL><LI><a href="#[20]">&gt;&gt;</a>&nbsp;&nbsp;&nbsp;func_display_area_4
<LI><a href="#[1f]">&gt;&gt;</a>&nbsp;&nbsp;&nbsp;func_display_area_2
</UL>

<P><STRONG><a name="[123]"></a>__aeabi_memcpy</STRONG> (Thumb, 0 bytes, Stack size 0 bytes, rt_memcpy_v6.o(.text))
<BR><BR>[Called By]<UL><LI><a href="#[234]">&gt;&gt;</a>&nbsp;&nbsp;&nbsp;Send_Vtr_Up_Data
<LI><a href="#[181]">&gt;&gt;</a>&nbsp;&nbsp;&nbsp;RingBuffer_PopMult
<LI><a href="#[17f]">&gt;&gt;</a>&nbsp;&nbsp;&nbsp;RingBuffer_Insert
<LI><a href="#[287]">&gt;&gt;</a>&nbsp;&nbsp;&nbsp;prvCopyDataToQueue
<LI><a href="#[286]">&gt;&gt;</a>&nbsp;&nbsp;&nbsp;prvCopyDataFromQueue
<LI><a href="#[184]">&gt;&gt;</a>&nbsp;&nbsp;&nbsp;RingBuffer_Pop
<LI><a href="#[183]">&gt;&gt;</a>&nbsp;&nbsp;&nbsp;RingBuffer_InsertMult
<LI><a href="#[125]">&gt;&gt;</a>&nbsp;&nbsp;&nbsp;memcpy
<LI><a href="#[122]">&gt;&gt;</a>&nbsp;&nbsp;&nbsp;__rt_memmove
</UL>

<P><STRONG><a name="[120]"></a>__rt_memcpy</STRONG> (Thumb, 138 bytes, Stack size 0 bytes, rt_memcpy_v6.o(.text), UNUSED)
<BR><BR>[Calls]<UL><LI><a href="#[121]">&gt;&gt;</a>&nbsp;&nbsp;&nbsp;__aeabi_memcpy4
</UL>

<P><STRONG><a name="[2d7]"></a>_memcpy_lastbytes</STRONG> (Thumb, 0 bytes, Stack size unknown bytes, rt_memcpy_v6.o(.text), UNUSED)

<P><STRONG><a name="[25e]"></a>__aeabi_memmove</STRONG> (Thumb, 0 bytes, Stack size 0 bytes, rt_memmove_v6.o(.text))
<BR><BR>[Called By]<UL><LI><a href="#[1ae]">&gt;&gt;</a>&nbsp;&nbsp;&nbsp;_RemoveHoles
<LI><a href="#[1a6]">&gt;&gt;</a>&nbsp;&nbsp;&nbsp;_Alloc
</UL>

<P><STRONG><a name="[122]"></a>__rt_memmove</STRONG> (Thumb, 132 bytes, Stack size 0 bytes, rt_memmove_v6.o(.text), UNUSED)
<BR><BR>[Calls]<UL><LI><a href="#[123]">&gt;&gt;</a>&nbsp;&nbsp;&nbsp;__aeabi_memcpy
<LI><a href="#[124]">&gt;&gt;</a>&nbsp;&nbsp;&nbsp;__memmove_aligned
</UL>

<P><STRONG><a name="[2d8]"></a>__memmove_lastfew</STRONG> (Thumb, 0 bytes, Stack size unknown bytes, rt_memmove_v6.o(.text), UNUSED)

<P><STRONG><a name="[125]"></a>memcpy</STRONG> (Thumb, 8 bytes, Stack size 8 bytes, memcpy.o(.text), UNUSED)
<BR><BR>[Calls]<UL><LI><a href="#[123]">&gt;&gt;</a>&nbsp;&nbsp;&nbsp;__aeabi_memcpy
</UL>
<BR>[Called By]<UL><LI><a href="#[268]">&gt;&gt;</a>&nbsp;&nbsp;&nbsp;__emWin_memcpy
</UL>

<P><STRONG><a name="[121]"></a>__aeabi_memcpy4</STRONG> (Thumb, 0 bytes, Stack size 8 bytes, rt_memcpy_w.o(.text))
<BR><BR>[Stack]<UL><LI>Max Depth = 8<LI>Call Chain = __aeabi_memcpy4
</UL>
<BR>[Called By]<UL><LI><a href="#[19c]">&gt;&gt;</a>&nbsp;&nbsp;&nbsp;GUITASK_CopyContext
<LI><a href="#[120]">&gt;&gt;</a>&nbsp;&nbsp;&nbsp;__rt_memcpy
<LI><a href="#[137]">&gt;&gt;</a>&nbsp;&nbsp;&nbsp;__rt_memmove_w
</UL>

<P><STRONG><a name="[2d9]"></a>__aeabi_memcpy8</STRONG> (Thumb, 0 bytes, Stack size 8 bytes, rt_memcpy_w.o(.text), UNUSED)

<P><STRONG><a name="[2da]"></a>__rt_memcpy_w</STRONG> (Thumb, 100 bytes, Stack size 8 bytes, rt_memcpy_w.o(.text), UNUSED)

<P><STRONG><a name="[2db]"></a>_memcpy_lastbytes_aligned</STRONG> (Thumb, 0 bytes, Stack size unknown bytes, rt_memcpy_w.o(.text), UNUSED)

<P><STRONG><a name="[126]"></a>__aeabi_memset</STRONG> (Thumb, 16 bytes, Stack size 0 bytes, aeabi_memset.o(.text))
<BR><BR>[Calls]<UL><LI><a href="#[127]">&gt;&gt;</a>&nbsp;&nbsp;&nbsp;_memset
</UL>
<BR>[Called By]<UL><LI><a href="#[20d]">&gt;&gt;</a>&nbsp;&nbsp;&nbsp;xTaskGenericCreate
</UL>

<P><STRONG><a name="[1c1]"></a>__aeabi_memclr</STRONG> (Thumb, 0 bytes, Stack size 0 bytes, rt_memclr.o(.text))
<BR><BR>[Called By]<UL><LI><a href="#[1bf]">&gt;&gt;</a>&nbsp;&nbsp;&nbsp;GUI_Display_init
<LI><a href="#[18c]">&gt;&gt;</a>&nbsp;&nbsp;&nbsp;clear_display_dev
</UL>

<P><STRONG><a name="[128]"></a>__rt_memclr</STRONG> (Thumb, 68 bytes, Stack size 0 bytes, rt_memclr.o(.text), UNUSED)
<BR><BR>[Calls]<UL><LI><a href="#[129]">&gt;&gt;</a>&nbsp;&nbsp;&nbsp;_memset_w
</UL>

<P><STRONG><a name="[127]"></a>_memset</STRONG> (Thumb, 0 bytes, Stack size unknown bytes, rt_memclr.o(.text))
<BR><BR>[Called By]<UL><LI><a href="#[126]">&gt;&gt;</a>&nbsp;&nbsp;&nbsp;__aeabi_memset
</UL>

<P><STRONG><a name="[2dc]"></a>__aeabi_memclr4</STRONG> (Thumb, 0 bytes, Stack size 4 bytes, rt_memclr_w.o(.text), UNUSED)

<P><STRONG><a name="[2dd]"></a>__aeabi_memclr8</STRONG> (Thumb, 0 bytes, Stack size 4 bytes, rt_memclr_w.o(.text), UNUSED)

<P><STRONG><a name="[2de]"></a>__rt_memclr_w</STRONG> (Thumb, 78 bytes, Stack size 4 bytes, rt_memclr_w.o(.text), UNUSED)

<P><STRONG><a name="[129]"></a>_memset_w</STRONG> (Thumb, 0 bytes, Stack size unknown bytes, rt_memclr_w.o(.text), UNUSED)
<BR><BR>[Called By]<UL><LI><a href="#[128]">&gt;&gt;</a>&nbsp;&nbsp;&nbsp;__rt_memclr
</UL>

<P><STRONG><a name="[2df]"></a>__use_two_region_memory</STRONG> (Thumb, 2 bytes, Stack size 0 bytes, heapauxi.o(.text), UNUSED)

<P><STRONG><a name="[2]"></a>__rt_heap_escrow</STRONG> (Thumb, 2 bytes, Stack size 0 bytes, heapauxi.o(.text), UNUSED)

<P><STRONG><a name="[1]"></a>__rt_heap_expand</STRONG> (Thumb, 2 bytes, Stack size 0 bytes, heapauxi.o(.text), UNUSED)

<P><STRONG><a name="[10f]"></a>__rt_heap_descriptor</STRONG> (Thumb, 8 bytes, Stack size 0 bytes, rt_heap_descriptor_intlibspace.o(.text))
<BR><BR>[Called By]<UL><LI><a href="#[12e]">&gt;&gt;</a>&nbsp;&nbsp;&nbsp;free
<LI><a href="#[fc]">&gt;&gt;</a>&nbsp;&nbsp;&nbsp;_init_alloc
<LI><a href="#[10e]">&gt;&gt;</a>&nbsp;&nbsp;&nbsp;malloc
</UL>

<P><STRONG><a name="[11e]"></a>__aeabi_errno_addr</STRONG> (Thumb, 8 bytes, Stack size 0 bytes, rt_errno_addr_intlibspace.o(.text))
<BR><BR>[Called By]<UL><LI><a href="#[11d]">&gt;&gt;</a>&nbsp;&nbsp;&nbsp;atoi
<LI><a href="#[136]">&gt;&gt;</a>&nbsp;&nbsp;&nbsp;_strtoul
<LI><a href="#[11f]">&gt;&gt;</a>&nbsp;&nbsp;&nbsp;strtol
</UL>

<P><STRONG><a name="[2e0]"></a>__errno$intlibspace</STRONG> (Thumb, 0 bytes, Stack size 0 bytes, rt_errno_addr_intlibspace.o(.text), UNUSED)

<P><STRONG><a name="[2e1]"></a>__rt_errno_addr$intlibspace</STRONG> (Thumb, 0 bytes, Stack size 0 bytes, rt_errno_addr_intlibspace.o(.text), UNUSED)

<P><STRONG><a name="[2e2]"></a>__use_no_heap</STRONG> (Thumb, 2 bytes, Stack size 0 bytes, hguard.o(.text), UNUSED)

<P><STRONG><a name="[2e3]"></a>__heap$guard</STRONG> (Thumb, 2 bytes, Stack size 0 bytes, hguard.o(.text), UNUSED)

<P><STRONG><a name="[7]"></a>_terminate_user_alloc</STRONG> (Thumb, 2 bytes, Stack size 0 bytes, init_alloc.o(.text), UNUSED)

<P><STRONG><a name="[4]"></a>_init_user_alloc</STRONG> (Thumb, 2 bytes, Stack size 0 bytes, init_alloc.o(.text), UNUSED)

<P><STRONG><a name="[110]"></a>__Heap_Full</STRONG> (Thumb, 34 bytes, Stack size 16 bytes, init_alloc.o(.text))
<BR><BR>[Stack]<UL><LI>Max Depth = 32<LI>Call Chain = __Heap_Full &rArr; __Heap_ProvideMemory &rArr; free
</UL>
<BR>[Calls]<UL><LI><a href="#[12a]">&gt;&gt;</a>&nbsp;&nbsp;&nbsp;__Heap_ProvideMemory
</UL>
<BR>[Called By]<UL><LI><a href="#[10e]">&gt;&gt;</a>&nbsp;&nbsp;&nbsp;malloc
</UL>

<P><STRONG><a name="[12b]"></a>__Heap_Broken</STRONG> (Thumb, 6 bytes, Stack size 0 bytes, init_alloc.o(.text), UNUSED)
<BR><BR>[Calls]<UL><LI><a href="#[12c]">&gt;&gt;</a>&nbsp;&nbsp;&nbsp;__rt_SIGRTMEM
</UL>

<P><STRONG><a name="[fc]"></a>_init_alloc</STRONG> (Thumb, 94 bytes, Stack size 24 bytes, init_alloc.o(.text))
<BR><BR>[Stack]<UL><LI>Max Depth = 64<LI>Call Chain = _init_alloc &rArr; __rt_SIGRTMEM &rArr; __rt_SIGRTMEM_inner &rArr; __default_signal_display &rArr; _ttywrch
</UL>
<BR>[Calls]<UL><LI><a href="#[12d]">&gt;&gt;</a>&nbsp;&nbsp;&nbsp;__Heap_Initialize
<LI><a href="#[10f]">&gt;&gt;</a>&nbsp;&nbsp;&nbsp;__rt_heap_descriptor
<LI><a href="#[12c]">&gt;&gt;</a>&nbsp;&nbsp;&nbsp;__rt_SIGRTMEM
<LI><a href="#[12a]">&gt;&gt;</a>&nbsp;&nbsp;&nbsp;__Heap_ProvideMemory
</UL>
<BR>[Called By]<UL><LI><a href="#[fb]">&gt;&gt;</a>&nbsp;&nbsp;&nbsp;__rt_lib_init_heap_2
</UL>

<P><STRONG><a name="[12d]"></a>__Heap_Initialize</STRONG> (Thumb, 10 bytes, Stack size 0 bytes, h1_init.o(.text))
<BR><BR>[Called By]<UL><LI><a href="#[fc]">&gt;&gt;</a>&nbsp;&nbsp;&nbsp;_init_alloc
</UL>

<P><STRONG><a name="[3]"></a>__Heap_DescSize</STRONG> (Thumb, 4 bytes, Stack size 0 bytes, h1_init.o(.text), UNUSED)

<P><STRONG><a name="[12e]"></a>free</STRONG> (Thumb, 78 bytes, Stack size 16 bytes, h1_free.o(.text))
<BR><BR>[Stack]<UL><LI>Max Depth = 16<LI>Call Chain = free
</UL>
<BR>[Calls]<UL><LI><a href="#[10f]">&gt;&gt;</a>&nbsp;&nbsp;&nbsp;__rt_heap_descriptor
</UL>
<BR>[Called By]<UL><LI><a href="#[12a]">&gt;&gt;</a>&nbsp;&nbsp;&nbsp;__Heap_ProvideMemory
</UL>

<P><STRONG><a name="[117]"></a>_printf_truncate_signed</STRONG> (Thumb, 18 bytes, Stack size 0 bytes, _printf_truncate.o(.text))
<BR><BR>[Called By]<UL><LI><a href="#[e2]">&gt;&gt;</a>&nbsp;&nbsp;&nbsp;_printf_int_dec
</UL>

<P><STRONG><a name="[118]"></a>_printf_truncate_unsigned</STRONG> (Thumb, 18 bytes, Stack size 0 bytes, _printf_truncate.o(.text))
<BR><BR>[Called By]<UL><LI><a href="#[e2]">&gt;&gt;</a>&nbsp;&nbsp;&nbsp;_printf_int_dec
<LI><a href="#[e8]">&gt;&gt;</a>&nbsp;&nbsp;&nbsp;_printf_int_hex
<LI><a href="#[e6]">&gt;&gt;</a>&nbsp;&nbsp;&nbsp;_printf_int_oct
</UL>

<P><STRONG><a name="[119]"></a>_printf_int_common</STRONG> (Thumb, 178 bytes, Stack size 32 bytes, _printf_intcommon.o(.text))
<BR><BR>[Stack]<UL><LI>Max Depth = 48<LI>Call Chain = _printf_int_common &rArr; _printf_post_padding
</UL>
<BR>[Calls]<UL><LI><a href="#[116]">&gt;&gt;</a>&nbsp;&nbsp;&nbsp;_printf_post_padding
<LI><a href="#[115]">&gt;&gt;</a>&nbsp;&nbsp;&nbsp;_printf_pre_padding
</UL>
<BR>[Called By]<UL><LI><a href="#[e2]">&gt;&gt;</a>&nbsp;&nbsp;&nbsp;_printf_int_dec
<LI><a href="#[134]">&gt;&gt;</a>&nbsp;&nbsp;&nbsp;_printf_longlong_hex
<LI><a href="#[133]">&gt;&gt;</a>&nbsp;&nbsp;&nbsp;_printf_longlong_oct
<LI><a href="#[ea]">&gt;&gt;</a>&nbsp;&nbsp;&nbsp;_printf_longlong_dec
</UL>

<P><STRONG><a name="[da]"></a>_printf_charcount</STRONG> (Thumb, 40 bytes, Stack size 0 bytes, _printf_charcount.o(.text))
<BR><BR>[Called By]<UL><LI><a href="#[d9]">&gt;&gt;</a>&nbsp;&nbsp;&nbsp;_printf_n
</UL>

<P><STRONG><a name="[112]"></a>_printf_char_common</STRONG> (Thumb, 32 bytes, Stack size 64 bytes, _printf_char_common.o(.text))
<BR><BR>[Stack]<UL><LI>Max Depth = 104 + Unknown Stack Size
<LI>Call Chain = _printf_char_common &rArr; __printf
</UL>
<BR>[Calls]<UL><LI><a href="#[11a]">&gt;&gt;</a>&nbsp;&nbsp;&nbsp;__printf
</UL>
<BR>[Called By]<UL><LI><a href="#[111]">&gt;&gt;</a>&nbsp;&nbsp;&nbsp;__c89vsnprintf
</UL>

<P><STRONG><a name="[113]"></a>_sputc</STRONG> (Thumb, 10 bytes, Stack size 0 bytes, _sputc.o(.text))
<BR><BR>[Called By]<UL><LI><a href="#[111]">&gt;&gt;</a>&nbsp;&nbsp;&nbsp;__c89vsnprintf
</UL>

<P><STRONG><a name="[69]"></a>_snputc</STRONG> (Thumb, 16 bytes, Stack size 0 bytes, _snputc.o(.text))
<BR>[Address Reference Count : 1]<UL><LI> c89vsnprintf.o(.text)
</UL>
<P><STRONG><a name="[12f]"></a>_printf_cs_common</STRONG> (Thumb, 20 bytes, Stack size 8 bytes, _printf_char.o(.text))
<BR><BR>[Stack]<UL><LI>Max Depth = 40<LI>Call Chain = _printf_cs_common &rArr; _printf_str &rArr; _printf_post_padding
</UL>
<BR>[Calls]<UL><LI><a href="#[114]">&gt;&gt;</a>&nbsp;&nbsp;&nbsp;_printf_str
</UL>
<BR>[Called By]<UL><LI><a href="#[f4]">&gt;&gt;</a>&nbsp;&nbsp;&nbsp;_printf_string
<LI><a href="#[f2]">&gt;&gt;</a>&nbsp;&nbsp;&nbsp;_printf_char
</UL>

<P><STRONG><a name="[f2]"></a>_printf_char</STRONG> (Thumb, 16 bytes, Stack size 0 bytes, _printf_char.o(.text))
<BR><BR>[Stack]<UL><LI>Max Depth = 40<LI>Call Chain = _printf_char &rArr; _printf_cs_common &rArr; _printf_str &rArr; _printf_post_padding
</UL>
<BR>[Calls]<UL><LI><a href="#[12f]">&gt;&gt;</a>&nbsp;&nbsp;&nbsp;_printf_cs_common
</UL>
<BR>[Called By]<UL><LI><a href="#[f1]">&gt;&gt;</a>&nbsp;&nbsp;&nbsp;_printf_c
</UL>

<P><STRONG><a name="[f4]"></a>_printf_string</STRONG> (Thumb, 8 bytes, Stack size 0 bytes, _printf_char.o(.text))
<BR><BR>[Stack]<UL><LI>Max Depth = 40<LI>Call Chain = _printf_string &rArr; _printf_cs_common &rArr; _printf_str &rArr; _printf_post_padding
</UL>
<BR>[Calls]<UL><LI><a href="#[12f]">&gt;&gt;</a>&nbsp;&nbsp;&nbsp;_printf_cs_common
</UL>
<BR>[Called By]<UL><LI><a href="#[f3]">&gt;&gt;</a>&nbsp;&nbsp;&nbsp;_printf_s
</UL>

<P><STRONG><a name="[130]"></a>_printf_wctomb</STRONG> (Thumb, 182 bytes, Stack size 56 bytes, _printf_wctomb.o(.text))
<BR><BR>[Stack]<UL><LI>Max Depth = 80<LI>Call Chain = _printf_wctomb &rArr; _wcrtomb &rArr; __rt_ctype_table
</UL>
<BR>[Calls]<UL><LI><a href="#[116]">&gt;&gt;</a>&nbsp;&nbsp;&nbsp;_printf_post_padding
<LI><a href="#[115]">&gt;&gt;</a>&nbsp;&nbsp;&nbsp;_printf_pre_padding
<LI><a href="#[131]">&gt;&gt;</a>&nbsp;&nbsp;&nbsp;_wcrtomb
</UL>
<BR>[Called By]<UL><LI><a href="#[140]">&gt;&gt;</a>&nbsp;&nbsp;&nbsp;_printf_lcs_common
</UL>

<P><STRONG><a name="[ea]"></a>_printf_longlong_dec</STRONG> (Thumb, 108 bytes, Stack size 24 bytes, _printf_longlong_dec.o(.text))
<BR><BR>[Stack]<UL><LI>Max Depth = 72<LI>Call Chain = _printf_longlong_dec &rArr; _printf_int_common &rArr; _printf_post_padding
</UL>
<BR>[Calls]<UL><LI><a href="#[132]">&gt;&gt;</a>&nbsp;&nbsp;&nbsp;_ll_udiv10
<LI><a href="#[119]">&gt;&gt;</a>&nbsp;&nbsp;&nbsp;_printf_int_common
</UL>
<BR>[Called By]<UL><LI><a href="#[ec]">&gt;&gt;</a>&nbsp;&nbsp;&nbsp;_printf_llu
<LI><a href="#[eb]">&gt;&gt;</a>&nbsp;&nbsp;&nbsp;_printf_lld
<LI><a href="#[e9]">&gt;&gt;</a>&nbsp;&nbsp;&nbsp;_printf_lli
</UL>

<P><STRONG><a name="[133]"></a>_printf_longlong_oct</STRONG> (Thumb, 68 bytes, Stack size 8 bytes, _printf_oct_int_ll.o(.text))
<BR><BR>[Stack]<UL><LI>Max Depth = 56<LI>Call Chain = _printf_longlong_oct &rArr; _printf_int_common &rArr; _printf_post_padding
</UL>
<BR>[Calls]<UL><LI><a href="#[119]">&gt;&gt;</a>&nbsp;&nbsp;&nbsp;_printf_int_common
</UL>
<BR>[Called By]<UL><LI><a href="#[ee]">&gt;&gt;</a>&nbsp;&nbsp;&nbsp;_printf_ll_oct
<LI><a href="#[e6]">&gt;&gt;</a>&nbsp;&nbsp;&nbsp;_printf_int_oct
</UL>

<P><STRONG><a name="[e6]"></a>_printf_int_oct</STRONG> (Thumb, 24 bytes, Stack size 8 bytes, _printf_oct_int_ll.o(.text))
<BR><BR>[Stack]<UL><LI>Max Depth = 64<LI>Call Chain = _printf_int_oct &rArr; _printf_longlong_oct &rArr; _printf_int_common &rArr; _printf_post_padding
</UL>
<BR>[Calls]<UL><LI><a href="#[118]">&gt;&gt;</a>&nbsp;&nbsp;&nbsp;_printf_truncate_unsigned
[...]
<BR><BR>[Stack]<UL><LI>Max Depth = 24<LI>Call Chain = _XorPixel
</UL>
<BR>[Address Reference Count : 1]<UL><LI> GUIDRV_Lin_16.o(.constdata)
</UL>
<P><STRONG><a name="[169]"></a>Chip_Clock_GetDivRate</STRONG> (Thumb, 34 bytes, Stack size 8 bytes, clock_18xx_43xx.o(i.Chip_Clock_GetDivRate))
<BR><BR>[Stack]<UL><LI>Max Depth = 8 + In Cycle
<LI>Call Chain = Chip_Clock_GetDivRate &rArr;  Chip_Clock_GetClockInputHz (Cycle)
</UL>
<BR>[Calls]<UL><LI><a href="#[167]">&gt;&gt;</a>&nbsp;&nbsp;&nbsp;Chip_Clock_GetClockInputHz
<LI><a href="#[16a]">&gt;&gt;</a>&nbsp;&nbsp;&nbsp;Chip_Clock_GetDividerSource
<LI><a href="#[16b]">&gt;&gt;</a>&nbsp;&nbsp;&nbsp;Chip_Clock_GetDividerDivisor
</UL>
<BR>[Called By]<UL><LI><a href="#[167]">&gt;&gt;</a>&nbsp;&nbsp;&nbsp;Chip_Clock_GetClockInputHz
</UL>

<P><STRONG><a name="[16f]"></a>Chip_Clock_TestMainPLLMultiplier</STRONG> (Thumb, 20 bytes, Stack size 0 bytes, clock_18xx_43xx.o(i.Chip_Clock_TestMainPLLMultiplier))
<BR><BR>[Called By]<UL><LI><a href="#[16e]">&gt;&gt;</a>&nbsp;&nbsp;&nbsp;Chip_Clock_SetupMainPLLHz
</UL>

<P><STRONG><a name="[271]"></a>convertTimmingParam</STRONG> (Thumb, 42 bytes, Stack size 0 bytes, emc_18xx_43xx.o(i.convertTimmingParam))
<BR><BR>[Called By]<UL><LI><a href="#[172]">&gt;&gt;</a>&nbsp;&nbsp;&nbsp;initStaticMem
</UL>

<P><STRONG><a name="[b5]"></a>_Color2IndexBulk</STRONG> (Thumb, 120 bytes, Stack size 20 bytes, GUICC_565.o(i._Color2IndexBulk))
<BR><BR>[Stack]<UL><LI>Max Depth = 20<LI>Call Chain = _Color2IndexBulk
</UL>
<BR>[Address Reference Count : 1]<UL><LI> GUICC_565.o(.constdata)
</UL>
<P><STRONG><a name="[b3]"></a>_Color2Index_565</STRONG> (Thumb, 34 bytes, Stack size 0 bytes, GUICC_565.o(i._Color2Index_565))
<BR>[Address Reference Count : 1]<UL><LI> GUICC_565.o(.constdata)
</UL>
<P><STRONG><a name="[b4]"></a>_GetIndexMask_565</STRONG> (Thumb, 6 bytes, Stack size 0 bytes, GUICC_565.o(i._GetIndexMask_565))
<BR>[Address Reference Count : 1]<UL><LI> GUICC_565.o(.constdata)
</UL>
<P><STRONG><a name="[b6]"></a>_Index2ColorBulk</STRONG> (Thumb, 136 bytes, Stack size 20 bytes, GUICC_565.o(i._Index2ColorBulk))
<BR><BR>[Stack]<UL><LI>Max Depth = 20<LI>Call Chain = _Index2ColorBulk
</UL>
<BR>[Address Reference Count : 1]<UL><LI> GUICC_565.o(.constdata)
</UL>
<P><STRONG><a name="[b9]"></a>_Color2IndexBulk</STRONG> (Thumb, 58 bytes, Stack size 4 bytes, GUICC_8888.o(i._Color2IndexBulk))
<BR><BR>[Stack]<UL><LI>Max Depth = 4<LI>Call Chain = _Color2IndexBulk
</UL>
<BR>[Address Reference Count : 1]<UL><LI> GUICC_8888.o(.constdata)
</UL>
<P><STRONG><a name="[b7]"></a>_Color2Index_8888</STRONG> (Thumb, 2 bytes, Stack size 0 bytes, GUICC_8888.o(i._Color2Index_8888))
<BR>[Address Reference Count : 1]<UL><LI> GUICC_8888.o(.constdata)
</UL>
<P><STRONG><a name="[b8]"></a>_GetIndexMask_8888</STRONG> (Thumb, 6 bytes, Stack size 0 bytes, GUICC_8888.o(i._GetIndexMask_8888))
<BR>[Address Reference Count : 1]<UL><LI> GUICC_8888.o(.constdata)
</UL>
<P><STRONG><a name="[ba]"></a>_Index2ColorBulk</STRONG> (Thumb, 92 bytes, Stack size 4 bytes, GUICC_8888.o(i._Index2ColorBulk))
<BR><BR>[Stack]<UL><LI>Max Depth = 4<LI>Call Chain = _Index2ColorBulk
</UL>
<BR>[Address Reference Count : 1]<UL><LI> GUICC_8888.o(.constdata)
</UL>
<P><STRONG><a name="[6c]"></a>_OnExit</STRONG> (Thumb, 16 bytes, Stack size 8 bytes, GUI_Task.o(i._OnExit))
<BR><BR>[Stack]<UL><LI>Max Depth = 8<LI>Call Chain = _OnExit
</UL>
<BR>[Calls]<UL><LI><a href="#[1b7]">&gt;&gt;</a>&nbsp;&nbsp;&nbsp;GUI_ALLOC_FreeFixedBlock
</UL>
<BR>[Address Reference Count : 1]<UL><LI> GUI_Task.o(i.GUITASK_Init)
</UL>
<P><STRONG><a name="[bd]"></a>_CalcSizeOfChar</STRONG> (Thumb, 4 bytes, Stack size 0 bytes, GUI_UC_EncodeNone.o(i._CalcSizeOfChar))
<BR>[Address Reference Count : 1]<UL><LI> GUI_UC_EncodeNone.o(.constdata)
</UL>
<P><STRONG><a name="[be]"></a>_Encode</STRONG> (Thumb, 6 bytes, Stack size 0 bytes, GUI_UC_EncodeNone.o(i._Encode))
<BR>[Address Reference Count : 1]<UL><LI> GUI_UC_EncodeNone.o(.constdata)
</UL>
<P><STRONG><a name="[bb]"></a>_GetCharCode</STRONG> (Thumb, 4 bytes, Stack size 0 bytes, GUI_UC_EncodeNone.o(i._GetCharCode))
<BR>[Address Reference Count : 1]<UL><LI> GUI_UC_EncodeNone.o(.constdata)
</UL>
<P><STRONG><a name="[bc]"></a>_GetCharSize</STRONG> (Thumb, 4 bytes, Stack size 0 bytes, GUI_UC_EncodeNone.o(i._GetCharSize))
<BR>[Address Reference Count : 1]<UL><LI> GUI_UC_EncodeNone.o(.constdata)
</UL>
<P><STRONG><a name="[70]"></a>_OnExit</STRONG> (Thumb, 36 bytes, Stack size 8 bytes, GUI__Alpha.o(i._OnExit))
<BR><BR>[Stack]<UL><LI>Max Depth = 8<LI>Call Chain = _OnExit
</UL>
<BR>[Calls]<UL><LI><a href="#[1b7]">&gt;&gt;</a>&nbsp;&nbsp;&nbsp;GUI_ALLOC_FreeFixedBlock
</UL>
<BR>[Address Reference Count : 1]<UL><LI> GUI__Alpha.o(i.GUI__GetAlphaBuffer)
</UL>
<P><STRONG><a name="[c0]"></a>_SetBkColor</STRONG> (Thumb, 48 bytes, Stack size 8 bytes, LCD.o(i._SetBkColor))
<BR><BR>[Stack]<UL><LI>Max Depth = 8<LI>Call Chain = _SetBkColor
</UL>
<BR>[Address Reference Count : 1]<UL><LI> LCD.o(.constdata)
</UL>
<P><STRONG><a name="[bf]"></a>_SetColor</STRONG> (Thumb, 48 bytes, Stack size 8 bytes, LCD.o(i._SetColor))
<BR><BR>[Stack]<UL><LI>Max Depth = 8<LI>Call Chain = _SetColor
</UL>
<BR>[Address Reference Count : 1]<UL><LI> LCD.o(.constdata)
</UL>
<P><STRONG><a name="[c1]"></a>_SetDrawMode</STRONG> (Thumb, 50 bytes, Stack size 4 bytes, LCD.o(i._SetDrawMode))
<BR><BR>[Stack]<UL><LI>Max Depth = 4<LI>Call Chain = _SetDrawMode
</UL>
<BR>[Address Reference Count : 1]<UL><LI> LCD.o(.constdata)
</UL>
<P><STRONG><a name="[73]"></a>_OnExit</STRONG> (Thumb, 16 bytes, Stack size 8 bytes, LCD_Color.o(i._OnExit))
<BR><BR>[Stack]<UL><LI>Max Depth = 8<LI>Call Chain = _OnExit
</UL>
<BR>[Calls]<UL><LI><a href="#[1b7]">&gt;&gt;</a>&nbsp;&nbsp;&nbsp;GUI_ALLOC_FreeFixedBlock
</UL>
<BR>[Address Reference Count : 1]<UL><LI> LCD_Color.o(i.LCD_InitColors)
</UL>
<P><STRONG><a name="[c6]"></a>_DrawBitmap</STRONG> (Thumb, 2046 bytes, Stack size 136 bytes, GUIDEV_16.o(i._DrawBitmap))
<BR><BR>[Stack]<UL><LI>Max Depth = 160<LI>Call Chain = _DrawBitmap &rArr; GUI_USAGE_AddRect
</UL>
<BR>[Calls]<UL><LI><a href="#[260]">&gt;&gt;</a>&nbsp;&nbsp;&nbsp;emWin_memcpy
<LI><a href="#[1aa]">&gt;&gt;</a>&nbsp;&nbsp;&nbsp;GUI_ALLOC_UnlockH
<LI><a href="#[1a9]">&gt;&gt;</a>&nbsp;&nbsp;&nbsp;GUI_ALLOC_LockH
<LI><a href="#[263]">&gt;&gt;</a>&nbsp;&nbsp;&nbsp;GUI_USAGE_AddRect
</UL>
<BR>[Address Reference Count : 1]<UL><LI> GUIDEV_16.o(.constdata)
</UL>
<P><STRONG><a name="[c7]"></a>_DrawHLine</STRONG> (Thumb, 10 bytes, Stack size 8 bytes, GUIDEV_16.o(i._DrawHLine))
<BR><BR>[Stack]<UL><LI>Max Depth = 96<LI>Call Chain = _DrawHLine &rArr; _FillRect &rArr; GUI_USAGE_AddRect
</UL>
<BR>[Calls]<UL><LI><a href="#[c9]">&gt;&gt;</a>&nbsp;&nbsp;&nbsp;_FillRect
</UL>
<BR>[Address Reference Count : 1]<UL><LI> GUIDEV_16.o(.constdata)
</UL>
<P><STRONG><a name="[c8]"></a>_DrawVLine</STRONG> (Thumb, 276 bytes, Stack size 48 bytes, GUIDEV_16.o(i._DrawVLine))
<BR><BR>[Stack]<UL><LI>Max Depth = 48<LI>Call Chain = _DrawVLine
</UL>
<BR>[Calls]<UL><LI><a href="#[1aa]">&gt;&gt;</a>&nbsp;&nbsp;&nbsp;GUI_ALLOC_UnlockH
<LI><a href="#[1a9]">&gt;&gt;</a>&nbsp;&nbsp;&nbsp;GUI_ALLOC_LockH
</UL>
<BR>[Address Reference Count : 1]<UL><LI> GUIDEV_16.o(.constdata)
</UL>
<P><STRONG><a name="[c9]"></a>_FillRect</STRONG> (Thumb, 242 bytes, Stack size 64 bytes, GUIDEV_16.o(i._FillRect))
<BR><BR>[Stack]<UL><LI>Max Depth = 88<LI>Call Chain = _FillRect &rArr; GUI_USAGE_AddRect
</UL>
<BR>[Calls]<UL><LI><a href="#[1aa]">&gt;&gt;</a>&nbsp;&nbsp;&nbsp;GUI_ALLOC_UnlockH
<LI><a href="#[1a9]">&gt;&gt;</a>&nbsp;&nbsp;&nbsp;GUI_ALLOC_LockH
<LI><a href="#[264]">&gt;&gt;</a>&nbsp;&nbsp;&nbsp;GUI__memset16
<LI><a href="#[263]">&gt;&gt;</a>&nbsp;&nbsp;&nbsp;GUI_USAGE_AddRect
</UL>
<BR>[Called By]<UL><LI><a href="#[c7]">&gt;&gt;</a>&nbsp;&nbsp;&nbsp;_DrawHLine
</UL>
<BR>[Address Reference Count : 1]<UL><LI> GUIDEV_16.o(.constdata)
</UL>
<P><STRONG><a name="[d0]"></a>_GetDevData</STRONG> (Thumb, 10 bytes, Stack size 0 bytes, GUIDEV_16.o(i._GetDevData))
<BR>[Address Reference Count : 1]<UL><LI> GUIDEV_16.o(.constdata)
</UL>
<P><STRONG><a name="[ce]"></a>_GetDevFunc</STRONG> (Thumb, 10 bytes, Stack size 0 bytes, GUIDEV_16.o(i._GetDevFunc))
<BR>[Address Reference Count : 1]<UL><LI> GUIDEV_16.o(.constdata)
</UL>
<P><STRONG><a name="[cf]"></a>_GetDevProp</STRONG> (Thumb, 18 bytes, Stack size 0 bytes, GUIDEV_16.o(i._GetDevProp))
<BR>[Address Reference Count : 1]<UL><LI> GUIDEV_16.o(.constdata)
</UL>
<P><STRONG><a name="[ca]"></a>_GetPixelIndex</STRONG> (Thumb, 58 bytes, Stack size 16 bytes, GUIDEV_16.o(i._GetPixelIndex))
<BR><BR>[Stack]<UL><LI>Max Depth = 16<LI>Call Chain = _GetPixelIndex
</UL>
<BR>[Calls]<UL><LI><a href="#[1aa]">&gt;&gt;</a>&nbsp;&nbsp;&nbsp;GUI_ALLOC_UnlockH
<LI><a href="#[1a9]">&gt;&gt;</a>&nbsp;&nbsp;&nbsp;GUI_ALLOC_LockH
</UL>
<BR>[Address Reference Count : 1]<UL><LI> GUIDEV_16.o(.constdata)
</UL>
<P><STRONG><a name="[d1]"></a>_GetRect</STRONG> (Thumb, 48 bytes, Stack size 16 bytes, GUIDEV_16.o(i._GetRect))
<BR><BR>[Stack]<UL><LI>Max Depth = 16<LI>Call Chain = _GetRect
</UL>
<BR>[Calls]<UL><LI><a href="#[1aa]">&gt;&gt;</a>&nbsp;&nbsp;&nbsp;GUI_ALLOC_UnlockH
<LI><a href="#[1a9]">&gt;&gt;</a>&nbsp;&nbsp;&nbsp;GUI_ALLOC_LockH
</UL>
<BR>[Address Reference Count : 1]<UL><LI> GUIDEV_16.o(.constdata)
</UL>
<P><STRONG><a name="[cd]"></a>_SetOrg</STRONG> (Thumb, 14 bytes, Stack size 0 bytes, GUIDEV_16.o(i._SetOrg))
<BR>[Address Reference Count : 1]<UL><LI> GUIDEV_16.o(.constdata)
</UL>
<P><STRONG><a name="[cb]"></a>_SetPixelIndex</STRONG> (Thumb, 110 bytes, Stack size 32 bytes, GUIDEV_16.o(i._SetPixelIndex))
<BR><BR>[Stack]<UL><LI>Max Depth = 32<LI>Call Chain = _SetPixelIndex
</UL>
<BR>[Calls]<UL><LI><a href="#[1aa]">&gt;&gt;</a>&nbsp;&nbsp;&nbsp;GUI_ALLOC_UnlockH
<LI><a href="#[1a9]">&gt;&gt;</a>&nbsp;&nbsp;&nbsp;GUI_ALLOC_LockH
</UL>
<BR>[Address Reference Count : 1]<UL><LI> GUIDEV_16.o(.constdata)
</UL>
<P><STRONG><a name="[cc]"></a>_XorPixel</STRONG> (Thumb, 120 bytes, Stack size 32 bytes, GUIDEV_16.o(i._XorPixel))
<BR><BR>[Stack]<UL><LI>Max Depth = 32<LI>Call Chain = _XorPixel
</UL>
<BR>[Calls]<UL><LI><a href="#[1aa]">&gt;&gt;</a>&nbsp;&nbsp;&nbsp;GUI_ALLOC_UnlockH
<LI><a href="#[1a9]">&gt;&gt;</a>&nbsp;&nbsp;&nbsp;GUI_ALLOC_LockH
</UL>
<BR>[Address Reference Count : 1]<UL><LI> GUIDEV_16.o(.constdata)
</UL>
<P><STRONG><a name="[25b]"></a>_Findx0</STRONG> (Thumb, 138 bytes, Stack size 40 bytes, WM.o(i._Findx0))
<BR><BR>[Stack]<UL><LI>Max Depth = 48 + In Cycle
<LI>Call Chain = _Findx0 &rArr;  _Findx0 (Cycle)
</UL>
<BR>[Calls]<UL><LI><a href="#[246]">&gt;&gt;</a>&nbsp;&nbsp;&nbsp;GUI_ALLOC_h2p
<LI><a href="#[1aa]">&gt;&gt;</a>&nbsp;&nbsp;&nbsp;GUI_ALLOC_UnlockH
<LI><a href="#[1a9]">&gt;&gt;</a>&nbsp;&nbsp;&nbsp;GUI_ALLOC_LockH
<LI><a href="#[220]">&gt;&gt;</a>&nbsp;&nbsp;&nbsp;GUI__IntersectRects
<LI><a href="#[1f8]">&gt;&gt;</a>&nbsp;&nbsp;&nbsp;GUI_RectsIntersect
<LI><a href="#[25b]">&gt;&gt;</a>&nbsp;&nbsp;&nbsp;_Findx0
</UL>
<BR>[Called By]<UL><LI><a href="#[1b3]">&gt;&gt;</a>&nbsp;&nbsp;&nbsp;WM__GetNextIVR
<LI><a href="#[25b]">&gt;&gt;</a>&nbsp;&nbsp;&nbsp;_Findx0
</UL>

<P><STRONG><a name="[25c]"></a>_Findx1</STRONG> (Thumb, 128 bytes, Stack size 32 bytes, WM.o(i._Findx1))
<BR><BR>[Stack]<UL><LI>Max Depth = 40 + In Cycle
<LI>Call Chain = _Findx1 &rArr;  _Findx1 (Cycle)
</UL>
<BR>[Calls]<UL><LI><a href="#[246]">&gt;&gt;</a>&nbsp;&nbsp;&nbsp;GUI_ALLOC_h2p
<LI><a href="#[1aa]">&gt;&gt;</a>&nbsp;&nbsp;&nbsp;GUI_ALLOC_UnlockH
<LI><a href="#[1a9]">&gt;&gt;</a>&nbsp;&nbsp;&nbsp;GUI_ALLOC_LockH
<LI><a href="#[220]">&gt;&gt;</a>&nbsp;&nbsp;&nbsp;GUI__IntersectRects
<LI><a href="#[1f8]">&gt;&gt;</a>&nbsp;&nbsp;&nbsp;GUI_RectsIntersect
<LI><a href="#[25c]">&gt;&gt;</a>&nbsp;&nbsp;&nbsp;_Findx1
</UL>
<BR>[Called By]<UL><LI><a href="#[1b3]">&gt;&gt;</a>&nbsp;&nbsp;&nbsp;WM__GetNextIVR
<LI><a href="#[25c]">&gt;&gt;</a>&nbsp;&nbsp;&nbsp;_Findx1
</UL>

<P><STRONG><a name="[25a]"></a>_Findy1</STRONG> (Thumb, 180 bytes, Stack size 32 bytes, WM.o(i._Findy1))
<BR><BR>[Stack]<UL><LI>Max Depth = 40 + In Cycle
<LI>Call Chain = _Findy1 &rArr;  _Findy1 (Cycle)
</UL>
<BR>[Calls]<UL><LI><a href="#[246]">&gt;&gt;</a>&nbsp;&nbsp;&nbsp;GUI_ALLOC_h2p
<LI><a href="#[1aa]">&gt;&gt;</a>&nbsp;&nbsp;&nbsp;GUI_ALLOC_UnlockH
<LI><a href="#[1a9]">&gt;&gt;</a>&nbsp;&nbsp;&nbsp;GUI_ALLOC_LockH
<LI><a href="#[220]">&gt;&gt;</a>&nbsp;&nbsp;&nbsp;GUI__IntersectRects
<LI><a href="#[1f8]">&gt;&gt;</a>&nbsp;&nbsp;&nbsp;GUI_RectsIntersect
<LI><a href="#[25a]">&gt;&gt;</a>&nbsp;&nbsp;&nbsp;_Findy1
</UL>
<BR>[Called By]<UL><LI><a href="#[1b3]">&gt;&gt;</a>&nbsp;&nbsp;&nbsp;WM__GetNextIVR
<LI><a href="#[25a]">&gt;&gt;</a>&nbsp;&nbsp;&nbsp;_Findy1
</UL>

<P><STRONG><a name="[254]"></a>_Invalidate1Abs</STRONG> (Thumb, 176 bytes, Stack size 32 bytes, WM.o(i._Invalidate1Abs))
<BR><BR>[Stack]<UL><LI>Max Depth = 40<LI>Call Chain = _Invalidate1Abs &rArr; GUI__IntersectRects
</UL>
<BR>[Calls]<UL><LI><a href="#[246]">&gt;&gt;</a>&nbsp;&nbsp;&nbsp;GUI_ALLOC_h2p
<LI><a href="#[1aa]">&gt;&gt;</a>&nbsp;&nbsp;&nbsp;GUI_ALLOC_UnlockH
<LI><a href="#[1a9]">&gt;&gt;</a>&nbsp;&nbsp;&nbsp;GUI_ALLOC_LockH
<LI><a href="#[220]">&gt;&gt;</a>&nbsp;&nbsp;&nbsp;GUI__IntersectRects
<LI><a href="#[1eb]">&gt;&gt;</a>&nbsp;&nbsp;&nbsp;GUI_SignalEvent
<LI><a href="#[266]">&gt;&gt;</a>&nbsp;&nbsp;&nbsp;GUI_MergeRect
</UL>
<BR>[Called By]<UL><LI><a href="#[255]">&gt;&gt;</a>&nbsp;&nbsp;&nbsp;WM__InvalidateRect
<LI><a href="#[256]">&gt;&gt;</a>&nbsp;&nbsp;&nbsp;WM_InvalidateWindowAndDescsEx
<LI><a href="#[249]">&gt;&gt;</a>&nbsp;&nbsp;&nbsp;WM_InvalidateRect
</UL>

<P><STRONG><a name="[79]"></a>_OnExit</STRONG> (Thumb, 150 bytes, Stack size 0 bytes, WM.o(i._OnExit))
<BR>[Address Reference Count : 1]<UL><LI> WM.o(i.WM_Init)
</UL>
<P><STRONG><a name="[78]"></a>_cbBackWin</STRONG> (Thumb, 166 bytes, Stack size 16 bytes, WM.o(i._cbBackWin))
<BR><BR>[Stack]<UL><LI>Max Depth = 328<LI>Call Chain = _cbBackWin &rArr; WM_SendToParent &rArr; WM__SendMessage &rArr; WM_DefaultProc &rArr;  WM_SendToParent (Cycle)
</UL>
<BR>[Calls]<UL><LI><a href="#[191]">&gt;&gt;</a>&nbsp;&nbsp;&nbsp;GUI_Clear
<LI><a href="#[1e7]">&gt;&gt;</a>&nbsp;&nbsp;&nbsp;GUI_SetBkColor
<LI><a href="#[24c]">&gt;&gt;</a>&nbsp;&nbsp;&nbsp;WM__GetClientRectEx
<LI><a href="#[24d]">&gt;&gt;</a>&nbsp;&nbsp;&nbsp;WM_SendToParent
<LI><a href="#[1ea]">&gt;&gt;</a>&nbsp;&nbsp;&nbsp;GUI_StoreKey
<LI><a href="#[249]">&gt;&gt;</a>&nbsp;&nbsp;&nbsp;WM_InvalidateRect
</UL>
<BR>[Address Reference Count : 1]<UL><LI> WM.o(i.WM_Init)
</UL>
<P><STRONG><a name="[d2]"></a>_Color2Index_0</STRONG> (Thumb, 110 bytes, Stack size 32 bytes, GUICC_0.o(i._Color2Index_0))
<BR><BR>[Stack]<UL><LI>Max Depth = 48<LI>Call Chain = _Color2Index_0 &rArr; LCD_GetNumColors
</UL>
<BR>[Calls]<UL><LI><a href="#[214]">&gt;&gt;</a>&nbsp;&nbsp;&nbsp;LCD_GetPalette
<LI><a href="#[211]">&gt;&gt;</a>&nbsp;&nbsp;&nbsp;LCD_GetNumColors
<LI><a href="#[25f]">&gt;&gt;</a>&nbsp;&nbsp;&nbsp;GUI_CalcColorDist
</UL>
<BR>[Address Reference Count : 1]<UL><LI> GUICC_0.o(.constdata)
</UL>
<P><STRONG><a name="[d4]"></a>_GetIndexMask_0</STRONG> (Thumb, 82 bytes, Stack size 8 bytes, GUICC_0.o(i._GetIndexMask_0))
<BR><BR>[Stack]<UL><LI>Max Depth = 24<LI>Call Chain = _GetIndexMask_0 &rArr; LCD_GetNumColors
</UL>
<BR>[Calls]<UL><LI><a href="#[211]">&gt;&gt;</a>&nbsp;&nbsp;&nbsp;LCD_GetNumColors
</UL>
<BR>[Address Reference Count : 1]<UL><LI> GUICC_0.o(.constdata)
</UL>
<P><STRONG><a name="[d3]"></a>_Index2Color_0</STRONG> (Thumb, 32 bytes, Stack size 16 bytes, GUICC_0.o(i._Index2Color_0))
<BR><BR>[Stack]<UL><LI>Max Depth = 32<LI>Call Chain = _Index2Color_0 &rArr; LCD_GetNumColors
</UL>
<BR>[Calls]<UL><LI><a href="#[214]">&gt;&gt;</a>&nbsp;&nbsp;&nbsp;LCD_GetPalette
<LI><a href="#[211]">&gt;&gt;</a>&nbsp;&nbsp;&nbsp;LCD_GetNumColors
</UL>
<BR>[Address Reference Count : 1]<UL><LI> GUICC_0.o(.constdata)
</UL>
<P><STRONG><a name="[25]"></a>_Log2VisBuffered</STRONG> (Thumb, 2 bytes, Stack size 0 bytes, GUI_CharLine.o(i._Log2VisBuffered))
<BR>[Address Reference Count : 1]<UL><LI> GUI_CharLine.o(.data)
</UL>
<P><STRONG><a name="[2a]"></a>_NextPixel_End</STRONG> (Thumb, 32 bytes, Stack size 8 bytes, LCD_NextPixelAPI.o(i._NextPixel_End))
<BR><BR>[Stack]<UL><LI>Max Depth = 144<LI>Call Chain = _NextPixel_End &rArr; GUI_ALLOC_Free &rArr; GUI_Lock &rArr; GUI_X_Lock &rArr; xQueueGenericReceive &rArr; xTaskResumeAll &rArr; xTaskIncrementTick
</UL>
<BR>[Calls]<UL><LI><a href="#[1aa]">&gt;&gt;</a>&nbsp;&nbsp;&nbsp;GUI_ALLOC_UnlockH
<LI><a href="#[1ab]">&gt;&gt;</a>&nbsp;&nbsp;&nbsp;GUI_ALLOC_Free
<LI><a href="#[267]">&gt;&gt;</a>&nbsp;&nbsp;&nbsp;_NextPixel_FlushBuffer
</UL>
<BR>[Address Reference Count : 1]<UL><LI> LCD_NextPixelAPI.o(.data)
</UL>
<P><STRONG><a name="[267]"></a>_NextPixel_FlushBuffer</STRONG> (Thumb, 74 bytes, Stack size 40 bytes, LCD_NextPixelAPI.o(i._NextPixel_FlushBuffer))
<BR><BR>[Stack]<UL><LI>Max Depth = 40<LI>Call Chain = _NextPixel_FlushBuffer
</UL>
<BR>[Called By]<UL><LI><a href="#[28]">&gt;&gt;</a>&nbsp;&nbsp;&nbsp;_NextPixel_SetPixel
<LI><a href="#[29]">&gt;&gt;</a>&nbsp;&nbsp;&nbsp;_NextPixel_NextLine
<LI><a href="#[2a]">&gt;&gt;</a>&nbsp;&nbsp;&nbsp;_NextPixel_End
</UL>

<P><STRONG><a name="[29]"></a>_NextPixel_NextLine</STRONG> (Thumb, 26 bytes, Stack size 8 bytes, LCD_NextPixelAPI.o(i._NextPixel_NextLine))
<BR><BR>[Stack]<UL><LI>Max Depth = 48<LI>Call Chain = _NextPixel_NextLine &rArr; _NextPixel_FlushBuffer
</UL>
<BR>[Calls]<UL><LI><a href="#[267]">&gt;&gt;</a>&nbsp;&nbsp;&nbsp;_NextPixel_FlushBuffer
</UL>
<BR>[Address Reference Count : 1]<UL><LI> LCD_NextPixelAPI.o(.data)
</UL>
<P><STRONG><a name="[28]"></a>_NextPixel_SetPixel</STRONG> (Thumb, 276 bytes, Stack size 8 bytes, LCD_NextPixelAPI.o(i._NextPixel_SetPixel))
<BR><BR>[Stack]<UL><LI>Max Depth = 48<LI>Call Chain = _NextPixel_SetPixel &rArr; _NextPixel_FlushBuffer
</UL>
<BR>[Calls]<UL><LI><a href="#[267]">&gt;&gt;</a>&nbsp;&nbsp;&nbsp;_NextPixel_FlushBuffer
</UL>
<BR>[Address Reference Count : 1]<UL><LI> LCD_NextPixelAPI.o(.data)
</UL>
<P><STRONG><a name="[27]"></a>_NextPixel_Start</STRONG> (Thumb, 148 bytes, Stack size 32 bytes, LCD_NextPixelAPI.o(i._NextPixel_Start))
<BR><BR>[Stack]<UL><LI>Max Depth = 280<LI>Call Chain = _NextPixel_Start &rArr; GUI_ALLOC_AllocNoInit &rArr; _Alloc &rArr; _InitOnce &rArr; _EnlargeBlocks &rArr;  _Alloc (Cycle)
</UL>
<BR>[Calls]<UL><LI><a href="#[1db]">&gt;&gt;</a>&nbsp;&nbsp;&nbsp;GUI_GetBitsPerPixelEx
<LI><a href="#[1a9]">&gt;&gt;</a>&nbsp;&nbsp;&nbsp;GUI_ALLOC_LockH
<LI><a href="#[1b0]">&gt;&gt;</a>&nbsp;&nbsp;&nbsp;GUI_ALLOC_GetMaxSize
<LI><a href="#[1a5]">&gt;&gt;</a>&nbsp;&nbsp;&nbsp;GUI_ALLOC_AllocNoInit
</UL>
<BR>[Address Reference Count : 1]<UL><LI> LCD_NextPixelAPI.o(.data)
</UL>
<P><STRONG><a name="[1e1]"></a>LCD_ReadRectEx</STRONG> (Thumb, 544 bytes, Stack size 64 bytes, LCD_ReadRect.o(i.LCD_ReadRectEx))
<BR><BR>[Stack]<UL><LI>Max Depth = 64<LI>Call Chain = LCD_ReadRectEx
</UL>
<BR>[Calls]<UL><LI><a href="#[1db]">&gt;&gt;</a>&nbsp;&nbsp;&nbsp;GUI_GetBitsPerPixelEx
</UL>
<BR>[Called By]<UL><LI><a href="#[1e0]">&gt;&gt;</a>&nbsp;&nbsp;&nbsp;GUI_ReadRectEx
</UL>

<P><STRONG><a name="[6a]"></a>_printf_input_char</STRONG> (Thumb, 10 bytes, Stack size 0 bytes, _printf_char_common.o(.text))
<BR>[Address Reference Count : 1]<UL><LI> _printf_char_common.o(.text)
</UL>
<P><STRONG><a name="[138]"></a>_fp_digits</STRONG> (Thumb, 428 bytes, Stack size 96 bytes, _printf_fp_dec.o(.text))
<BR><BR>[Stack]<UL><LI>Max Depth = 216<LI>Call Chain = _fp_digits &rArr; _btod_etento &rArr; _btod_emul &rArr; _e2e
</UL>
<BR>[Calls]<UL><LI><a href="#[13c]">&gt;&gt;</a>&nbsp;&nbsp;&nbsp;_btod_emul
<LI><a href="#[13b]">&gt;&gt;</a>&nbsp;&nbsp;&nbsp;_btod_ediv
<LI><a href="#[13a]">&gt;&gt;</a>&nbsp;&nbsp;&nbsp;_btod_d2e
<LI><a href="#[139]">&gt;&gt;</a>&nbsp;&nbsp;&nbsp;_btod_etento
<LI><a href="#[132]">&gt;&gt;</a>&nbsp;&nbsp;&nbsp;_ll_udiv10
</UL>
<BR>[Called By]<UL><LI><a href="#[13d]">&gt;&gt;</a>&nbsp;&nbsp;&nbsp;_printf_fp_dec_real
</UL>
<P>
<H3>
Undefined Global Symbols
</H3><HR></body></html>
