<html>
<body>
<pre>
<h1>µVision Build Log</h1>
<h2>Tool Versions:</h2>
IDE-Version: ¦ÌVision V5.21.1.0
Copyright (C) 2016 ARM Ltd and ARM Germany GmbH. All rights reserved.
License Information: aaaa Microsoft, Microsoft, LIC=FQQ63-AF5C4-9WW2E-5C6M0-VKYDS-ZQBYY
 
Tool Versions:
Toolchain:       MDK-ARM Professional  Version: 5.21a
Toolchain Path:  C:\Keil_v5_21\ARM\ARMCC\Bin
C Compiler:      Armcc.exe V5.06 update 3 (build 300)
Assembler:       Armasm.exe V5.06 update 3 (build 300)
Linker/Locator:  ArmLink.exe V5.06 update 3 (build 300)
Library Manager: ArmAr.exe V5.06 update 3 (build 300)
Hex Converter:   FromElf.exe V5.06 update 3 (build 300)
CPU DLL:         SARMCM3.DLL V5.21a
Dialog DLL:      DCM.DLL V1.13.8.0
Target DLL:      Segger\JL2CM3.dll V2.99.23.0
Dialog DLL:      TCM.DLL V1.14.14.0
 
<h2>Project:</h2>
D:\works\WorkGit\display_keyborad\applications\lpc18xx_43xx\keil_uvision_projects\nxp_lpclink2_4370\freertos\freertos_blinky\freertos_blinky.uvproj
Project File Date:  10/20/2016

<h2>Output:</h2>
*** Using Compiler 'V5.06 update 3 (build 300)', folder: 'C:\Keil_v5_21\ARM\ARMCC\Bin'
Build Project 'freertos_blinky' - Target 'spifi_nxp_lpclink2_4370'
compiling sysinit.c...
compiling main.c...
compiling apptask.c...
compiling trccom.c...
compiling display.c...
compiling kb_dev.c...
compiling list.c...
compiling queue.c...
compiling timers.c...
compiling tasks.c...
compiling port.c...
compiling FreeRTOSCommonHooks.c...
compiling heap_4.c...
compiling GUI_X_FreeRTOS.c...
compiling GUIConf.c...
compiling LCDConf.c...
compiling Oled_driver.c...
compiling HT24.c...
compiling bjs.c...
compiling cz2.c...
compiling HT29.c...
compiling cz4.c...
compiling heartstep1.c...
compiling ST12.c...
compiling heartstep2.c...
compiling heartstep4.c...
compiling heartstep5.c...
compiling heartstep3.c...
compiling heartstep6.c...
compiling heartstep7.c...
compiling heartstep8.c...
compiling msc_black.c...
compiling msc_white.c...
compiling db_black.c...
compiling db_white.c...
compiling net_black.c...
compiling net_white.c...
compiling back_pic.c...
compiling up2.c...
compiling down2.c...
compiling bmp1.c...
compiling mcx.c...
compiling mcx1.c...
compiling bmp3e.c...
compiling colortest.c...
compiling bmp5.c...
compiling pinint.c...
compiling bmp12.c...
compiling bmp11.c...
compiling uart.c...
compiling driver_sct.c...
compiling dma.c...
linking...
Program Size: Code=56042 RO-data=514342 RW-data=2188 ZI-data=183140  
".\keil_output\freertos_blinky.axf" - 0 Error(s), 0 Warning(s).
Build Time Elapsed:  00:00:21
</pre>
</body>
</html>
