Component: ARM Compiler 5.06 update 3 (build 300) Tool: armlink [4d35c9]

==============================================================================

Section Cross References

    sysinit.o(i.SystemInit) refers to fpu_init.o(i.fpuInit) for fpuInit
    sysinit.o(i.SystemInit) refers to board_sysinit.o(i.Board_SystemInit) for Board_SystemInit
    sysinit.o(i.SystemInit) refers to keil_freertos_startup_lpc18xx43xx.o(RESET) for __Vectors
    keil_freertos_startup_lpc18xx43xx.o(STACK) refers (Special) to heapauxi.o(.text) for __use_two_region_memory
    keil_freertos_startup_lpc18xx43xx.o(HEAP) refers (Special) to heapauxi.o(.text) for __use_two_region_memory
    keil_freertos_startup_lpc18xx43xx.o(RESET) refers (Special) to heapauxi.o(.text) for __use_two_region_memory
    keil_freertos_startup_lpc18xx43xx.o(RESET) refers to keil_freertos_startup_lpc18xx43xx.o(STACK) for __initial_sp
    keil_freertos_startup_lpc18xx43xx.o(RESET) refers to keil_freertos_startup_lpc18xx43xx.o(.text) for Reset_Handler
    keil_freertos_startup_lpc18xx43xx.o(RESET) refers to port.o(.emb_text) for SVC_Handler
    keil_freertos_startup_lpc18xx43xx.o(RESET) refers to port.o(i.SysTick_Handler) for SysTick_Handler
    keil_freertos_startup_lpc18xx43xx.o(RESET) refers to dma.o(i.DMA_IRQHandler) for DMA_IRQHandler
    keil_freertos_startup_lpc18xx43xx.o(RESET) refers to uart.o(i.UART3_IRQHandler) for UART3_IRQHandler
    keil_freertos_startup_lpc18xx43xx.o(RESET) refers to pinint.o(i.GPIO0_IRQHandler) for GPIO0_IRQHandler
    keil_freertos_startup_lpc18xx43xx.o(RESET) refers to pinint.o(i.GPIO1_IRQHandler) for GPIO1_IRQHandler
    keil_freertos_startup_lpc18xx43xx.o(RESET) refers to pinint.o(i.GPIO2_IRQHandler) for GPIO2_IRQHandler
    keil_freertos_startup_lpc18xx43xx.o(RESET) refers to pinint.o(i.GPIO3_IRQHandler) for GPIO3_IRQHandler
    keil_freertos_startup_lpc18xx43xx.o(RESET) refers to pinint.o(i.GPIO4_IRQHandler) for GPIO4_IRQHandler
    keil_freertos_startup_lpc18xx43xx.o(RESET) refers to pinint.o(i.GPIO5_IRQHandler) for GPIO5_IRQHandler
    keil_freertos_startup_lpc18xx43xx.o(RESET) refers to pinint.o(i.GPIO6_IRQHandler) for GPIO6_IRQHandler
    keil_freertos_startup_lpc18xx43xx.o(.text) refers (Special) to heapauxi.o(.text) for __use_two_region_memory
    keil_freertos_startup_lpc18xx43xx.o(.text) refers to sysinit.o(i.SystemInit) for SystemInit
    keil_freertos_startup_lpc18xx43xx.o(.text) refers to __main.o(!!!main) for __main
    keil_freertos_startup_lpc18xx43xx.o(.text) refers to keil_freertos_startup_lpc18xx43xx.o(HEAP) for Heap_Mem
    keil_freertos_startup_lpc18xx43xx.o(.text) refers to keil_freertos_startup_lpc18xx43xx.o(STACK) for Stack_Mem
    main.o(i.main) refers to chip_18xx_43xx.o(i.SystemCoreClockUpdate) for SystemCoreClockUpdate
    main.o(i.main) refers to board.o(i.Board_Init) for Board_Init
    main.o(i.main) refers to board.o(i.Board_LED_Set) for Board_LED_Set
    main.o(i.main) refers to uart.o(i.uart_dev_init) for uart_dev_init
    main.o(i.main) refers to oled_driver.o(i.OLED_INIT) for OLED_INIT
    main.o(i.main) refers to kb_dev.o(i.kb_dev_init) for kb_dev_init
    main.o(i.main) refers to apptask.o(i.AppTaskCreate) for AppTaskCreate
    main.o(i.main) refers to tasks.o(i.vTaskStartScheduler) for vTaskStartScheduler
    main.o(i.test_key_oled) refers to apptask.o(i.OLED_enable_refresh_ram) for OLED_enable_refresh_ram
    apptask.o(i.AppTaskCreate) refers to kb_dev.o(i.KB_OLED_App_init) for KB_OLED_App_init
    apptask.o(i.AppTaskCreate) refers to apptask.o(i.OLED_refresh_task_create) for OLED_refresh_task_create
    apptask.o(i.AppTaskCreate) refers to apptask.o(i.Task_Create_10ms) for Task_Create_10ms
    apptask.o(i.AppTaskCreate) refers to apptask.o(i.Key_Board_task_create) for Key_Board_task_create
    apptask.o(i.AppTaskCreate) refers to apptask.o(i.Task_Create_Uart0_Server) for Task_Create_Uart0_Server
    apptask.o(i.AppTaskCreate) refers to apptask.o(i.Task_Create_Com_Protocol) for Task_Create_Com_Protocol
    apptask.o(i.KBD_dev_init) refers to queue.o(i.xQueueGenericCreate) for xQueueGenericCreate
    apptask.o(i.KBD_dev_init) refers to pinint.o(i.pin_interrupt_init) for pin_interrupt_init
    apptask.o(i.KBD_dev_init) refers to apptask.o(.data) for .data
    apptask.o(i.Key_Board_task_create) refers to apptask.o(i.KBD_dev_init) for KBD_dev_init
    apptask.o(i.Key_Board_task_create) refers to tasks.o(i.xTaskGenericCreate) for xTaskGenericCreate
    apptask.o(i.Key_Board_task_create) refers to apptask.o(i.get_key_value_task) for get_key_value_task
    apptask.o(i.Key_Board_task_create) refers to apptask.o(i.display_key_menu_task) for display_key_menu_task
    apptask.o(i.OLED_disable_refresh_ram) refers to oled_driver.o(i.OLED_Refresh_Flg_Set) for OLED_Refresh_Flg_Set
    apptask.o(i.OLED_enable_refresh_ram) refers to oled_driver.o(i.OLED_Refresh_Flg_Set) for OLED_Refresh_Flg_Set
    apptask.o(i.OLED_enable_refresh_ram) refers to queue.o(i.xQueueGenericSend) for xQueueGenericSend
[...]
    0x14006d20   0x00000050   Code   RO         2285    i.OLED_refresh_fun  oled_driver.o
    0x14006d70   0x00000068   Code   RO          333    i.OLED_refresh_task_create  apptask.o
    0x14006dd8   0x0000002c   Code   RO         2290    i.Oled_gpio_init    oled_driver.o
    0x14006e04   0x00000020   Code   RO          334    i.Oled_refresh_task  apptask.o
    0x14006e24   0x0000003c   Code   RO          641    i.POP               display.o
    0x14006e60   0x00000038   Code   RO          642    i.PUSH              display.o
    0x14006e98   0x0000003c   Code   RO          471    i.Packet_Vtr_Up_Data  trccom.o
    0x14006ed4   0x00000004   Code   RO          472    i.Process_Vtr_Param  trccom.o
    0x14006ed8   0x00000044   Code   RO         3549    i.RTU_PWMDev_Init   driver_sct.o
    0x14006f1c   0x00000010   Code   RO         4173    i.RingBuffer_Init   lib_lpc_chip_43xx.lib(ring_buffer.o)
    0x14006f2c   0x00000030   Code   RO         4174    i.RingBuffer_Insert  lib_lpc_chip_43xx.lib(ring_buffer.o)
    0x14006f5c   0x0000007a   Code   RO         4175    i.RingBuffer_InsertMult  lib_lpc_chip_43xx.lib(ring_buffer.o)
    0x14006fd6   0x00000010   Code   RO         4043    i.RingBuffer_IsEmpty  lib_lpc_chip_43xx.lib(uart_18xx_43xx.o)
    0x14006fe6   0x00000010   Code   RO         4176    i.RingBuffer_IsEmpty  lib_lpc_chip_43xx.lib(ring_buffer.o)
    0x14006ff6   0x00000014   Code   RO         4177    i.RingBuffer_IsFull  lib_lpc_chip_43xx.lib(ring_buffer.o)
    0x1400700a   0x00000030   Code   RO         4178    i.RingBuffer_Pop    lib_lpc_chip_43xx.lib(ring_buffer.o)
    0x1400703a   0x00000076   Code   RO         4179    i.RingBuffer_PopMult  lib_lpc_chip_43xx.lib(ring_buffer.o)
    0x140070b0   0x00000074   Code   RO          473    i.Send_Vtr_Up_Data  trccom.o
    0x14007124   0x00000010   Code   RO          474    i.Set_All_Debug_Level  trccom.o
    0x14007134   0x00000014   Code   RO         1195    i.Set_DBS_Icon_Dark_Bright  kb_dev.o
    0x14007148   0x00000014   Code   RO          475    i.Set_Debug_Level   trccom.o
    0x1400715c   0x00000014   Code   RO         1196    i.Set_Heart_Icon_ON_OFF  kb_dev.o
    0x14007170   0x00000014   Code   RO         1197    i.Set_MSC_Icon_Dark_Bright  kb_dev.o
    0x14007184   0x00000014   Code   RO         1200    i.Set_Net_Icon_Dark_Bright  kb_dev.o
    0x14007198   0x00000024   Code   RO         1925    i.SysTick_Handler   port.o
    0x140071bc   0x00000014   Code   RO         3598    i.SystemCoreClockUpdate  lib_lpc_chip_43xx.lib(chip_18xx_43xx.o)
    0x140071d0   0x0000001c   Code   RO            3    i.SystemInit        sysinit.o
    0x140071ec   0x000000d4   Code   RO          477    i.TRC_COM_init_app  trccom.o
    0x140072c0   0x00000080   Code   RO          335    i.Task_Create_10ms  apptask.o
    0x14007340   0x00000088   Code   RO          336    i.Task_Create_Com_Protocol  apptask.o
    0x140073c8   0x000000a4   Code   RO          337    i.Task_Create_Uart0_Server  apptask.o
    0x1400746c   0x00000014   Code   RO         3440    i.UART3_IRQHandler  uart.o
    0x14007480   0x00000010   Code   RO         5823    i.WM_Activate       emWin_M4F.lib(WM.o)
    0x14007490   0x0000008c   Code   RO         6150    i.WM_BringToBottom  emWin_M4F.lib(WM_BringToBottom.o)
    0x1400751c   0x00000158   Code   RO         5825    i.WM_CreateWindowAsChild  emWin_M4F.lib(WM.o)
    0x14007674   0x00000046   Code   RO         5827    i.WM_DefaultProc    emWin_M4F.lib(WM.o)
    0x140076ba   0x00000002   PAD
    0x140076bc   0x00000018   Code   RO         5923    i.WM_GetDesktopWindow  emWin_M4F.lib(WM_GetDesktopWindow.o)
    0x140076d4   0x0000001a   Code   RO         6162    i.WM_GetFirstChild  emWin_M4F.lib(WM_GetFirstChild.o)
    0x140076ee   0x0000001a   Code   RO         6431    i.WM_GetParent      emWin_M4F.lib(WM_GetParent.o)
    0x14007708   0x000000d8   Code   RO         5832    i.WM_Init           emWin_M4F.lib(WM.o)
    0x140077e0   0x000000e0   Code   RO         5833    i.WM_InvalidateRect  emWin_M4F.lib(WM.o)
    0x140078c0   0x0000006e   Code   RO         5835    i.WM_InvalidateWindowAndDescsEx  emWin_M4F.lib(WM.o)
    0x1400792e   0x00000002   PAD
    0x14007930   0x00000080   Code   RO         5836    i.WM_SelectWindow   emWin_M4F.lib(WM.o)
    0x140079b0   0x00000028   Code   RO         6168    i.WM_SendToParent   emWin_M4F.lib(WM_SendToParent.o)
    0x140079d8   0x000000d0   Code   RO         5839    i.WM__ActivateClipRect  emWin_M4F.lib(WM.o)
    0x14007aa8   0x00000010   Code   RO         6152    i.WM__AddCriticalHandle  emWin_M4F.lib(WM_CriticalHandle.o)
    0x14007ab8   0x00000070   Code   RO         5841    i.WM__ClipAtParentBorders  emWin_M4F.lib(WM.o)
    0x14007b28   0x00000020   Code   RO         6158    i.WM__GetClientRectEx  emWin_M4F.lib(WM_GetClientRect.o)
    0x14007b48   0x00000018   Code   RO         5844    i.WM__GetClientRectWin  emWin_M4F.lib(WM.o)
    0x14007b60   0x00000014   Code   RO         6557    i.WM__GetFirstSibling  emWin_M4F.lib(WM__GetFirstSibling.o)
    0x14007b74   0x00000344   Code   RO         5845    i.WM__GetNextIVR    emWin_M4F.lib(WM.o)
    0x14007eb8   0x00000028   Code   RO         6460    i.WM__GetPrevSibling  emWin_M4F.lib(WM__GetPrevSibling.o)
    0x14007ee0   0x00000108   Code   RO         5847    i.WM__InitIVRSearch  emWin_M4F.lib(WM.o)
    0x14007fe8   0x000000b6   Code   RO         5848    i.WM__InsertWindowIntoList  emWin_M4F.lib(WM.o)
    0x1400809e   0x00000002   PAD
    0x140080a0   0x00000058   Code   RO         5850    i.WM__InvalidateDrawAndDescs  emWin_M4F.lib(WM.o)
    0x140080f8   0x000000d2   Code   RO         5852    i.WM__InvalidateRect  emWin_M4F.lib(WM.o)
    0x140081ca   0x00000006   Code   RO         5853    i.WM__InvalidateRectEx  emWin_M4F.lib(WM.o)
    0x140081d0   0x0000003c   Code   RO         6198    i.WM__SendMessage   emWin_M4F.lib(WM__SendMessage.o)
    0x1400820c   0x000000bc   Code   RO         4665    i._AddFreeMemory    emWin_M4F.lib(GUI_Alloc.o)
    0x140082c8   0x000001e4   Code   RO         4666    i._Alloc            emWin_M4F.lib(GUI_Alloc.o)
    0x140084ac   0x00000014   Code   RO         4809    i._CalcSizeOfChar   emWin_M4F.lib(GUI_UC_EncodeUTF8.o)
    0x140084c0   0x00000004   Code   RO         5668    i._CalcSizeOfChar   emWin_M4F.lib(GUI_UC_EncodeNone.o)
    0x140084c4   0x00000098   Code   RO         4628    i._Color2IndexBulk  emWin_M4F.lib(GUICC_M565.o)
    0x1400855c   0x00000080   Code   RO         5601    i._Color2IndexBulk  emWin_M4F.lib(GUICC_565.o)
    0x140085dc   0x0000003a   Code   RO         5611    i._Color2IndexBulk  emWin_M4F.lib(GUICC_8888.o)
    0x14008616   0x00000002   PAD
    0x14008618   0x0000006e   Code   RO         5927    i._Color2Index_0    emWin_M4F.lib(GUICC_0.o)
    0x14008686   0x00000002   PAD
    0x14008688   0x0000002c   Code   RO         5602    i._Color2Index_565  emWin_M4F.lib(GUICC_565.o)
    0x140086b4   0x00000002   Code   RO         5612    i._Color2Index_8888  emWin_M4F.lib(GUICC_8888.o)
    0x140086b6   0x00000002   PAD
    0x140086b8   0x0000002c   Code   RO         4629    i._Color2Index_M565  emWin_M4F.lib(GUICC_M565.o)
    0x140086e4   0x0000006c   Code   RO         4970    i._CopyBuffer       emWin_M4F.lib(GUIDRV_Lin_16.o)
    0x14008750   0x0000008c   Code   RO         4894    i._Draw             emWin_M4F.lib(LCD_RLE32.o)
    0x140087dc   0x0000002c   Code   RO         4777    i._DrawBitmap       emWin_M4F.lib(GUI_DrawBitmap_565.o)
    0x14008808   0x000004d0   Code   RO         4784    i._DrawBitmap       emWin_M4F.lib(GUI_DrawBitmap_8888.o)
    0x14008cd8   0x000001f4   Code   RO         4895    i._DrawBitmap       emWin_M4F.lib(LCD_RLE32.o)
    0x14008ecc   0x000006d6   Code   RO         4971    i._DrawBitmap       emWin_M4F.lib(GUIDRV_Lin_16.o)
    0x140095a2   0x00000002   PAD
    0x140095a4   0x00000808   Code   RO         5796    i._DrawBitmap       emWin_M4F.lib(GUIDEV_16.o)
    0x14009dac   0x0000010c   Code   RO         4785    i._DrawBitmapHW_8888  emWin_M4F.lib(GUI_DrawBitmap_8888.o)
    0x14009eb8   0x0000002c   Code   RO         4786    i._DrawBitmap_8888  emWin_M4F.lib(GUI_DrawBitmap_8888.o)
    0x14009ee4   0x0000002c   Code   RO         4896    i._DrawBitmap_RLE32  emWin_M4F.lib(LCD_RLE32.o)
    0x14009f10   0x000000fc   Code   RO         4898    i._DrawClip         emWin_M4F.lib(LCD_RLE32.o)
    0x1400a00c   0x0000000a   Code   RO         4972    i._DrawHLine        emWin_M4F.lib(GUIDRV_Lin_16.o)
    0x1400a016   0x0000000a   Code   RO         5797    i._DrawHLine        emWin_M4F.lib(GUIDEV_16.o)
    0x1400a020   0x0000000c   Code   RO         4973    i._DrawVLine        emWin_M4F.lib(GUIDRV_Lin_16.o)
    0x1400a02c   0x00000118   Code   RO         5798    i._DrawVLine        emWin_M4F.lib(GUIDEV_16.o)
    0x1400a144   0x00000046   Code   RO         4810    i._Encode           emWin_M4F.lib(GUI_UC_EncodeUTF8.o)
    0x1400a18a   0x00000006   Code   RO         5669    i._Encode           emWin_M4F.lib(GUI_UC_EncodeNone.o)
    0x1400a190   0x000000d4   Code   RO         4667    i._EnlargeBlocks    emWin_M4F.lib(GUI_Alloc.o)
    0x1400a264   0x0000021c   Code   RO         4974    i._FillRect         emWin_M4F.lib(GUIDRV_Lin_16.o)
    0x1400a480   0x000000f8   Code   RO         5799    i._FillRect         emWin_M4F.lib(GUIDEV_16.o)
    0x1400a578   0x0000008a   Code   RO         5863    i._Findx0           emWin_M4F.lib(WM.o)
    0x1400a602   0x00000080   Code   RO         5864    i._Findx1           emWin_M4F.lib(WM.o)
    0x1400a682   0x000000b4   Code   RO         5865    i._Findy1           emWin_M4F.lib(WM.o)
    0x1400a736   0x00000002   PAD
    0x1400a738   0x00000010   Code   RO         4900    i._GetByte_pPixel   emWin_M4F.lib(LCD_RLE32.o)
    0x1400a748   0x00000046   Code   RO         4811    i._GetCharCode      emWin_M4F.lib(GUI_UC_EncodeUTF8.o)
    0x1400a78e   0x00000004   Code   RO         5670    i._GetCharCode      emWin_M4F.lib(GUI_UC_EncodeNone.o)
    0x1400a792   0x00000024   Code   RO         4812    i._GetCharSize      emWin_M4F.lib(GUI_UC_EncodeUTF8.o)
    0x1400a7b6   0x00000004   Code   RO         5671    i._GetCharSize      emWin_M4F.lib(GUI_UC_EncodeNone.o)
    0x1400a7ba   0x00000002   PAD
    0x1400a7bc   0x00000010   Code   RO         4975    i._GetDevData       emWin_M4F.lib(GUIDRV_Lin_16.o)
    0x1400a7cc   0x00000010   Code   RO         5800    i._GetDevData       emWin_M4F.lib(GUIDEV_16.o)
    0x1400a7dc   0x000000dc   Code   RO         4976    i._GetDevFunc       emWin_M4F.lib(GUIDRV_Lin_16.o)
    0x1400a8b8   0x00000010   Code   RO         5801    i._GetDevFunc       emWin_M4F.lib(GUIDEV_16.o)
    0x1400a8c8   0x0000003c   Code   RO         4977    i._GetDevProp       emWin_M4F.lib(GUIDRV_Lin_16.o)
    0x1400a904   0x00000012   Code   RO         5802    i._GetDevProp       emWin_M4F.lib(GUIDEV_16.o)
    0x1400a916   0x00000052   Code   RO         5928    i._GetIndexMask_0   emWin_M4F.lib(GUICC_0.o)
    0x1400a968   0x00000006   Code   RO         5603    i._GetIndexMask_565  emWin_M4F.lib(GUICC_565.o)
    0x1400a96e   0x00000006   Code   RO         5613    i._GetIndexMask_8888  emWin_M4F.lib(GUICC_8888.o)
    0x1400a974   0x00000006   Code   RO         4630    i._GetIndexMask_M565  emWin_M4F.lib(GUICC_M565.o)
    0x1400a97a   0x00000010   Code   RO         4978    i._GetPixelIndex    emWin_M4F.lib(GUIDRV_Lin_16.o)
    0x1400a98a   0x00000002   PAD
    0x1400a98c   0x00000040   Code   RO         5803    i._GetPixelIndex    emWin_M4F.lib(GUIDEV_16.o)
    0x1400a9cc   0x00000034   Code   RO         4902    i._GetPixel_pPixel  emWin_M4F.lib(LCD_RLE32.o)
    0x1400aa00   0x00000030   Code   RO         4979    i._GetPos           emWin_M4F.lib(GUIDRV_Lin_16.o)
    0x1400aa30   0x00000016   Code   RO         4980    i._GetRect          emWin_M4F.lib(GUIDRV_Lin_16.o)
    0x1400aa46   0x00000030   Code   RO         5804    i._GetRect          emWin_M4F.lib(GUIDEV_16.o)
    0x1400aa76   0x00000002   PAD
    0x1400aa78   0x000000a8   Code   RO         4631    i._Index2ColorBulk  emWin_M4F.lib(GUICC_M565.o)
    0x1400ab20   0x00000090   Code   RO         5604    i._Index2ColorBulk  emWin_M4F.lib(GUICC_565.o)
    0x1400abb0   0x0000005c   Code   RO         5614    i._Index2ColorBulk  emWin_M4F.lib(GUICC_8888.o)
    0x1400ac0c   0x00000020   Code   RO         5929    i._Index2Color_0    emWin_M4F.lib(GUICC_0.o)
    0x1400ac2c   0x00000032   Code   RO         4981    i._Init             emWin_M4F.lib(GUIDRV_Lin_16.o)
    0x1400ac5e   0x00000002   PAD
    0x1400ac60   0x000002bc   Code   RO         4668    i._InitOnce         emWin_M4F.lib(GUI_Alloc.o)
    0x1400af1c   0x000000b4   Code   RO         5866    i._Invalidate1Abs   emWin_M4F.lib(WM.o)
    0x1400afd0   0x00000002   Code   RO         5954    i._Log2VisBuffered  emWin_M4F.lib(GUI_CharLine.o)
    0x1400afd2   0x00000002   PAD
    0x1400afd4   0x00000024   Code   RO         6072    i._NextPixel_End    emWin_M4F.lib(LCD_NextPixelAPI.o)
    0x1400aff8   0x00000058   Code   RO         6073    i._NextPixel_FlushBuffer  emWin_M4F.lib(LCD_NextPixelAPI.o)
    0x1400b050   0x00000020   Code   RO         6074    i._NextPixel_NextLine  emWin_M4F.lib(LCD_NextPixelAPI.o)
    0x1400b070   0x00000118   Code   RO         6075    i._NextPixel_SetPixel  emWin_M4F.lib(LCD_NextPixelAPI.o)
    0x1400b188   0x000000a0   Code   RO         6076    i._NextPixel_Start  emWin_M4F.lib(LCD_NextPixelAPI.o)
    0x1400b228   0x0000000a   Code   RO         4982    i._Off              emWin_M4F.lib(GUIDRV_Lin_16.o)
    0x1400b232   0x0000000a   Code   RO         4983    i._On               emWin_M4F.lib(GUIDRV_Lin_16.o)
    0x1400b23c   0x00000034   Code   RO         4669    i._OnExit           emWin_M4F.lib(GUI_Alloc.o)
    0x1400b270   0x0000002c   Code   RO         4724    i._OnExit           emWin_M4F.lib(GUI_Core.o)
    0x1400b29c   0x00000014   Code   RO         5657    i._OnExit           emWin_M4F.lib(GUI_Task.o)
    0x1400b2b0   0x00000028   Code   RO         5687    i._OnExit           emWin_M4F.lib(GUI__Alpha.o)
    0x1400b2d8   0x00000014   Code   RO         5774    i._OnExit           emWin_M4F.lib(LCD_Color.o)
    0x1400b2ec   0x000000a0   Code   RO         5867    i._OnExit           emWin_M4F.lib(WM.o)
    0x1400b38c   0x0000006e   Code   RO         4984    i._ReadRect         emWin_M4F.lib(GUIDRV_Lin_16.o)
    0x1400b3fa   0x00000002   PAD
    0x1400b3fc   0x0000005c   Code   RO         4670    i._RemoveFreeBlock  emWin_M4F.lib(GUI_Alloc.o)
    0x1400b458   0x000000d0   Code   RO         4671    i._RemoveHoles      emWin_M4F.lib(GUI_Alloc.o)
    0x1400b528   0x00000036   Code   RO         4985    i._SetAlpha         emWin_M4F.lib(GUIDRV_Lin_16.o)
    0x1400b55e   0x00000010   Code   RO         4986    i._SetAlphaMode     emWin_M4F.lib(GUIDRV_Lin_16.o)
    0x1400b56e   0x00000002   PAD
    0x1400b570   0x00000038   Code   RO         5728    i._SetBkColor       emWin_M4F.lib(LCD.o)
    0x1400b5a8   0x00000016   Code   RO         4987    i._SetChroma        emWin_M4F.lib(GUIDRV_Lin_16.o)
    0x1400b5be   0x00000010   Code   RO         4988    i._SetChromaMode    emWin_M4F.lib(GUIDRV_Lin_16.o)
    0x1400b5ce   0x00000002   PAD
    0x1400b5d0   0x00000038   Code   RO         5729    i._SetColor         emWin_M4F.lib(LCD.o)
    0x1400b608   0x00000058   Code   RO         4989    i._SetDevFunc       emWin_M4F.lib(GUIDRV_Lin_16.o)
    0x1400b660   0x00000038   Code   RO         5730    i._SetDrawMode      emWin_M4F.lib(LCD.o)
    0x1400b698   0x000000b8   Code   RO         4990    i._SetOrg           emWin_M4F.lib(GUIDRV_Lin_16.o)
    0x1400b750   0x0000000e   Code   RO         5805    i._SetOrg           emWin_M4F.lib(GUIDEV_16.o)
    0x1400b75e   0x00000002   PAD
    0x1400b760   0x00000044   Code   RO         4788    i._SetPixelAlpha    emWin_M4F.lib(GUI_DrawBitmap_8888.o)
    0x1400b7a4   0x00000012   Code   RO         4991    i._SetPixelIndex    emWin_M4F.lib(GUIDRV_Lin_16.o)
    0x1400b7b6   0x00000002   PAD
    0x1400b7b8   0x00000074   Code   RO         5806    i._SetPixelIndex    emWin_M4F.lib(GUIDEV_16.o)
    0x1400b82c   0x00000044   Code   RO         4992    i._SetPos           emWin_M4F.lib(GUIDRV_Lin_16.o)
    0x1400b870   0x0000005a   Code   RO         4993    i._SetSize          emWin_M4F.lib(GUIDRV_Lin_16.o)
    0x1400b8ca   0x00000038   Code   RO         4994    i._SetVRAMAddr      emWin_M4F.lib(GUIDRV_Lin_16.o)
    0x1400b902   0x00000040   Code   RO         4995    i._SetVSize         emWin_M4F.lib(GUIDRV_Lin_16.o)
    0x1400b942   0x00000036   Code   RO         4996    i._SetVis           emWin_M4F.lib(GUIDRV_Lin_16.o)
    0x1400b978   0x00000034   Code   RO         4997    i._ShowBuffer       emWin_M4F.lib(GUIDRV_Lin_16.o)
    0x1400b9ac   0x00000032   Code   RO         4998    i._XorPixel         emWin_M4F.lib(GUIDRV_Lin_16.o)
    0x1400b9de   0x00000002   PAD
    0x1400b9e0   0x0000007c   Code   RO         5807    i._XorPixel         emWin_M4F.lib(GUIDEV_16.o)
    0x1400ba5c   0x00000030   Code   RO         6995    i.__ARM_fpclassify  m_wm.l(fpclassify.o)
    0x1400ba8c   0x00000004   Code   RO         5821    i.__emWin_memcpy    emWin_M4F.lib(memcpy.o)
    0x1400ba90   0x000000b0   Code   RO         5869    i._cbBackWin        emWin_M4F.lib(WM.o)
    0x1400bb40   0x0000000e   Code   RO         6666    i._is_digit         c_w.l(__printf_wp.o)
    0x1400bb4e   0x00000004   Code   RO         4247    i._sys_exit         lib_lpc_board_4370.lib(board.o)
    0x1400bb52   0x00000002   PAD
    0x1400bb54   0x0000004c   Code   RO         3350    i.check_irq_send_key_queue  pinint.o
    0x1400bba0   0x00000084   Code   RO          338    i.check_user_cmd    apptask.o
    0x1400bc24   0x00000010   Code   RO          644    i.clear_display_dev  display.o
    0x1400bc34   0x00000030   Code   RO         5443    i.convertTimmingParam  lib_lpc_chip_43xx.lib(emc_18xx_43xx.o)
    0x1400bc64   0x0000002c   Code   RO          339    i.display_key_menu_task  apptask.o
    0x1400bc90   0x00000036   Code   RO          340    i.do_check_frame_cs  apptask.o
    0x1400bcc6   0x00000002   PAD
    0x1400bcc8   0x00000030   Code   RO         1637    i.eTaskConfirmSleepModeStatus  tasks.o
    0x1400bcf8   0x0000003c   Code   RO         4152    i.fpuInit           lib_lpc_chip_43xx.lib(fpu_init.o)
    0x1400bd34   0x0000001c   Code   RO          645    i.fun_display_align_center  display.o
    0x1400bd50   0x000000a0   Code   RO          655    i.func_display_area_2  display.o
    0x1400bdf0   0x00000060   Code   RO          657    i.func_display_area_4  display.o
    0x1400be50   0x0000004c   Code   RO          658    i.func_display_area_5  display.o
    0x1400be9c   0x0000000c   Code   RO          665    i.get_key_fun_index  display.o
    0x1400bea8   0x00000104   Code   RO          341    i.get_key_value_task  apptask.o
    0x1400bfac   0x00000010   Code   RO          669    i.get_option_index  display.o
    0x1400bfbc   0x00000060   Code   RO         5445    i.initStaticMem     lib_lpc_chip_43xx.lib(emc_18xx_43xx.o)
    0x1400c01c   0x00000018   Code   RO          672    i.is_work_mode_CH_No_freq  display.o
    0x1400c034   0x00000014   Code   RO         1202    i.kb_dev_init       kb_dev.o
    0x1400c048   0x0000003c   Code   RO         1203    i.kb_save_ch_no_txrx_freq  kb_dev.o
    0x1400c084   0x0000001c   Code   RO         1204    i.kb_save_ctr_ch_state  kb_dev.o
    0x1400c0a0   0x0000000a   Code   RO         1205    i.kb_save_ctr_ch_state1_main  kb_dev.o
    0x1400c0aa   0x0000001a   Code   RO          674    i.kb_save_pdt_trunk_chnum  display.o
    0x1400c0c4   0x00000010   Code   RO         1207    i.kb_save_work_mode  kb_dev.o
    0x1400c0d4   0x0000003a   Code   RO          232    i.main              main.o
    0x1400c10e   0x00000002   PAD
    0x1400c110   0x00000034   Code   RO         3351    i.pin_interrupt_init  pinint.o
    0x1400c144   0x00000080   Code   RO         3352    i.pinint_init       pinint.o
    0x1400c1c4   0x00000034   Code   RO         1638    i.prvAddCurrentTaskToDelayedList  tasks.o
    0x1400c1f8   0x00000054   Code   RO         1639    i.prvCheckTasksWaitingTermination  tasks.o
    0x1400c24c   0x00000028   Code   RO         1470    i.prvCopyDataFromQueue  queue.o
    0x1400c274   0x00000068   Code   RO         1471    i.prvCopyDataToQueue  queue.o
    0x1400c2dc   0x00000024   Code   RO         1640    i.prvGetExpectedIdleTime  tasks.o
    0x1400c300   0x0000003c   Code   RO         2056    i.prvHeapInit       heap_4.o
    0x1400c33c   0x00000038   Code   RO         1641    i.prvIdleTask       tasks.o
    0x1400c374   0x0000004c   Code   RO         2057    i.prvInsertBlockIntoFreeList  heap_4.o
    0x1400c3c0   0x00000020   Code   RO         1643    i.prvResetNextTaskUnblockTime  tasks.o
    0x1400c3e0   0x00000006   Code   RO         1926    i.prvTaskExitError  port.o
    0x1400c3e6   0x00000064   Code   RO         1472    i.prvUnlockQueue    queue.o
    0x1400c44a   0x00000002   PAD
    0x1400c44c   0x00000098   Code   RO         2058    i.pvPortMalloc      heap_4.o
    0x1400c4e4   0x00000028   Code   RO         1927    i.pxPortInitialiseStack  port.o
    0x1400c50c   0x00000028   Code   RO          478    i.rt_kprintf        trccom.o
    0x1400c534   0x00000058   Code   RO          480    i.rt_pirntf_hex     trccom.o
    0x1400c58c   0x0000001c   Code   RO         3550    i.sctpwm            driver_sct.o
    0x1400c5a8   0x00000014   Code   RO          683    i.set_option_index  display.o
    0x1400c5bc   0x00000014   Code   RO          684    i.set_option_index_select  display.o
    0x1400c5d0   0x00000018   Code   RO          685    i.set_text_mode_by_select_flg  display.o
    0x1400c5e8   0x00000068   Code   RO         2297    i.tft_ssd2119_init  oled_driver.o
    0x1400c650   0x0000006c   Code   RO         3441    i.uart_dev_init     uart.o
    0x1400c6bc   0x00000014   Code   RO         3442    i.uart_read_data    uart.o
    0x1400c6d0   0x00000014   Code   RO         3443    i.uart_send_data    uart.o
    0x1400c6e4   0x00000024   Code   RO         1395    i.uxListRemove      list.o
    0x1400c708   0x000000d4   Code   RO          342    i.v10msTask         apptask.o
    0x1400c7dc   0x00000004   Code   RO         2010    i.vApplicationIdleHook  freertoscommonhooks.o
    0x1400c7e0   0x00000016   Code   RO         1396    i.vListInitialise   list.o
    0x1400c7f6   0x00000006   Code   RO         1397    i.vListInitialiseItem  list.o
    0x1400c7fc   0x00000030   Code   RO         1398    i.vListInsert       list.o
    0x1400c82c   0x00000018   Code   RO         1399    i.vListInsertEnd    list.o
    0x1400c844   0x0000001c   Code   RO         1929    i.vPortEnterCritical  port.o
    0x1400c860   0x00000014   Code   RO         1930    i.vPortExitCritical  port.o
    0x1400c874   0x00000040   Code   RO         2059    i.vPortFree         heap_4.o
    0x1400c8b4   0x00000044   Code   RO         1931    i.vPortSetupTimerInterrupt  port.o
    0x1400c8f8   0x000000cc   Code   RO         1932    i.vPortSuppressTicksAndSleep  port.o
    0x1400c9c4   0x00000018   Code   RO         1933    i.vPortYield        port.o
    0x1400c9dc   0x00000034   Code   RO         1652    i.vTaskDelay        tasks.o
    0x1400ca10   0x0000000c   Code   RO         1656    i.vTaskMissedYield  tasks.o
    0x1400ca1c   0x0000003c   Code   RO         1657    i.vTaskPlaceOnEventList  tasks.o
    0x1400ca58   0x00000050   Code   RO         1659    i.vTaskPriorityDisinherit  tasks.o
    0x1400caa8   0x0000006c   Code   RO         1660    i.vTaskPriorityInherit  tasks.o
    0x1400cb14   0x00000010   Code   RO         1664    i.vTaskSetTimeOutState  tasks.o
    0x1400cb24   0x00000044   Code   RO         1665    i.vTaskStartScheduler  tasks.o
    0x1400cb68   0x00000010   Code   RO         1666    i.vTaskStepTick     tasks.o
    0x1400cb78   0x00000010   Code   RO         1668    i.vTaskSuspendAll   tasks.o
    0x1400cb88   0x00000050   Code   RO         1669    i.vTaskSwitchContext  tasks.o
    0x1400cbd8   0x00000270   Code   RO          343    i.vUart_Server_Task  apptask.o
    0x1400ce48   0x000001b0   Code   RO          344    i.vprotocolTask     apptask.o
    0x1400cff8   0x00000040   Code   RO         1934    i.xPortStartScheduler  port.o
    0x1400d038   0x0000004a   Code   RO         1483    i.xQueueCreateMutex  queue.o
    0x1400d082   0x00000048   Code   RO         1484    i.xQueueGenericCreate  queue.o
    0x1400d0ca   0x00000102   Code   RO         1485    i.xQueueGenericReceive  queue.o
    0x1400d1cc   0x00000060   Code   RO         1486    i.xQueueGenericReset  queue.o
    0x1400d22c   0x000000d6   Code   RO         1487    i.xQueueGenericSend  queue.o
    0x1400d302   0x00000062   Code   RO         1488    i.xQueueGenericSendFromISR  queue.o
    0x1400d364   0x00000048   Code   RO         1670    i.xTaskCheckForTimeOut  tasks.o
    0x1400d3ac   0x00000168   Code   RO         1671    i.xTaskGenericCreate  tasks.o
    0x1400d514   0x0000000c   Code   RO         1672    i.xTaskGetCurrentTaskHandle  tasks.o
    0x1400d520   0x00000018   Code   RO         1673    i.xTaskGetTickCount  tasks.o
    0x1400d538   0x000000b4   Code   RO         1675    i.xTaskIncrementTick  tasks.o
    0x1400d5ec   0x0000005c   Code   RO         1676    i.xTaskRemoveFromEventList  tasks.o
    0x1400d648   0x0000009c   Code   RO         1678    i.xTaskResumeAll    tasks.o
    0x1400d6e4   0x0000002c   Code   RO         6967    locale$$code        c_w.l(lc_ctype_c.o)
    0x1400d710   0x0000002c   Code   RO         6970    locale$$code        c_w.l(lc_numeric_c.o)
    0x1400d73c   0x0000000a   Code   RO         6921    x$fpl$fpinit        fz_wm.l(fpinit.o)
    0x1400d746   0x00000004   Code   RO         6866    x$fpl$printf1       fz_wm.l(printf1.o)
    0x1400d74a   0x00000000   Code   RO         6994    x$fpl$usenofp       fz_wm.l(usenofp.o)
    0x1400d74a   0x0000002a   Data   RO          345    .constdata          apptask.o
    0x1400d774   0x00000269   Data   RO          692    .constdata          display.o
    0x1400d9dd   0x00000030   Data   RO         2457    .constdata          ht24.o
    0x1400da0d   0x00000030   Data   RO         2458    .constdata          ht24.o
    0x1400da3d   0x00000030   Data   RO         2459    .constdata          ht24.o
    0x1400da6d   0x00000030   Data   RO         2460    .constdata          ht24.o
    0x1400da9d   0x00000030   Data   RO         2461    .constdata          ht24.o
    0x1400dacd   0x00000030   Data   RO         2462    .constdata          ht24.o
    0x1400dafd   0x00000030   Data   RO         2463    .constdata          ht24.o
    0x1400db2d   0x00000030   Data   RO         2464    .constdata          ht24.o
    0x1400db5d   0x00000030   Data   RO         2465    .constdata          ht24.o
    0x1400db8d   0x00000030   Data   RO         2466    .constdata          ht24.o
    0x1400dbbd   0x00000030   Data   RO         2467    .constdata          ht24.o
    0x1400dbed   0x00000030   Data   RO         2468    .constdata          ht24.o
    0x1400dc1d   0x00000030   Data   RO         2469    .constdata          ht24.o
    0x1400dc4d   0x00000030   Data   RO         2470    .constdata          ht24.o
    0x1400dc7d   0x00000030   Data   RO         2471    .constdata          ht24.o
    0x1400dcad   0x00000030   Data   RO         2472    .constdata          ht24.o
    0x1400dcdd   0x00000030   Data   RO         2473    .constdata          ht24.o
    0x1400dd0d   0x00000030   Data   RO         2474    .constdata          ht24.o
    0x1400dd3d   0x00000030   Data   RO         2475    .constdata          ht24.o
    0x1400dd6d   0x00000030   Data   RO         2476    .constdata          ht24.o
    0x1400dd9d   0x00000030   Data   RO         2477    .constdata          ht24.o
    0x1400ddcd   0x00000030   Data   RO         2478    .constdata          ht24.o
    0x1400ddfd   0x00000030   Data   RO         2479    .constdata          ht24.o
    0x1400de2d   0x00000030   Data   RO         2480    .constdata          ht24.o
    0x1400de5d   0x00000030   Data   RO         2481    .constdata          ht24.o
    0x1400de8d   0x00000030   Data   RO         2482    .constdata          ht24.o
    0x1400debd   0x00000030   Data   RO         2483    .constdata          ht24.o
    0x1400deed   0x00000030   Data   RO         2484    .constdata          ht24.o
    0x1400df1d   0x00000030   Data   RO         2485    .constdata          ht24.o
    0x1400df4d   0x00000030   Data   RO         2486    .constdata          ht24.o
    0x1400df7d   0x00000030   Data   RO         2487    .constdata          ht24.o
    0x1400dfad   0x00000030   Data   RO         2488    .constdata          ht24.o
    0x1400dfdd   0x00000030   Data   RO         2489    .constdata          ht24.o
    0x1400e00d   0x00000030   Data   RO         2490    .constdata          ht24.o
    0x1400e03d   0x00000030   Data   RO         2491    .constdata          ht24.o
    0x1400e06d   0x00000030   Data   RO         2492    .constdata          ht24.o
    0x1400e09d   0x00000030   Data   RO         2493    .constdata          ht24.o
    0x1400e0cd   0x00000030   Data   RO         2494    .constdata          ht24.o
    0x1400e0fd   0x00000030   Data   RO         2495    .constdata          ht24.o
    0x1400e12d   0x00000030   Data   RO         2496    .constdata          ht24.o
    0x1400e15d   0x00000030   Data   RO         2497    .constdata          ht24.o
    0x1400e18d   0x00000030   Data   RO         2498    .constdata          ht24.o
    0x1400e1bd   0x00000030   Data   RO         2499    .constdata          ht24.o
    0x1400e1ed   0x00000030   Data   RO         2500    .constdata          ht24.o
    0x1400e21d   0x00000030   Data   RO         2501    .constdata          ht24.o
    0x1400e24d   0x00000030   Data   RO         2502    .constdata          ht24.o
    0x1400e27d   0x00000030   Data   RO         2503    .constdata          ht24.o
    0x1400e2ad   0x00000030   Data   RO         2504    .constdata          ht24.o
    0x1400e2dd   0x00000030   Data   RO         2505    .constdata          ht24.o
    0x1400e30d   0x00000030   Data   RO         2506    .constdata          ht24.o
    0x1400e33d   0x00000030   Data   RO         2507    .constdata          ht24.o
    0x1400e36d   0x00000030   Data   RO         2508    .constdata          ht24.o
    0x1400e39d   0x00000030   Data   RO         2509    .constdata          ht24.o
    0x1400e3cd   0x00000030   Data   RO         2510    .constdata          ht24.o
    0x1400e3fd   0x00000030   Data   RO         2511    .constdata          ht24.o
    0x1400e42d   0x00000030   Data   RO         2512    .constdata          ht24.o
    0x1400e45d   0x00000030   Data   RO         2513    .constdata          ht24.o
    0x1400e48d   0x00000030   Data   RO         2514    .constdata          ht24.o
    0x1400e4bd   0x00000030   Data   RO         2515    .constdata          ht24.o
    0x1400e4ed   0x00000030   Data   RO         2516    .constdata          ht24.o
    0x1400e51d   0x00000030   Data   RO         2517    .constdata          ht24.o
    0x1400e54d   0x00000030   Data   RO         2518    .constdata          ht24.o
    0x1400e57d   0x00000030   Data   RO         2519    .constdata          ht24.o
    0x1400e5ad   0x00000030   Data   RO         2520    .constdata          ht24.o
    0x1400e5dd   0x00000030   Data   RO         2521    .constdata          ht24.o
    0x1400e60d   0x00000030   Data   RO         2522    .constdata          ht24.o
    0x1400e63d   0x00000030   Data   RO         2523    .constdata          ht24.o
    0x1400e66d   0x00000030   Data   RO         2524    .constdata          ht24.o
    0x1400e69d   0x00000030   Data   RO         2525    .constdata          ht24.o
    0x1400e6cd   0x00000030   Data   RO         2526    .constdata          ht24.o
    0x1400e6fd   0x00000030   Data   RO         2527    .constdata          ht24.o
    0x1400e72d   0x00000030   Data   RO         2528    .constdata          ht24.o
    0x1400e75d   0x00000030   Data   RO         2529    .constdata          ht24.o
    0x1400e78d   0x00000030   Data   RO         2530    .constdata          ht24.o
    0x1400e7bd   0x00000030   Data   RO         2531    .constdata          ht24.o
    0x1400e7ed   0x00000030   Data   RO         2532    .constdata          ht24.o
    0x1400e81d   0x00000030   Data   RO         2533    .constdata          ht24.o
    0x1400e84d   0x00000030   Data   RO         2534    .constdata          ht24.o
    0x1400e87d   0x00000030   Data   RO         2535    .constdata          ht24.o
    0x1400e8ad   0x00000030   Data   RO         2536    .constdata          ht24.o
    0x1400e8dd   0x00000030   Data   RO         2537    .constdata          ht24.o
    0x1400e90d   0x00000030   Data   RO         2538    .constdata          ht24.o
    0x1400e93d   0x00000030   Data   RO         2539    .constdata          ht24.o
    0x1400e96d   0x00000030   Data   RO         2540    .constdata          ht24.o
    0x1400e99d   0x00000030   Data   RO         2541    .constdata          ht24.o
    0x1400e9cd   0x00000030   Data   RO         2542    .constdata          ht24.o
    0x1400e9fd   0x00000030   Data   RO         2543    .constdata          ht24.o
    0x1400ea2d   0x00000030   Data   RO         2544    .constdata          ht24.o
    0x1400ea5d   0x00000030   Data   RO         2545    .constdata          ht24.o
    0x1400ea8d   0x00000030   Data   RO         2546    .constdata          ht24.o
    0x1400eabd   0x00000030   Data   RO         2547    .constdata          ht24.o
    0x1400eaed   0x00000030   Data   RO         2548    .constdata          ht24.o
    0x1400eb1d   0x00000030   Data   RO         2549    .constdata          ht24.o
    0x1400eb4d   0x00000030   Data   RO         2550    .constdata          ht24.o
    0x1400eb7d   0x00000030   Data   RO         2551    .constdata          ht24.o
    0x1400ebad   0x00000003   PAD
    0x1400ebb0   0x000002f8   Data   RO         2552    .constdata          ht24.o
    0x1400eea8   0x0000000c   Data   RO         2553    .constdata          ht24.o
    0x1400eeb4   0x00000024   Data   RO         2554    .constdata          ht24.o
    0x1400eed8   0x0000003a   Data   RO         2631    .constdata          ht29.o
    0x1400ef12   0x0000003a   Data   RO         2632    .constdata          ht29.o
    0x1400ef4c   0x0000003a   Data   RO         2633    .constdata          ht29.o
    0x1400ef86   0x0000003a   Data   RO         2634    .constdata          ht29.o
    0x1400efc0   0x0000003a   Data   RO         2635    .constdata          ht29.o
    0x1400effa   0x0000003a   Data   RO         2636    .constdata          ht29.o
    0x1400f034   0x0000003a   Data   RO         2637    .constdata          ht29.o
    0x1400f06e   0x0000003a   Data   RO         2638    .constdata          ht29.o
    0x1400f0a8   0x0000003a   Data   RO         2639    .constdata          ht29.o
    0x1400f0e2   0x0000003a   Data   RO         2640    .constdata          ht29.o
    0x1400f11c   0x0000003a   Data   RO         2641    .constdata          ht29.o
    0x1400f156   0x0000003a   Data   RO         2642    .constdata          ht29.o
    0x1400f190   0x0000003a   Data   RO         2643    .constdata          ht29.o
    0x1400f1ca   0x0000003a   Data   RO         2644    .constdata          ht29.o
    0x1400f204   0x0000003a   Data   RO         2645    .constdata          ht29.o
    0x1400f23e   0x0000003a   Data   RO         2646    .constdata          ht29.o
    0x1400f278   0x0000003a   Data   RO         2647    .constdata          ht29.o
    0x1400f2b2   0x0000003a   Data   RO         2648    .constdata          ht29.o
    0x1400f2ec   0x0000003a   Data   RO         2649    .constdata          ht29.o
    0x1400f326   0x0000003a   Data   RO         2650    .constdata          ht29.o
    0x1400f360   0x0000003a   Data   RO         2651    .constdata          ht29.o
    0x1400f39a   0x0000003a   Data   RO         2652    .constdata          ht29.o
    0x1400f3d4   0x0000003a   Data   RO         2653    .constdata          ht29.o
    0x1400f40e   0x0000003a   Data   RO         2654    .constdata          ht29.o
    0x1400f448   0x0000003a   Data   RO         2655    .constdata          ht29.o
    0x1400f482   0x0000003a   Data   RO         2656    .constdata          ht29.o
    0x1400f4bc   0x0000003a   Data   RO         2657    .constdata          ht29.o
    0x1400f4f6   0x0000003a   Data   RO         2658    .constdata          ht29.o
    0x1400f530   0x0000003a   Data   RO         2659    .constdata          ht29.o
    0x1400f56a   0x0000003a   Data   RO         2660    .constdata          ht29.o
    0x1400f5a4   0x0000003a   Data   RO         2661    .constdata          ht29.o
    0x1400f5de   0x0000003a   Data   RO         2662    .constdata          ht29.o
    0x1400f618   0x0000003a   Data   RO         2663    .constdata          ht29.o
    0x1400f652   0x0000003a   Data   RO         2664    .constdata          ht29.o
    0x1400f68c   0x0000003a   Data   RO         2665    .constdata          ht29.o
    0x1400f6c6   0x0000003a   Data   RO         2666    .constdata          ht29.o
    0x1400f700   0x0000003a   Data   RO         2667    .constdata          ht29.o
    0x1400f73a   0x0000003a   Data   RO         2668    .constdata          ht29.o
    0x1400f774   0x0000003a   Data   RO         2669    .constdata          ht29.o
    0x1400f7ae   0x0000003a   Data   RO         2670    .constdata          ht29.o
    0x1400f7e8   0x0000003a   Data   RO         2671    .constdata          ht29.o
    0x1400f822   0x0000003a   Data   RO         2672    .constdata          ht29.o
    0x1400f85c   0x0000003a   Data   RO         2673    .constdata          ht29.o
    0x1400f896   0x0000003a   Data   RO         2674    .constdata          ht29.o
    0x1400f8d0   0x0000003a   Data   RO         2675    .constdata          ht29.o
    0x1400f90a   0x0000003a   Data   RO         2676    .constdata          ht29.o
    0x1400f944   0x0000003a   Data   RO         2677    .constdata          ht29.o
    0x1400f97e   0x0000003a   Data   RO         2678    .constdata          ht29.o
    0x1400f9b8   0x0000003a   Data   RO         2679    .constdata          ht29.o
    0x1400f9f2   0x0000003a   Data   RO         2680    .constdata          ht29.o
    0x1400fa2c   0x0000003a   Data   RO         2681    .constdata          ht29.o
    0x1400fa66   0x0000003a   Data   RO         2682    .constdata          ht29.o
    0x1400faa0   0x0000003a   Data   RO         2683    .constdata          ht29.o
    0x1400fada   0x0000003a   Data   RO         2684    .constdata          ht29.o
    0x1400fb14   0x0000003a   Data   RO         2685    .constdata          ht29.o
    0x1400fb4e   0x0000003a   Data   RO         2686    .constdata          ht29.o
    0x1400fb88   0x0000003a   Data   RO         2687    .constdata          ht29.o
    0x1400fbc2   0x0000003a   Data   RO         2688    .constdata          ht29.o
    0x1400fbfc   0x0000003a   Data   RO         2689    .constdata          ht29.o
    0x1400fc36   0x0000003a   Data   RO         2690    .constdata          ht29.o
    0x1400fc70   0x0000003a   Data   RO         2691    .constdata          ht29.o
    0x1400fcaa   0x0000003a   Data   RO         2692    .constdata          ht29.o
    0x1400fce4   0x0000003a   Data   RO         2693    .constdata          ht29.o
    0x1400fd1e   0x0000003a   Data   RO         2694    .constdata          ht29.o
    0x1400fd58   0x0000003a   Data   RO         2695    .constdata          ht29.o
    0x1400fd92   0x0000003a   Data   RO         2696    .constdata          ht29.o
    0x1400fdcc   0x0000003a   Data   RO         2697    .constdata          ht29.o
    0x1400fe06   0x0000003a   Data   RO         2698    .constdata          ht29.o
    0x1400fe40   0x0000003a   Data   RO         2699    .constdata          ht29.o
    0x1400fe7a   0x0000003a   Data   RO         2700    .constdata          ht29.o
    0x1400feb4   0x0000003a   Data   RO         2701    .constdata          ht29.o
    0x1400feee   0x0000003a   Data   RO         2702    .constdata          ht29.o
    0x1400ff28   0x0000003a   Data   RO         2703    .constdata          ht29.o
    0x1400ff62   0x0000003a   Data   RO         2704    .constdata          ht29.o
    0x1400ff9c   0x0000003a   Data   RO         2705    .constdata          ht29.o
    0x1400ffd6   0x0000003a   Data   RO         2706    .constdata          ht29.o
    0x14010010   0x0000003a   Data   RO         2707    .constdata          ht29.o
    0x1401004a   0x0000003a   Data   RO         2708    .constdata          ht29.o
    0x14010084   0x0000003a   Data   RO         2709    .constdata          ht29.o
    0x140100be   0x0000003a   Data   RO         2710    .constdata          ht29.o
    0x140100f8   0x0000003a   Data   RO         2711    .constdata          ht29.o
    0x14010132   0x0000003a   Data   RO         2712    .constdata          ht29.o
    0x1401016c   0x0000003a   Data   RO         2713    .constdata          ht29.o
    0x140101a6   0x0000003a   Data   RO         2714    .constdata          ht29.o
    0x140101e0   0x0000003a   Data   RO         2715    .constdata          ht29.o
    0x1401021a   0x0000003a   Data   RO         2716    .constdata          ht29.o
    0x14010254   0x0000003a   Data   RO         2717    .constdata          ht29.o
    0x1401028e   0x0000003a   Data   RO         2718    .constdata          ht29.o
    0x140102c8   0x0000003a   Data   RO         2719    .constdata          ht29.o
    0x14010302   0x0000003a   Data   RO         2720    .constdata          ht29.o
    0x1401033c   0x0000003a   Data   RO         2721    .constdata          ht29.o
    0x14010376   0x0000003a   Data   RO         2722    .constdata          ht29.o
    0x140103b0   0x0000003a   Data   RO         2723    .constdata          ht29.o
    0x140103ea   0x0000003a   Data   RO         2724    .constdata          ht29.o
    0x14010424   0x0000003a   Data   RO         2725    .constdata          ht29.o
    0x1401045e   0x00000002   PAD
    0x14010460   0x000002f8   Data   RO         2726    .constdata          ht29.o
    0x14010758   0x0000000c   Data   RO         2727    .constdata          ht29.o
    0x14010764   0x00000024   Data   RO         2728    .constdata          ht29.o
    0x14010788   0x0000000c   Data   RO         2745    .constdata          st12.o
    0x14010794   0x0000000c   Data   RO         2746    .constdata          st12.o
    0x140107a0   0x0000000c   Data   RO         2747    .constdata          st12.o
    0x140107ac   0x0000000c   Data   RO         2748    .constdata          st12.o
    0x140107b8   0x0000000c   Data   RO         2749    .constdata          st12.o
    0x140107c4   0x0000000c   Data   RO         2750    .constdata          st12.o
    0x140107d0   0x0000000c   Data   RO         2751    .constdata          st12.o
    0x140107dc   0x0000000c   Data   RO         2752    .constdata          st12.o
    0x140107e8   0x0000000c   Data   RO         2753    .constdata          st12.o
    0x140107f4   0x0000000c   Data   RO         2754    .constdata          st12.o
    0x14010800   0x0000000c   Data   RO         2755    .constdata          st12.o
    0x1401080c   0x0000000c   Data   RO         2756    .constdata          st12.o
    0x14010818   0x0000000c   Data   RO         2757    .constdata          st12.o
    0x14010824   0x0000000c   Data   RO         2758    .constdata          st12.o
    0x14010830   0x0000000c   Data   RO         2759    .constdata          st12.o
    0x1401083c   0x0000000c   Data   RO         2760    .constdata          st12.o
    0x14010848   0x0000000c   Data   RO         2761    .constdata          st12.o
    0x14010854   0x0000000c   Data   RO         2762    .constdata          st12.o
    0x14010860   0x0000000c   Data   RO         2763    .constdata          st12.o
    0x1401086c   0x0000000c   Data   RO         2764    .constdata          st12.o
    0x14010878   0x0000000c   Data   RO         2765    .constdata          st12.o
    0x14010884   0x0000000c   Data   RO         2766    .constdata          st12.o
    0x14010890   0x0000000c   Data   RO         2767    .constdata          st12.o
    0x1401089c   0x0000000c   Data   RO         2768    .constdata          st12.o
    0x140108a8   0x0000000c   Data   RO         2769    .constdata          st12.o
    0x140108b4   0x0000000c   Data   RO         2770    .constdata          st12.o
    0x140108c0   0x0000000c   Data   RO         2771    .constdata          st12.o
    0x140108cc   0x0000000c   Data   RO         2772    .constdata          st12.o
    0x140108d8   0x0000000c   Data   RO         2773    .constdata          st12.o
    0x140108e4   0x0000000c   Data   RO         2774    .constdata          st12.o
    0x140108f0   0x0000000c   Data   RO         2775    .constdata          st12.o
    0x140108fc   0x0000000c   Data   RO         2776    .constdata          st12.o
    0x14010908   0x0000000c   Data   RO         2777    .constdata          st12.o
    0x14010914   0x0000000c   Data   RO         2778    .constdata          st12.o
    0x14010920   0x0000000c   Data   RO         2779    .constdata          st12.o
    0x1401092c   0x0000000c   Data   RO         2780    .constdata          st12.o
    0x14010938   0x0000000c   Data   RO         2781    .constdata          st12.o
    0x14010944   0x0000000c   Data   RO         2782    .constdata          st12.o
    0x14010950   0x0000000c   Data   RO         2783    .constdata          st12.o
    0x1401095c   0x0000000c   Data   RO         2784    .constdata          st12.o
    0x14010968   0x0000000c   Data   RO         2785    .constdata          st12.o
    0x14010974   0x0000000c   Data   RO         2786    .constdata          st12.o
    0x14010980   0x0000000c   Data   RO         2787    .constdata          st12.o
    0x1401098c   0x0000000c   Data   RO         2788    .constdata          st12.o
    0x14010998   0x0000000c   Data   RO         2789    .constdata          st12.o
    0x140109a4   0x0000000c   Data   RO         2790    .constdata          st12.o
    0x140109b0   0x0000000c   Data   RO         2791    .constdata          st12.o
    0x140109bc   0x0000000c   Data   RO         2792    .constdata          st12.o
    0x140109c8   0x0000000c   Data   RO         2793    .constdata          st12.o
    0x140109d4   0x0000000c   Data   RO         2794    .constdata          st12.o
    0x140109e0   0x0000000c   Data   RO         2795    .constdata          st12.o
    0x140109ec   0x0000000c   Data   RO         2796    .constdata          st12.o
    0x140109f8   0x0000000c   Data   RO         2797    .constdata          st12.o
    0x14010a04   0x0000000c   Data   RO         2798    .constdata          st12.o
    0x14010a10   0x0000000c   Data   RO         2799    .constdata          st12.o
    0x14010a1c   0x0000000c   Data   RO         2800    .constdata          st12.o
    0x14010a28   0x0000000c   Data   RO         2801    .constdata          st12.o
    0x14010a34   0x0000000c   Data   RO         2802    .constdata          st12.o
    0x14010a40   0x0000000c   Data   RO         2803    .constdata          st12.o
    0x14010a4c   0x0000000c   Data   RO         2804    .constdata          st12.o
    0x14010a58   0x0000000c   Data   RO         2805    .constdata          st12.o
    0x14010a64   0x0000000c   Data   RO         2806    .constdata          st12.o
    0x14010a70   0x0000000c   Data   RO         2807    .constdata          st12.o
    0x14010a7c   0x0000000c   Data   RO         2808    .constdata          st12.o
    0x14010a88   0x0000000c   Data   RO         2809    .constdata          st12.o
    0x14010a94   0x0000000c   Data   RO         2810    .constdata          st12.o
    0x14010aa0   0x0000000c   Data   RO         2811    .constdata          st12.o
    0x14010aac   0x0000000c   Data   RO         2812    .constdata          st12.o
    0x14010ab8   0x0000000c   Data   RO         2813    .constdata          st12.o
    0x14010ac4   0x0000000c   Data   RO         2814    .constdata          st12.o
    0x14010ad0   0x0000000c   Data   RO         2815    .constdata          st12.o
    0x14010adc   0x0000000c   Data   RO         2816    .constdata          st12.o
    0x14010ae8   0x0000000c   Data   RO         2817    .constdata          st12.o
    0x14010af4   0x0000000c   Data   RO         2818    .constdata          st12.o
    0x14010b00   0x0000000c   Data   RO         2819    .constdata          st12.o
    0x14010b0c   0x0000000c   Data   RO         2820    .constdata          st12.o
    0x14010b18   0x0000000c   Data   RO         2821    .constdata          st12.o
    0x14010b24   0x0000000c   Data   RO         2822    .constdata          st12.o
    0x14010b30   0x0000000c   Data   RO         2823    .constdata          st12.o
    0x14010b3c   0x0000000c   Data   RO         2824    .constdata          st12.o
    0x14010b48   0x0000000c   Data   RO         2825    .constdata          st12.o
    0x14010b54   0x0000000c   Data   RO         2826    .constdata          st12.o
    0x14010b60   0x0000000c   Data   RO         2827    .constdata          st12.o
    0x14010b6c   0x0000000c   Data   RO         2828    .constdata          st12.o
    0x14010b78   0x0000000c   Data   RO         2829    .constdata          st12.o
    0x14010b84   0x0000000c   Data   RO         2830    .constdata          st12.o
    0x14010b90   0x0000000c   Data   RO         2831    .constdata          st12.o
    0x14010b9c   0x0000000c   Data   RO         2832    .constdata          st12.o
    0x14010ba8   0x0000000c   Data   RO         2833    .constdata          st12.o
    0x14010bb4   0x0000000c   Data   RO         2834    .constdata          st12.o
    0x14010bc0   0x0000000c   Data   RO         2835    .constdata          st12.o
    0x14010bcc   0x0000000c   Data   RO         2836    .constdata          st12.o
    0x14010bd8   0x0000000c   Data   RO         2837    .constdata          st12.o
    0x14010be4   0x0000000c   Data   RO         2838    .constdata          st12.o
    0x14010bf0   0x0000000c   Data   RO         2839    .constdata          st12.o
    0x14010bfc   0x0000000c   Data   RO         2840    .constdata          st12.o
    0x14010c08   0x00000300   Data   RO         2841    .constdata          st12.o
    0x14010f08   0x0000000c   Data   RO         2842    .constdata          st12.o
    0x14010f14   0x00000024   Data   RO         2843    .constdata          st12.o
    0x14010f38   0x00000040   Data   RO         2860    .constdata          heartstep1.o
    0x14010f78   0x0000000c   Data   RO         2861    .constdata          heartstep1.o
    0x14010f84   0x00000080   Data   RO         2862    .constdata          heartstep1.o
    0x14011004   0x00000014   Data   RO         2863    .constdata          heartstep1.o
    0x14011018   0x00000040   Data   RO         2880    .constdata          heartstep2.o
    0x14011058   0x0000000c   Data   RO         2881    .constdata          heartstep2.o
    0x14011064   0x00000080   Data   RO         2882    .constdata          heartstep2.o
    0x140110e4   0x00000014   Data   RO         2883    .constdata          heartstep2.o
    0x140110f8   0x00000040   Data   RO         2900    .constdata          heartstep3.o
    0x14011138   0x0000000c   Data   RO         2901    .constdata          heartstep3.o
    0x14011144   0x00000080   Data   RO         2902    .constdata          heartstep3.o
    0x140111c4   0x00000014   Data   RO         2903    .constdata          heartstep3.o
    0x140111d8   0x00000040   Data   RO         2920    .constdata          heartstep4.o
    0x14011218   0x0000000c   Data   RO         2921    .constdata          heartstep4.o
    0x14011224   0x00000080   Data   RO         2922    .constdata          heartstep4.o
    0x140112a4   0x00000014   Data   RO         2923    .constdata          heartstep4.o
    0x140112b8   0x00000040   Data   RO         2940    .constdata          heartstep5.o
    0x140112f8   0x0000000c   Data   RO         2941    .constdata          heartstep5.o
    0x14011304   0x00000080   Data   RO         2942    .constdata          heartstep5.o
    0x14011384   0x00000014   Data   RO         2943    .constdata          heartstep5.o
    0x14011398   0x00000040   Data   RO         2960    .constdata          heartstep6.o
    0x140113d8   0x0000000c   Data   RO         2961    .constdata          heartstep6.o
    0x140113e4   0x00000080   Data   RO         2962    .constdata          heartstep6.o
    0x14011464   0x00000014   Data   RO         2963    .constdata          heartstep6.o
    0x14011478   0x00000040   Data   RO         2980    .constdata          heartstep7.o
    0x140114b8   0x0000000c   Data   RO         2981    .constdata          heartstep7.o
    0x140114c4   0x00000080   Data   RO         2982    .constdata          heartstep7.o
    0x14011544   0x00000014   Data   RO         2983    .constdata          heartstep7.o
    0x14011558   0x00000040   Data   RO         3000    .constdata          heartstep8.o
    0x14011598   0x0000000c   Data   RO         3001    .constdata          heartstep8.o
    0x140115a4   0x00000080   Data   RO         3002    .constdata          heartstep8.o
    0x14011624   0x00000014   Data   RO         3003    .constdata          heartstep8.o
    0x14011638   0x00000040   Data   RO         3020    .constdata          msc_black.o
    0x14011678   0x0000000c   Data   RO         3021    .constdata          msc_black.o
    0x14011684   0x00000080   Data   RO         3022    .constdata          msc_black.o
    0x14011704   0x00000014   Data   RO         3023    .constdata          msc_black.o
    0x14011718   0x00000040   Data   RO         3040    .constdata          msc_white.o
    0x14011758   0x0000000c   Data   RO         3041    .constdata          msc_white.o
    0x14011764   0x00000080   Data   RO         3042    .constdata          msc_white.o
    0x140117e4   0x00000014   Data   RO         3043    .constdata          msc_white.o
    0x140117f8   0x00000040   Data   RO         3060    .constdata          db_black.o
    0x14011838   0x0000000c   Data   RO         3061    .constdata          db_black.o
    0x14011844   0x00000080   Data   RO         3062    .constdata          db_black.o
    0x140118c4   0x00000014   Data   RO         3063    .constdata          db_black.o
    0x140118d8   0x00000040   Data   RO         3080    .constdata          db_white.o
    0x14011918   0x0000000c   Data   RO         3081    .constdata          db_white.o
    0x14011924   0x00000080   Data   RO         3082    .constdata          db_white.o
    0x140119a4   0x00000014   Data   RO         3083    .constdata          db_white.o
    0x140119b8   0x00000040   Data   RO         3100    .constdata          net_black.o
    0x140119f8   0x0000000c   Data   RO         3101    .constdata          net_black.o
    0x14011a04   0x00000080   Data   RO         3102    .constdata          net_black.o
    0x14011a84   0x00000014   Data   RO         3103    .constdata          net_black.o
    0x14011a98   0x00000040   Data   RO         3120    .constdata          net_white.o
    0x14011ad8   0x0000000c   Data   RO         3121    .constdata          net_white.o
    0x14011ae4   0x00000080   Data   RO         3122    .constdata          net_white.o
    0x14011b64   0x00000014   Data   RO         3123    .constdata          net_white.o
    0x14011b78   0x00025800   Data   RO         3235    .constdata          bmp1.o
    0x14037378   0x00000014   Data   RO         3236    .constdata          bmp1.o
    0x1403738c   0x00007247   Data   RO         3253    .constdata          bmp3e.o
    0x1403e5d3   0x00000001   PAD
    0x1403e5d4   0x00000014   Data   RO         3254    .constdata          bmp3e.o
    0x1403e5e8   0x00012c00   Data   RO         3271    .constdata          bmp5.o
    0x140511e8   0x00000014   Data   RO         3272    .constdata          bmp5.o
    0x140511fc   0x00012c00   Data   RO         3289    .constdata          colortest.o
    0x14063dfc   0x00000014   Data   RO         3290    .constdata          colortest.o
    0x14063e10   0x00012c00   Data   RO         3307    .constdata          bmp11.o
    0x14076a10   0x00000014   Data   RO         3308    .constdata          bmp11.o
    0x14076a24   0x00012c00   Data   RO         3325    .constdata          bmp12.o
    0x14089624   0x00000014   Data   RO         3326    .constdata          bmp12.o
    0x14089638   0x00000003   Data   RO         4252    .constdata          lib_lpc_board_4370.lib(board.o)
    0x1408963b   0x00000001   PAD
    0x1408963c   0x00000004   Data   RO         4253    .constdata          lib_lpc_board_4370.lib(board.o)
    0x14089640   0x00000004   Data   RO         4254    .constdata          lib_lpc_board_4370.lib(board.o)
    0x14089644   0x000000a4   Data   RO         4575    .constdata          lib_lpc_board_4370.lib(board_sysinit.o)
    0x140896e8   0x00000018   Data   RO         4632    .constdata          emWin_M4F.lib(GUICC_M565.o)
    0x14089700   0x00000008   Data   RO         4727    .constdata          emWin_M4F.lib(GUI_Core.o)
    0x14089708   0x00000008   Data   RO         4759    .constdata          emWin_M4F.lib(GUI_Device.o)
    0x14089710   0x00000010   Data   RO         4779    .constdata          emWin_M4F.lib(GUI_DrawBitmap_565.o)
    0x14089720   0x00000010   Data   RO         4790    .constdata          emWin_M4F.lib(GUI_DrawBitmap_8888.o)
    0x14089730   0x00000010   Data   RO         4813    .constdata          emWin_M4F.lib(GUI_UC_EncodeUTF8.o)
    0x14089740   0x00000010   Data   RO         4905    .constdata          emWin_M4F.lib(LCD_RLE32.o)
    0x14089750   0x00000034   Data   RO         4999    .constdata          emWin_M4F.lib(GUIDRV_Lin_16.o)
    0x14089784   0x00000010   Data   RO         5127    .constdata          emWin_M4F.lib(F8x16_ASCII.o)
    0x14089794   0x00000010   Data   RO         5128    .constdata          emWin_M4F.lib(F8x16_ASCII.o)
    0x140897a4   0x00000010   Data   RO         5129    .constdata          emWin_M4F.lib(F8x16_ASCII.o)
    0x140897b4   0x00000010   Data   RO         5130    .constdata          emWin_M4F.lib(F8x16_ASCII.o)
    0x140897c4   0x00000010   Data   RO         5131    .constdata          emWin_M4F.lib(F8x16_ASCII.o)
    0x140897d4   0x00000010   Data   RO         5132    .constdata          emWin_M4F.lib(F8x16_ASCII.o)
    0x140897e4   0x00000010   Data   RO         5133    .constdata          emWin_M4F.lib(F8x16_ASCII.o)
    0x140897f4   0x00000010   Data   RO         5134    .constdata          emWin_M4F.lib(F8x16_ASCII.o)
    0x14089804   0x00000010   Data   RO         5135    .constdata          emWin_M4F.lib(F8x16_ASCII.o)
    0x14089814   0x00000010   Data   RO         5136    .constdata          emWin_M4F.lib(F8x16_ASCII.o)
    0x14089824   0x00000010   Data   RO         5137    .constdata          emWin_M4F.lib(F8x16_ASCII.o)
    0x14089834   0x00000010   Data   RO         5138    .constdata          emWin_M4F.lib(F8x16_ASCII.o)
    0x14089844   0x00000010   Data   RO         5139    .constdata          emWin_M4F.lib(F8x16_ASCII.o)
    0x14089854   0x00000010   Data   RO         5140    .constdata          emWin_M4F.lib(F8x16_ASCII.o)
    0x14089864   0x00000010   Data   RO         5141    .constdata          emWin_M4F.lib(F8x16_ASCII.o)
    0x14089874   0x00000010   Data   RO         5142    .constdata          emWin_M4F.lib(F8x16_ASCII.o)
    0x14089884   0x00000010   Data   RO         5143    .constdata          emWin_M4F.lib(F8x16_ASCII.o)
    0x14089894   0x00000010   Data   RO         5144    .constdata          emWin_M4F.lib(F8x16_ASCII.o)
    0x140898a4   0x00000010   Data   RO         5145    .constdata          emWin_M4F.lib(F8x16_ASCII.o)
    0x140898b4   0x00000010   Data   RO         5146    .constdata          emWin_M4F.lib(F8x16_ASCII.o)
    0x140898c4   0x00000010   Data   RO         5147    .constdata          emWin_M4F.lib(F8x16_ASCII.o)
    0x140898d4   0x00000010   Data   RO         5148    .constdata          emWin_M4F.lib(F8x16_ASCII.o)
    0x140898e4   0x00000010   Data   RO         5149    .constdata          emWin_M4F.lib(F8x16_ASCII.o)
    0x140898f4   0x00000010   Data   RO         5150    .constdata          emWin_M4F.lib(F8x16_ASCII.o)
    0x14089904   0x00000010   Data   RO         5151    .constdata          emWin_M4F.lib(F8x16_ASCII.o)
    0x14089914   0x00000010   Data   RO         5152    .constdata          emWin_M4F.lib(F8x16_ASCII.o)
    0x14089924   0x00000010   Data   RO         5153    .constdata          emWin_M4F.lib(F8x16_ASCII.o)
    0x14089934   0x00000010   Data   RO         5154    .constdata          emWin_M4F.lib(F8x16_ASCII.o)
    0x14089944   0x00000010   Data   RO         5155    .constdata          emWin_M4F.lib(F8x16_ASCII.o)
    0x14089954   0x00000010   Data   RO         5156    .constdata          emWin_M4F.lib(F8x16_ASCII.o)
    0x14089964   0x00000010   Data   RO         5157    .constdata          emWin_M4F.lib(F8x16_ASCII.o)
    0x14089974   0x00000010   Data   RO         5158    .constdata          emWin_M4F.lib(F8x16_ASCII.o)
    0x14089984   0x00000010   Data   RO         5159    .constdata          emWin_M4F.lib(F8x16_ASCII.o)
    0x14089994   0x00000010   Data   RO         5160    .constdata          emWin_M4F.lib(F8x16_ASCII.o)
    0x140899a4   0x00000010   Data   RO         5161    .constdata          emWin_M4F.lib(F8x16_ASCII.o)
    0x140899b4   0x00000010   Data   RO         5162    .constdata          emWin_M4F.lib(F8x16_ASCII.o)
    0x140899c4   0x00000010   Data   RO         5163    .constdata          emWin_M4F.lib(F8x16_ASCII.o)
    0x140899d4   0x00000010   Data   RO         5164    .constdata          emWin_M4F.lib(F8x16_ASCII.o)
    0x140899e4   0x00000010   Data   RO         5165    .constdata          emWin_M4F.lib(F8x16_ASCII.o)
    0x140899f4   0x00000010   Data   RO         5166    .constdata          emWin_M4F.lib(F8x16_ASCII.o)
    0x14089a04   0x00000010   Data   RO         5167    .constdata          emWin_M4F.lib(F8x16_ASCII.o)
    0x14089a14   0x00000010   Data   RO         5168    .constdata          emWin_M4F.lib(F8x16_ASCII.o)
    0x14089a24   0x00000010   Data   RO         5169    .constdata          emWin_M4F.lib(F8x16_ASCII.o)
    0x14089a34   0x00000010   Data   RO         5170    .constdata          emWin_M4F.lib(F8x16_ASCII.o)
    0x14089a44   0x00000010   Data   RO         5171    .constdata          emWin_M4F.lib(F8x16_ASCII.o)
    0x14089a54   0x00000010   Data   RO         5172    .constdata          emWin_M4F.lib(F8x16_ASCII.o)
    0x14089a64   0x00000010   Data   RO         5173    .constdata          emWin_M4F.lib(F8x16_ASCII.o)
    0x14089a74   0x00000010   Data   RO         5174    .constdata          emWin_M4F.lib(F8x16_ASCII.o)
    0x14089a84   0x00000010   Data   RO         5175    .constdata          emWin_M4F.lib(F8x16_ASCII.o)
    0x14089a94   0x00000010   Data   RO         5176    .constdata          emWin_M4F.lib(F8x16_ASCII.o)
    0x14089aa4   0x00000010   Data   RO         5177    .constdata          emWin_M4F.lib(F8x16_ASCII.o)
    0x14089ab4   0x00000010   Data   RO         5178    .constdata          emWin_M4F.lib(F8x16_ASCII.o)
    0x14089ac4   0x00000010   Data   RO         5179    .constdata          emWin_M4F.lib(F8x16_ASCII.o)
    0x14089ad4   0x00000010   Data   RO         5180    .constdata          emWin_M4F.lib(F8x16_ASCII.o)
    0x14089ae4   0x00000010   Data   RO         5181    .constdata          emWin_M4F.lib(F8x16_ASCII.o)
    0x14089af4   0x00000010   Data   RO         5182    .constdata          emWin_M4F.lib(F8x16_ASCII.o)
    0x14089b04   0x00000010   Data   RO         5183    .constdata          emWin_M4F.lib(F8x16_ASCII.o)
    0x14089b14   0x00000010   Data   RO         5184    .constdata          emWin_M4F.lib(F8x16_ASCII.o)
    0x14089b24   0x00000010   Data   RO         5185    .constdata          emWin_M4F.lib(F8x16_ASCII.o)
    0x14089b34   0x00000010   Data   RO         5186    .constdata          emWin_M4F.lib(F8x16_ASCII.o)
    0x14089b44   0x00000010   Data   RO         5187    .constdata          emWin_M4F.lib(F8x16_ASCII.o)
    0x14089b54   0x00000010   Data   RO         5188    .constdata          emWin_M4F.lib(F8x16_ASCII.o)
    0x14089b64   0x00000010   Data   RO         5189    .constdata          emWin_M4F.lib(F8x16_ASCII.o)
    0x14089b74   0x00000010   Data   RO         5190    .constdata          emWin_M4F.lib(F8x16_ASCII.o)
    0x14089b84   0x00000010   Data   RO         5191    .constdata          emWin_M4F.lib(F8x16_ASCII.o)
    0x14089b94   0x00000010   Data   RO         5192    .constdata          emWin_M4F.lib(F8x16_ASCII.o)
    0x14089ba4   0x00000010   Data   RO         5193    .constdata          emWin_M4F.lib(F8x16_ASCII.o)
    0x14089bb4   0x00000010   Data   RO         5194    .constdata          emWin_M4F.lib(F8x16_ASCII.o)
    0x14089bc4   0x00000010   Data   RO         5195    .constdata          emWin_M4F.lib(F8x16_ASCII.o)
    0x14089bd4   0x00000010   Data   RO         5196    .constdata          emWin_M4F.lib(F8x16_ASCII.o)
    0x14089be4   0x00000010   Data   RO         5197    .constdata          emWin_M4F.lib(F8x16_ASCII.o)
    0x14089bf4   0x00000010   Data   RO         5198    .constdata          emWin_M4F.lib(F8x16_ASCII.o)
    0x14089c04   0x00000010   Data   RO         5199    .constdata          emWin_M4F.lib(F8x16_ASCII.o)
    0x14089c14   0x00000010   Data   RO         5200    .constdata          emWin_M4F.lib(F8x16_ASCII.o)
    0x14089c24   0x00000010   Data   RO         5201    .constdata          emWin_M4F.lib(F8x16_ASCII.o)
    0x14089c34   0x00000010   Data   RO         5202    .constdata          emWin_M4F.lib(F8x16_ASCII.o)
    0x14089c44   0x00000010   Data   RO         5203    .constdata          emWin_M4F.lib(F8x16_ASCII.o)
    0x14089c54   0x00000010   Data   RO         5204    .constdata          emWin_M4F.lib(F8x16_ASCII.o)
    0x14089c64   0x00000010   Data   RO         5205    .constdata          emWin_M4F.lib(F8x16_ASCII.o)
    0x14089c74   0x00000010   Data   RO         5206    .constdata          emWin_M4F.lib(F8x16_ASCII.o)
    0x14089c84   0x00000010   Data   RO         5207    .constdata          emWin_M4F.lib(F8x16_ASCII.o)
    0x14089c94   0x00000010   Data   RO         5208    .constdata          emWin_M4F.lib(F8x16_ASCII.o)
    0x14089ca4   0x00000010   Data   RO         5209    .constdata          emWin_M4F.lib(F8x16_ASCII.o)
    0x14089cb4   0x00000010   Data   RO         5210    .constdata          emWin_M4F.lib(F8x16_ASCII.o)
    0x14089cc4   0x00000010   Data   RO         5211    .constdata          emWin_M4F.lib(F8x16_ASCII.o)
    0x14089cd4   0x00000010   Data   RO         5212    .constdata          emWin_M4F.lib(F8x16_ASCII.o)
    0x14089ce4   0x00000010   Data   RO         5213    .constdata          emWin_M4F.lib(F8x16_ASCII.o)
    0x14089cf4   0x00000010   Data   RO         5214    .constdata          emWin_M4F.lib(F8x16_ASCII.o)
    0x14089d04   0x00000010   Data   RO         5215    .constdata          emWin_M4F.lib(F8x16_ASCII.o)
    0x14089d14   0x00000010   Data   RO         5216    .constdata          emWin_M4F.lib(F8x16_ASCII.o)
    0x14089d24   0x00000010   Data   RO         5217    .constdata          emWin_M4F.lib(F8x16_ASCII.o)
    0x14089d34   0x00000010   Data   RO         5218    .constdata          emWin_M4F.lib(F8x16_ASCII.o)
    0x14089d44   0x00000010   Data   RO         5219    .constdata          emWin_M4F.lib(F8x16_ASCII.o)
    0x14089d54   0x00000010   Data   RO         5220    .constdata          emWin_M4F.lib(F8x16_ASCII.o)
    0x14089d64   0x00000010   Data   RO         5221    .constdata          emWin_M4F.lib(F8x16_ASCII.o)
    0x14089d74   0x000002f8   Data   RO         5222    .constdata          emWin_M4F.lib(F8x16_ASCII.o)
    0x1408a06c   0x0000000c   Data   RO         5223    .constdata          emWin_M4F.lib(F8x16_ASCII.o)
    0x1408a078   0x00000024   Data   RO         5224    .constdata          emWin_M4F.lib(F8x16_ASCII.o)
    0x1408a09c   0x0000006c   Data   RO         5260    .constdata          lib_lpc_chip_43xx.lib(clock_18xx_43xx.o)
    0x1408a108   0x00000048   Data   RO         5566    .constdata          lib_lpc_chip_43xx.lib(sysinit_18xx_43xx.o)
    0x1408a150   0x00000018   Data   RO         5605    .constdata          emWin_M4F.lib(GUICC_565.o)
    0x1408a168   0x00000018   Data   RO         5615    .constdata          emWin_M4F.lib(GUICC_8888.o)
    0x1408a180   0x00000010   Data   RO         5672    .constdata          emWin_M4F.lib(GUI_UC_EncodeNone.o)
    0x1408a190   0x00000100   Data   RO         5705    .constdata          emWin_M4F.lib(GUI__DivTbl_255_31.o)
    0x1408a290   0x00000100   Data   RO         5706    .constdata          emWin_M4F.lib(GUI__DivTbl_255_63.o)
    0x1408a390   0x00000020   Data   RO         5707    .constdata          emWin_M4F.lib(GUI__DivTbl_31_255.o)
    0x1408a3b0   0x00000040   Data   RO         5708    .constdata          emWin_M4F.lib(GUI__DivTbl_63_255.o)
    0x1408a3f0   0x0000000c   Data   RO         5731    .constdata          emWin_M4F.lib(LCD.o)
    0x1408a3fc   0x00000100   Data   RO         5789    .constdata          emWin_M4F.lib(LCD_Mirror.o)
    0x1408a4fc   0x00000518   Data   RO         5790    .constdata          emWin_M4F.lib(F6x8.o)
    0x1408aa14   0x000001c0   Data   RO         5791    .constdata          emWin_M4F.lib(F6x8.o)
    0x1408abd4   0x00000008   Data   RO         5792    .constdata          emWin_M4F.lib(F6x8.o)
    0x1408abdc   0x00000014   Data   RO         5793    .constdata          emWin_M4F.lib(F6x8.o)
    0x1408abf0   0x00000024   Data   RO         5794    .constdata          emWin_M4F.lib(F6x8.o)
    0x1408ac14   0x00000074   Data   RO         5808    .constdata          emWin_M4F.lib(GUIDEV_16.o)
    0x1408ac88   0x00000018   Data   RO         5930    .constdata          emWin_M4F.lib(GUICC_0.o)
    0x1408aca0   0x00000008   Data   RO         6148    .constdata          emWin_M4F.lib(GUIDEV_WriteToActiveOpaque.o)
    0x1408aca8   0x00000011   Data   RO         6674    .constdata          c_w.l(__printf_flags_ss_wp.o)
    0x1408acb9   0x00000003   PAD
    0x1408acbc   0x00000008   Data   RO         6763    .constdata          c_w.l(_printf_wctomb.o)
    0x1408acc4   0x00000028   Data   RO         6792    .constdata          c_w.l(_printf_hex_int_ll_ptr.o)
    0x1408acec   0x00000094   Data   RO         6942    .constdata          c_w.l(bigflt0.o)
    0x1408ad80   0x00000038   Data   RO          693    .conststring        display.o
    0x1408adb8   0x0000000b   Data   RO          694    .conststring        display.o
    0x1408adc3   0x00000001   PAD
    0x1408adc4   0x00000006   Data   RO          695    .conststring        display.o
    0x1408adca   0x00000002   PAD
    0x1408adcc   0x00000004   Data   RO          696    .conststring        display.o
    0x1408add0   0x00000007   Data   RO          697    .conststring        display.o
    0x1408add7   0x00000001   PAD
    0x1408add8   0x00000030   Data   RO         7055    Region$$Table       anon$$obj.o
    0x1408ae08   0x00000110   Data   RO         6966    locale$$data        c_w.l(lc_ctype_c.o)
    0x1408af18   0x0000001c   Data   RO         6969    locale$$data        c_w.l(lc_numeric_c.o)


    Execution Region RW_IRAM2 (Base: 0x20000000, Size: 0x00010000, Max: 0x00010000, ABSOLUTE)

    Base Addr    Size         Type   Attr      Idx    E Section Name        Object

    0x20000000   0x00010000   Zero   RW         2063    .bss                heap_4.o


==============================================================================

Image component sizes


      Code (inc. data)   RO Data    RW Data    ZI Data      Debug   Object Name

      2562        984         42         12          0      20745   apptask.o
         0          0     153620          0          0        825   bmp1.o
         0          0      76820          0          0        582   bmp11.o
         0          0      76820          0          0        582   bmp12.o
         0          0      29275          0          0        830   bmp3e.o
         0          0      76820          0          0        825   bmp5.o
         0          0      76820          0          0        854   colortest.o
         0          0        224          0          0        797   db_black.o
         0          0        224          0          0        797   db_white.o
      2310        614        701       1430          0      50134   display.o
        32         10          0         16          0       2990   dma.o
       110          4          0          0          0       8071   driver_sct.o
         4          0          0          0          0        643   freertoscommonhooks.o
        96         16          0          8          0       3915   gui_x_freertos.o
        28          6          0          0      32768        655   guiconf.o
       352         22          0         24      65536       4879   heap_4.o
         0          0        224          0          0        807   heartstep1.o
         0          0        224          0          0        807   heartstep2.o
         0          0        224          0          0        807   heartstep3.o
         0          0        224          0          0        807   heartstep4.o
         0          0        224          0          0        807   heartstep5.o
         0          0        224          0          0        807   heartstep6.o
         0          0        224          0          0        807   heartstep7.o
         0          0        224          0          0        807   heartstep8.o
         0          0       5368          0          0       7140   ht24.o
         0          0       6318          0          0       7140   ht29.o
       286         56          0          4          0      11365   kb_dev.o
        68         28        276          0       5120       1064   keil_freertos_startup_lpc18xx43xx.o
       126         12          0          0          0       4682   lcdconf.o
       136          0          0          0          0       5582   list.o
        58          0          0          1          0      64484   main.o
         0          0        224          0          0        778   msc_black.o
         0          0        224          0          0        778   msc_white.o
         0          0        224          0          0        814   net_black.o
         0          0        224          0          0        814   net_white.o
       404         36          0        194      76800      14945   oled_driver.o
       396         60          0         56          0      44051   pinint.o
       684         68          0         16          0      10484   port.o
      1056          0          0          0          0      11181   queue.o
         0          0       1968          0          0       7208   st12.o
        28          8          0          0          0      19569   sysinit.o
      1712        172          0         56        260      22745   tasks.o
       586        136          0         16        640      11662   trccom.o
       168         38          0          0        424      37274   uart.o

    ----------------------------------------------------------------------
     11216       2270     508042       1840     181548     388340   Object Totals
         0          0         48          0          0          0   (incl. Generated)
        14          0         10          7          0          0   (incl. Padding)

    ----------------------------------------------------------------------

      Code (inc. data)   RO Data    RW Data    ZI Data      Debug   Library Member Name

        90          0          0          0          0          0   __dczerorl2.o
         8          0          0          0          0         68   __main.o
       392          4         17          0          0         92   __printf_flags_ss_wp.o
        14          0          0          0          0         68   __printf_wp.o
         0          0          0          0          0          0   __rtentry.o
        12          0          0          0          0          0   __rtentry2.o
         6          0          0          0          0          0   __rtentry4.o
        52          8          0          0          0          0   __scatter.o
        28          0          0          0          0          0   __scatter_zi.o
        28          0          0          0          0         68   _chval.o
         6          0          0          0          0          0   _printf_a.o
         6          0          0          0          0          0   _printf_c.o
        44          0          0          0          0        108   _printf_char.o
        48          6          0          0          0         96   _printf_char_common.o
        40          0          0          0          0         68   _printf_charcount.o
         6          0          0          0          0          0   _printf_d.o
       120         16          0          0          0         92   _printf_dec.o
         6          0          0          0          0          0   _printf_e.o
         6          0          0          0          0          0   _printf_f.o
      1050          0          0          0          0        216   _printf_fp_dec.o
       128         16          0          0          0         84   _printf_fp_infnan.o
         6          0          0          0          0          0   _printf_g.o
       148          4         40          0          0        160   _printf_hex_int_ll_ptr.o
         6          0          0          0          0          0   _printf_i.o
       178          0          0          0          0         88   _printf_intcommon.o
        10          0          0          0          0          0   _printf_l.o
         6          0          0          0          0          0   _printf_lc.o
        10          0          0          0          0          0   _printf_ll.o
         6          0          0          0          0          0   _printf_lld.o
         6          0          0          0          0          0   _printf_lli.o
         6          0          0          0          0          0   _printf_llo.o
         6          0          0          0          0          0   _printf_llu.o
         6          0          0          0          0          0   _printf_llx.o
       124         16          0          0          0         92   _printf_longlong_dec.o
         6          0          0          0          0          0   _printf_ls.o
         6          0          0          0          0          0   _printf_n.o
         6          0          0          0          0          0   _printf_o.o
       112          8          0          0          0        124   _printf_oct_int_ll.o
         6          0          0          0          0          0   _printf_p.o
        78          0          0          0          0        108   _printf_pad.o
         0          0          0          0          0          0   _printf_percent.o
         4          0          0          0          0          0   _printf_percent_end.o
         6          0          0          0          0          0   _printf_s.o
        82          0          0          0          0         80   _printf_str.o
        36          0          0          0          0         84   _printf_truncate.o
         6          0          0          0          0          0   _printf_u.o
        44          0          0          0          0        108   _printf_wchar.o
       188          6          8          0          0         92   _printf_wctomb.o
         6          0          0          0          0          0   _printf_x.o
        16          0          0          0          0         68   _snputc.o
        10          0          0          0          0         68   _sputc.o
       158          0          0          0          0         92   _strtoul.o
        64          0          0          0          0         92   _wcrtomb.o
        16          0          0          0          0         68   aeabi_memset.o
        26          0          0          0          0         80   atoi.o
       220          4        148          0          0         96   bigflt0.o
      1910        128          0          0          0        672   btod.o
        52          4          0          0          0         80   c89vsnprintf.o
        10          0          0          0          0         68   defsig_exit.o
        50          0          0          0          0         88   defsig_general.o
        80         58          0          0          0         76   defsig_rtmem_inner.o
        14          0          0          0          0         80   defsig_rtmem_outer.o
        18          0          0          0          0         80   exit.o
        94          0          0          0          0         80   h1_alloc.o
        52          0          0          0          0         68   h1_extend.o
        78          0          0          0          0         80   h1_free.o
        14          0          0          0          0         84   h1_init.o
         6          0          0          0          0        152   heapauxi.o
         4          0          0          0          0        136   hguard.o
         0          0          0          0          0          0   indicate_semi.o
       138          0          0          0          0        168   init_alloc.o
        44         10        272          0          0         76   lc_ctype_c.o
        44         10         28          0          0         76   lc_numeric_c.o
         2          0          0          0          0          0   libinit.o
        42          0          0          0          0          0   libinit2.o
         2          0          0          0          0          0   libshutdown.o
         2          0          0          0          0          0   libshutdown2.o
         8          4          0          0         96         68   libspace.o
       138          0          0          0          0         80   lludiv10.o
         0          0          0          0          0          0   maybetermalloc1.o
         8          0          0          0          0         76   memcpy.o
        16          4          0          0          0         76   rt_ctype_table.o
         8          4          0          0          0         68   rt_errno_addr_intlibspace.o
         8          4          0          0          0         68   rt_heap_descriptor_intlibspace.o
         8          4          0          0          0         68   rt_locale_intlibspace.o
        68          0          0          0          0         68   rt_memclr.o
        78          0          0          0          0         80   rt_memclr_w.o
       138          0          0          0          0         68   rt_memcpy_v6.o
       100          0          0          0          0         80   rt_memcpy_w.o
       132          0          0          0          0         68   rt_memmove_v6.o
       122          0          0          0          0         80   rt_memmove_w.o
         2          0          0          0          0          0   rtexit.o
        10          0          0          0          0          0   rtexit2.o
       128          0          0          0          0         68   strcmpv7m.o
        62          0          0          0          0         76   strlen.o
       112          0          0          0          0         88   strtol.o
        74          0          0          0          0         80   sys_stackheap_outer.o
        14          0          0          0          0         76   sys_wrch.o
         2          0          0          0          0         68   use_no_semi.o
         0          0       1816          0          0          0   F6x8.o
         0          0       2328          0          0          0   F8x16_ASCII.o
       224          0         24          0          0        388   GUICC_0.o
       366         36         24          0          0        644   GUICC_565.o
       158          0         24          0          0        504   GUICC_8888.o
         2          0          0          0          0        116   GUICC_8888_Index2Color.o
         2          0          0          0          0        116   GUICC_888_Index2Color.o
       414         44         24          8          0        676   GUICC_M565.o
       130          6          0          0          0        256   GUIDEV.o
      3010         60        116          0          0       1584   GUIDEV_16.o
        38          0          0          0          0        128   GUIDEV_GetDataPtr.o
        86          0          0          0          0        260   GUIDEV_Usage.o
      2076         14          8          0          0        168   GUIDEV_WriteToActiveOpaque.o
      3814        152         52          0          0       3812   GUIDRV_Lin_16.o
        46          0          0          0          0        128   GUI_ALLOC_AllocZero.o
      2482        100          0          8        204       2184   GUI_Alloc.o
        62          0          0          0          0        116   GUI_CalcColorDist.o
       164         20          0          0          0        500   GUI_Char.o
       598         28          0          4          0        544   GUI_CharLine.o
       398         10          0          0          0        492   GUI_CharM.o
       378         10          0          0          0        532   GUI_CharP.o
       360         44          8         53        232        512   GUI_Core.o
       620         36          8          0          0        880   GUI_Device.o
       268          4          0          0          0        148   GUI_DispString.o
        40          6          0          0          0        136   GUI_DispStringAt.o
       244         10          0          0          0        148   GUI_DrawBitmap.o
        44          8         16          0          0        140   GUI_DrawBitmap_565.o
      1612         46         16         12          0        616   GUI_DrawBitmap_8888.o
        48          0          0          0          0        248   GUI_GetColor.o
        32          4          0          0          0        128   GUI_Goto.o
        92          0          0          0          0        116   GUI_MergeRect.o
        32          0          0          0          0        116   GUI_MoveRect.o
        20          6          0         16         88        116   GUI_OnKey.o
        56          0          0          0          0        116   GUI_RectsIntersect.o
        26          0          0          0          0        128   GUI_SelectLCD.o
        56         10          0          0          0        128   GUI_SelectLayer.o
        44          0          0          0          0        256   GUI_SetColor.o
        36          4          0          0          0        128   GUI_SetColorIndex.o
        24          0          0          0          0        124   GUI_SetDrawMode.o
        32          4          0          0          0        128   GUI_SetFont.o
        64         16          0          0          0        136   GUI_SetOrg.o
        32          6          0          0          0        128   GUI_SetTextMode.o
       472         42          0         28          0        644   GUI_Task.o
        88         12          0          0          0        264   GUI_UC.o
        18          0         16          0          0        464   GUI_UC_EncodeNone.o
       224          8         16          0          0        592   GUI_UC_EncodeUTF8.o
        16          4          0         12          0        116   GUI_WaitEvent.o
      1098         38          0         40          0        816   GUI__Alpha.o
       818          0          0          0          0        396   GUI__CompactPixelIndices.o
         0          0        256          0          0          0   GUI__DivTbl_255_31.o
         0          0        256          0          0          0   GUI__DivTbl_255_63.o
         0          0         32          0          0          0   GUI__DivTbl_31_255.o
         0          0         64          0          0          0   GUI__DivTbl_63_255.o
       692          8          0          0          0        168   GUI__DrawBitmap16bpp.o
       356          0          0          0          0        172   GUI__ExpandPixelIndices.o
        66          0          0          0          0        116   GUI__IntersectRect.o
        82          0          0          0          0        128   GUI__IntersectRects.o
       240         12          0         12         64        252   GUI__ManageCache.o
       208          0          0          0          0        160   GUI__memset.o
       166          0          0          0          0        136   GUI__memset16.o
      1972        134         12          4          0       2220   LCD.o
       304         36          0         16          0        520   LCD_Color.o
        32         12          0          0          0        232   LCD_GetColorIndex.o
       512         28          0          0          0       1620   LCD_GetEx.o
        28          0          0          0          0        128   LCD_GetNumDisplays.o
        96          8          0          0          0        144   LCD_GetP.o
        14          0          0          0          0        128   LCD_GetPixelColor.o
         0          0        256          0          0          0   LCD_Mirror.o
       648         54          0         16         48        784   LCD_NextPixelAPI.o
      1004         66         16         24          0        836   LCD_RLE32.o
       672         20          0          0          0        332   LCD_ReadRect.o
        72          8          0          0          0        128   LCD_SelectLCD.o
       172          0          0          0          0        524   LCD_Set.o
        52         10          0          0          0        132   LCD_SetClipRectEx.o
        36          4          0          0          0        128   LCD_UpdateColorIndices.o
      4000        148          0         68        280       3044   WM.o
       140          0          0          0          0        140   WM_BringToBottom.o
        16          6          0          0          0        116   WM_CriticalHandle.o
        32          0          0          0          0        128   WM_GetClientRect.o
        24         10          0          0          0        116   WM_GetDesktopWindow.o
        26          0          0          0          0        124   WM_GetFirstChild.o
        26          0          0          0          0        124   WM_GetParent.o
        40          0          0          0          0        136   WM_SendToParent.o
         0          0          0          0        576          0   WM_Touch.o
        20          0          0          0          0        124   WM__GetFirstSibling.o
        40          0          0          0          0        128   WM__GetPrevSibling.o
        60          4          0          4          0        136   WM__SendMessage.o
         4          0          0          0          0        116   memcpy.o
        10          0          0          0          0        116   fpinit.o
         4          0          0          0          0        116   printf1.o
         0          0          0          0          0          0   usenofp.o
       134         28         11          0          0      23238   board.o
       246         36        164          0          0       6204   board_sysinit.o
        20          6          0          4          0      19674   chip_18xx_43xx.o
      1106        170        108          8          0      13655   clock_18xx_43xx.o
       200         16          0          0          0       3023   emc_18xx_43xx.o
        60         14          0          0          0       1198   fpu_init.o
       128          6          0          0          0       2600   gpdma_18xx_43xx.o
         2          0          0          0          0       2833   gpio_18xx_43xx.o
       388          0          0          0          0       6396   ring_buffer.o
        12          0          0          0          0        476   sct_18xx_43xx.o
       136          4          0          0          0       5966   sct_pwm_18xx_43xx.o
        56          6          0          0          0        989   scu_18xx_43xx.o
       124         18         72          0          0       1454   sysinit_18xx_43xx.o
       456         26          0          1          0      14560   uart_18xx_43xx.o
        48          0          0          0          0        124   fpclassify.o

    ----------------------------------------------------------------------
     43622       2004       6260        344       1588     142986   Library Totals
        80          0          4          6          0          0   (incl. Padding)

    ----------------------------------------------------------------------

      Code (inc. data)   RO Data    RW Data    ZI Data      Debug   Library Name

      7596        318        513          0         96       5928   c_w.l
     32816       1356       5388        325       1492      34436   emWin_M4F.lib
        14          0          0          0          0        232   fz_wm.l
       380         64        175          0          0      29442   lib_lpc_board_4370.lib
      2688        266        180         13          0      72824   lib_lpc_chip_43xx.lib
        48          0          0          0          0        124   m_wm.l

    ----------------------------------------------------------------------
     43622       2004       6260        344       1588     142986   Library Totals

    ----------------------------------------------------------------------

==============================================================================


      Code (inc. data)   RO Data    RW Data    ZI Data      Debug   

     54838       4274     514302       2184     183136     478794   Grand Totals
     54838       4274     514302        780     183136     478794   ELF Image Totals (compressed)
     54838       4274     514302        780          0          0   ROM Totals

==============================================================================

    Total RO  Size (Code + RO Data)               569140 ( 555.80kB)
    Total RW  Size (RW Data + ZI Data)            185320 ( 180.98kB)
    Total ROM Size (Code + RO Data + RW Data)     569920 ( 556.56kB)

==============================================================================

