<html>
<body>
<pre>
<h1>µVision Build Log</h1>
<h2>Tool Versions:</h2>
IDE-Version: ¦ÌVision V5.20.0.0
Copyright (C) 2016 ARM Ltd and ARM Germany GmbH. All rights reserved.
License Information: aa Microsoft, Microsoft, LIC=CRMMM-X6A3I-PFYIX-HSK86-89HMT-46G3T
 
Tool Versions:
Toolchain:       MDK-ARM Professional  Version: 5.20
Toolchain Path:  C:\Keil_v5_20\ARM\ARMCC\Bin
C Compiler:      Armcc.exe V5.06 update 2 (build 183)
Assembler:       Armasm.exe V5.06 update 2 (build 183)
Linker/Locator:  ArmLink.exe V5.06 update 2 (build 183)
Library Manager: ArmAr.exe V5.06 update 2 (build 183)
Hex Converter:   FromElf.exe V5.06 update 2 (build 183)
CPU DLL:         SARMCM3.DLL V5.20
Dialog DLL:      DCM.DLL V1.13.7.0
Target DLL:      Segger\JL2CM3.dll V2.99.20.0
Dialog DLL:      TCM.DLL V1.14.9.0
 
<h2>Project:</h2>
D:\works\display_keyborad\applications\lpc18xx_43xx\keil_uvision_projects\nxp_lpclink2_4370\freertos\freertos_blinky\freertos_blinky.uvproj
Project File Date:  09/09/2016

<h2>Output:</h2>
*** Using Compiler 'V5.06 update 2 (build 183)', folder: 'C:\Keil_v5_20\ARM\ARMCC\Bin'
Build Project 'freertos_blinky' - Target 'spifi_nxp_lpclink2_4370'
assembling keil_freertos_startup_lpc18xx43xx.s...
compiling sysinit.c...
compiling main.c...
compiling apptask.c...
compiling trccom.c...
compiling kb_dev.c...
compiling list.c...
compiling display.c...
compiling queue.c...
compiling tasks.c...
compiling timers.c...
compiling port.c...
D:\works\display_keyborad\software\freertos\freertos\Source\portable\RVDS\ARM_CM4F\port.c(490): warning: A1581W: Added 2 bytes of padding at address 0xa2
compiling FreeRTOSCommonHooks.c...
compiling heap_4.c...
compiling GUI_X_FreeRTOS.c...
compiling GUIConf.c...
compiling LCDConf.c...
compiling HT24.c...
compiling Oled_driver.c...
compiling bjs.c...
compiling cz2.c...
compiling HT29.c...
compiling cz4.c...
compiling ST12.c...
compiling heartstep2.c...
compiling heartstep1.c...
compiling heartstep3.c...
compiling heartstep4.c...
compiling heartstep5.c...
compiling heartstep6.c...
compiling heartstep7.c...
compiling heartstep8.c...
compiling msc_black.c...
compiling msc_white.c...
compiling db_black.c...
compiling db_white.c...
compiling net_white.c...
compiling net_black.c...
compiling up2.c...
compiling back_pic.c...
compiling down2.c...
compiling mcx1.c...
compiling mcx.c...
compiling bmp1.c...
compiling bmp3e.c...
compiling bmp5.c...
compiling colortest.c...
compiling uart.c...
compiling pinint.c...
compiling dma.c...
compiling driver_sct.c...
linking...
Program Size: Code=55174 RO-data=360662 RW-data=2180 ZI-data=183140  
".\keil_output\freertos_blinky.axf" - 0 Error(s), 1 Warning(s).
Build Time Elapsed:  00:00:19
</pre>
</body>
</html>
