Component: ARM Compiler 5.06 update 3 (build 300) Tool: armlink [4d35c9]

==============================================================================

Section Cross References

    sysinit.o(i.SystemInit) refers to fpu_init.o(i.fpuInit) for fpuInit
    sysinit.o(i.SystemInit) refers to board_sysinit.o(i.Board_SystemInit) for Board_SystemInit
    sysinit.o(i.SystemInit) refers to keil_freertos_startup_lpc18xx43xx.o(RESET) for __Vectors
    keil_freertos_startup_lpc18xx43xx.o(STACK) refers (Special) to heapauxi.o(.text) for __use_two_region_memory
    keil_freertos_startup_lpc18xx43xx.o(HEAP) refers (Special) to heapauxi.o(.text) for __use_two_region_memory
    keil_freertos_startup_lpc18xx43xx.o(RESET) refers (Special) to heapauxi.o(.text) for __use_two_region_memory
    keil_freertos_startup_lpc18xx43xx.o(RESET) refers to keil_freertos_startup_lpc18xx43xx.o(STACK) for __initial_sp
    keil_freertos_startup_lpc18xx43xx.o(RESET) refers to keil_freertos_startup_lpc18xx43xx.o(.text) for Reset_Handler
    keil_freertos_startup_lpc18xx43xx.o(RESET) refers to port.o(.emb_text) for SVC_Handler
    keil_freertos_startup_lpc18xx43xx.o(RESET) refers to port.o(i.SysTick_Handler) for SysTick_Handler
    keil_freertos_startup_lpc18xx43xx.o(RESET) refers to dma.o(i.DMA_IRQHandler) for DMA_IRQHandler
    keil_freertos_startup_lpc18xx43xx.o(RESET) refers to uart.o(i.UART3_IRQHandler) for UART3_IRQHandler
    keil_freertos_startup_lpc18xx43xx.o(RESET) refers to pinint.o(i.GPIO0_IRQHandler) for GPIO0_IRQHandler
    keil_freertos_startup_lpc18xx43xx.o(RESET) refers to pinint.o(i.GPIO1_IRQHandler) for GPIO1_IRQHandler
    keil_freertos_startup_lpc18xx43xx.o(RESET) refers to pinint.o(i.GPIO2_IRQHandler) for GPIO2_IRQHandler
    keil_freertos_startup_lpc18xx43xx.o(RESET) refers to pinint.o(i.GPIO3_IRQHandler) for GPIO3_IRQHandler
    keil_freertos_startup_lpc18xx43xx.o(RESET) refers to pinint.o(i.GPIO4_IRQHandler) for GPIO4_IRQHandler
    keil_freertos_startup_lpc18xx43xx.o(RESET) refers to pinint.o(i.GPIO5_IRQHandler) for GPIO5_IRQHandler
    keil_freertos_startup_lpc18xx43xx.o(RESET) refers to pinint.o(i.GPIO6_IRQHandler) for GPIO6_IRQHandler
    keil_freertos_startup_lpc18xx43xx.o(.text) refers (Special) to heapauxi.o(.text) for __use_two_region_memory
    keil_freertos_startup_lpc18xx43xx.o(.text) refers to sysinit.o(i.SystemInit) for SystemInit
    keil_freertos_startup_lpc18xx43xx.o(.text) refers to __main.o(!!!main) for __main
    keil_freertos_startup_lpc18xx43xx.o(.text) refers to keil_freertos_startup_lpc18xx43xx.o(HEAP) for Heap_Mem
    keil_freertos_startup_lpc18xx43xx.o(.text) refers to keil_freertos_startup_lpc18xx43xx.o(STACK) for Stack_Mem
    main.o(i.main) refers to chip_18xx_43xx.o(i.SystemCoreClockUpdate) for SystemCoreClockUpdate
    main.o(i.main) refers to board.o(i.Board_Init) for Board_Init
    main.o(i.main) refers to board.o(i.Board_LED_Set) for Board_LED_Set
    main.o(i.main) refers to uart.o(i.uart_dev_init) for uart_dev_init
    main.o(i.main) refers to oled_driver.o(i.OLED_INIT) for OLED_INIT
    main.o(i.main) refers to kb_dev.o(i.kb_dev_init) for kb_dev_init
    main.o(i.main) refers to apptask.o(i.AppTaskCreate) for AppTaskCreate
    main.o(i.main) refers to tasks.o(i.vTaskStartScheduler) for vTaskStartScheduler
    main.o(i.test_key_oled) refers to apptask.o(i.OLED_enable_refresh_ram) for OLED_enable_refresh_ram
    apptask.o(i.AppTaskCreate) refers to kb_dev.o(i.KB_OLED_App_init) for KB_OLED_App_init
    apptask.o(i.AppTaskCreate) refers to apptask.o(i.OLED_refresh_task_create) for OLED_refresh_task_create
    apptask.o(i.AppTaskCreate) refers to apptask.o(i.Task_Create_10ms) for Task_Create_10ms
    apptask.o(i.AppTaskCreate) refers to apptask.o(i.Key_Board_task_create) for Key_Board_task_create
    apptask.o(i.AppTaskCreate) refers to apptask.o(i.Task_Create_Uart0_Server) for Task_Create_Uart0_Server
    apptask.o(i.AppTaskCreate) refers to apptask.o(i.Task_Create_Com_Protocol) for Task_Create_Com_Protocol
    apptask.o(i.KBD_dev_init) refers to queue.o(i.xQueueGenericCreate) for xQueueGenericCreate
    apptask.o(i.KBD_dev_init) refers to pinint.o(i.pin_interrupt_init) for pin_interrupt_init
    apptask.o(i.KBD_dev_init) refers to apptask.o(.data) for .data
    apptask.o(i.Key_Board_task_create) refers to apptask.o(i.KBD_dev_init) for KBD_dev_init
    apptask.o(i.Key_Board_task_create) refers to tasks.o(i.xTaskCreate) for xTaskCreate
    apptask.o(i.Key_Board_task_create) refers to apptask.o(i.get_key_value_task) for get_key_value_task
    apptask.o(i.Key_Board_task_create) refers to apptask.o(i.display_key_menu_task) for display_key_menu_task
    apptask.o(i.OLED_disable_refresh_ram) refers to oled_driver.o(i.OLED_Refresh_Flg_Set) for OLED_Refresh_Flg_Set
    apptask.o(i.OLED_enable_refresh_ram) refers to oled_driver.o(i.OLED_Refresh_Flg_Set) for OLED_Refresh_Flg_Set
    apptask.o(i.OLED_enable_refresh_ram) refers to queue.o(i.xQueueGenericSend) for xQueueGenericSend
[...]
    0x14007228   0x00000010   Code   RO         4320    i.RingBuffer_Init   lib_lpc_chip_43xx.lib(ring_buffer.o)
    0x14007238   0x00000030   Code   RO         4321    i.RingBuffer_Insert  lib_lpc_chip_43xx.lib(ring_buffer.o)
    0x14007268   0x0000007a   Code   RO         4322    i.RingBuffer_InsertMult  lib_lpc_chip_43xx.lib(ring_buffer.o)
    0x140072e2   0x00000010   Code   RO         4190    i.RingBuffer_IsEmpty  lib_lpc_chip_43xx.lib(uart_18xx_43xx.o)
    0x140072f2   0x00000010   Code   RO         4323    i.RingBuffer_IsEmpty  lib_lpc_chip_43xx.lib(ring_buffer.o)
    0x14007302   0x00000014   Code   RO         4324    i.RingBuffer_IsFull  lib_lpc_chip_43xx.lib(ring_buffer.o)
    0x14007316   0x00000030   Code   RO         4325    i.RingBuffer_Pop    lib_lpc_chip_43xx.lib(ring_buffer.o)
    0x14007346   0x00000076   Code   RO         4326    i.RingBuffer_PopMult  lib_lpc_chip_43xx.lib(ring_buffer.o)
    0x140073bc   0x00000074   Code   RO          476    i.Send_Vtr_Up_Data  trccom.o
    0x14007430   0x00000010   Code   RO          477    i.Set_All_Debug_Level  trccom.o
    0x14007440   0x00000014   Code   RO         1194    i.Set_DBS_Icon_Dark_Bright  kb_dev.o
    0x14007454   0x00000014   Code   RO          478    i.Set_Debug_Level   trccom.o
    0x14007468   0x00000014   Code   RO         1195    i.Set_Heart_Icon_ON_OFF  kb_dev.o
    0x1400747c   0x00000014   Code   RO         1196    i.Set_MSC_Icon_Dark_Bright  kb_dev.o
    0x14007490   0x00000014   Code   RO         1199    i.Set_Net_Icon_Dark_Bright  kb_dev.o
    0x140074a4   0x0000002c   Code   RO         2049    i.SysTick_Handler   port.o
    0x140074d0   0x00000014   Code   RO         3739    i.SystemCoreClockUpdate  lib_lpc_chip_43xx.lib(chip_18xx_43xx.o)
    0x140074e4   0x0000001c   Code   RO            3    i.SystemInit        sysinit.o
    0x14007500   0x000000d4   Code   RO          480    i.TRC_COM_init_app  trccom.o
    0x140075d4   0x0000007c   Code   RO          338    i.Task_Create_10ms  apptask.o
    0x14007650   0x00000084   Code   RO          339    i.Task_Create_Com_Protocol  apptask.o
    0x140076d4   0x000000a0   Code   RO          340    i.Task_Create_Uart0_Server  apptask.o
    0x14007774   0x00000014   Code   RO         3585    i.UART3_IRQHandler  uart.o
    0x14007788   0x00000010   Code   RO         5974    i.WM_Activate       emWin_M4F.lib(WM.o)
    0x14007798   0x0000008c   Code   RO         6301    i.WM_BringToBottom  emWin_M4F.lib(WM_BringToBottom.o)
    0x14007824   0x00000158   Code   RO         5976    i.WM_CreateWindowAsChild  emWin_M4F.lib(WM.o)
    0x1400797c   0x00000046   Code   RO         5978    i.WM_DefaultProc    emWin_M4F.lib(WM.o)
    0x140079c2   0x00000002   PAD
    0x140079c4   0x00000018   Code   RO         6074    i.WM_GetDesktopWindow  emWin_M4F.lib(WM_GetDesktopWindow.o)
    0x140079dc   0x0000001a   Code   RO         6313    i.WM_GetFirstChild  emWin_M4F.lib(WM_GetFirstChild.o)
    0x140079f6   0x0000001a   Code   RO         6582    i.WM_GetParent      emWin_M4F.lib(WM_GetParent.o)
    0x14007a10   0x000000d8   Code   RO         5983    i.WM_Init           emWin_M4F.lib(WM.o)
    0x14007ae8   0x000000e0   Code   RO         5984    i.WM_InvalidateRect  emWin_M4F.lib(WM.o)
    0x14007bc8   0x0000006e   Code   RO         5986    i.WM_InvalidateWindowAndDescsEx  emWin_M4F.lib(WM.o)
    0x14007c36   0x00000002   PAD
    0x14007c38   0x00000080   Code   RO         5987    i.WM_SelectWindow   emWin_M4F.lib(WM.o)
    0x14007cb8   0x00000028   Code   RO         6319    i.WM_SendToParent   emWin_M4F.lib(WM_SendToParent.o)
    0x14007ce0   0x000000d0   Code   RO         5990    i.WM__ActivateClipRect  emWin_M4F.lib(WM.o)
    0x14007db0   0x00000010   Code   RO         6303    i.WM__AddCriticalHandle  emWin_M4F.lib(WM_CriticalHandle.o)
    0x14007dc0   0x00000070   Code   RO         5992    i.WM__ClipAtParentBorders  emWin_M4F.lib(WM.o)
    0x14007e30   0x00000020   Code   RO         6309    i.WM__GetClientRectEx  emWin_M4F.lib(WM_GetClientRect.o)
    0x14007e50   0x00000018   Code   RO         5995    i.WM__GetClientRectWin  emWin_M4F.lib(WM.o)
    0x14007e68   0x00000014   Code   RO         6708    i.WM__GetFirstSibling  emWin_M4F.lib(WM__GetFirstSibling.o)
    0x14007e7c   0x00000344   Code   RO         5996    i.WM__GetNextIVR    emWin_M4F.lib(WM.o)
    0x140081c0   0x00000028   Code   RO         6611    i.WM__GetPrevSibling  emWin_M4F.lib(WM__GetPrevSibling.o)
    0x140081e8   0x00000108   Code   RO         5998    i.WM__InitIVRSearch  emWin_M4F.lib(WM.o)
    0x140082f0   0x000000b6   Code   RO         5999    i.WM__InsertWindowIntoList  emWin_M4F.lib(WM.o)
    0x140083a6   0x00000002   PAD
    0x140083a8   0x00000058   Code   RO         6001    i.WM__InvalidateDrawAndDescs  emWin_M4F.lib(WM.o)
    0x14008400   0x000000d2   Code   RO         6003    i.WM__InvalidateRect  emWin_M4F.lib(WM.o)
    0x140084d2   0x00000006   Code   RO         6004    i.WM__InvalidateRectEx  emWin_M4F.lib(WM.o)
    0x140084d8   0x0000003c   Code   RO         6349    i.WM__SendMessage   emWin_M4F.lib(WM__SendMessage.o)
    0x14008514   0x000000bc   Code   RO         4816    i._AddFreeMemory    emWin_M4F.lib(GUI_Alloc.o)
    0x140085d0   0x000001e4   Code   RO         4817    i._Alloc            emWin_M4F.lib(GUI_Alloc.o)
    0x140087b4   0x00000014   Code   RO         4960    i._CalcSizeOfChar   emWin_M4F.lib(GUI_UC_EncodeUTF8.o)
    0x140087c8   0x00000004   Code   RO         5819    i._CalcSizeOfChar   emWin_M4F.lib(GUI_UC_EncodeNone.o)
    0x140087cc   0x00000098   Code   RO         4779    i._Color2IndexBulk  emWin_M4F.lib(GUICC_M565.o)
    0x14008864   0x00000080   Code   RO         5752    i._Color2IndexBulk  emWin_M4F.lib(GUICC_565.o)
    0x140088e4   0x0000003a   Code   RO         5762    i._Color2IndexBulk  emWin_M4F.lib(GUICC_8888.o)
    0x1400891e   0x00000002   PAD
    0x14008920   0x0000006e   Code   RO         6078    i._Color2Index_0    emWin_M4F.lib(GUICC_0.o)
    0x1400898e   0x00000002   PAD
    0x14008990   0x0000002c   Code   RO         5753    i._Color2Index_565  emWin_M4F.lib(GUICC_565.o)
    0x140089bc   0x00000002   Code   RO         5763    i._Color2Index_8888  emWin_M4F.lib(GUICC_8888.o)
    0x140089be   0x00000002   PAD
    0x140089c0   0x0000002c   Code   RO         4780    i._Color2Index_M565  emWin_M4F.lib(GUICC_M565.o)
    0x140089ec   0x0000006c   Code   RO         5121    i._CopyBuffer       emWin_M4F.lib(GUIDRV_Lin_16.o)
    0x14008a58   0x0000008c   Code   RO         5045    i._Draw             emWin_M4F.lib(LCD_RLE32.o)
    0x14008ae4   0x0000002c   Code   RO         4928    i._DrawBitmap       emWin_M4F.lib(GUI_DrawBitmap_565.o)
    0x14008b10   0x000004d0   Code   RO         4935    i._DrawBitmap       emWin_M4F.lib(GUI_DrawBitmap_8888.o)
    0x14008fe0   0x000001f4   Code   RO         5046    i._DrawBitmap       emWin_M4F.lib(LCD_RLE32.o)
    0x140091d4   0x000006d6   Code   RO         5122    i._DrawBitmap       emWin_M4F.lib(GUIDRV_Lin_16.o)
    0x140098aa   0x00000002   PAD
    0x140098ac   0x00000808   Code   RO         5947    i._DrawBitmap       emWin_M4F.lib(GUIDEV_16.o)
    0x1400a0b4   0x0000010c   Code   RO         4936    i._DrawBitmapHW_8888  emWin_M4F.lib(GUI_DrawBitmap_8888.o)
    0x1400a1c0   0x0000002c   Code   RO         4937    i._DrawBitmap_8888  emWin_M4F.lib(GUI_DrawBitmap_8888.o)
    0x1400a1ec   0x0000002c   Code   RO         5047    i._DrawBitmap_RLE32  emWin_M4F.lib(LCD_RLE32.o)
    0x1400a218   0x000000fc   Code   RO         5049    i._DrawClip         emWin_M4F.lib(LCD_RLE32.o)
    0x1400a314   0x0000000a   Code   RO         5123    i._DrawHLine        emWin_M4F.lib(GUIDRV_Lin_16.o)
    0x1400a31e   0x0000000a   Code   RO         5948    i._DrawHLine        emWin_M4F.lib(GUIDEV_16.o)
    0x1400a328   0x0000000c   Code   RO         5124    i._DrawVLine        emWin_M4F.lib(GUIDRV_Lin_16.o)
    0x1400a334   0x00000118   Code   RO         5949    i._DrawVLine        emWin_M4F.lib(GUIDEV_16.o)
    0x1400a44c   0x00000046   Code   RO         4961    i._Encode           emWin_M4F.lib(GUI_UC_EncodeUTF8.o)
    0x1400a492   0x00000006   Code   RO         5820    i._Encode           emWin_M4F.lib(GUI_UC_EncodeNone.o)
    0x1400a498   0x000000d4   Code   RO         4818    i._EnlargeBlocks    emWin_M4F.lib(GUI_Alloc.o)
    0x1400a56c   0x0000021c   Code   RO         5125    i._FillRect         emWin_M4F.lib(GUIDRV_Lin_16.o)
    0x1400a788   0x000000f8   Code   RO         5950    i._FillRect         emWin_M4F.lib(GUIDEV_16.o)
    0x1400a880   0x0000008a   Code   RO         6014    i._Findx0           emWin_M4F.lib(WM.o)
    0x1400a90a   0x00000080   Code   RO         6015    i._Findx1           emWin_M4F.lib(WM.o)
    0x1400a98a   0x000000b4   Code   RO         6016    i._Findy1           emWin_M4F.lib(WM.o)
    0x1400aa3e   0x00000002   PAD
    0x1400aa40   0x00000010   Code   RO         5051    i._GetByte_pPixel   emWin_M4F.lib(LCD_RLE32.o)
    0x1400aa50   0x00000046   Code   RO         4962    i._GetCharCode      emWin_M4F.lib(GUI_UC_EncodeUTF8.o)
    0x1400aa96   0x00000004   Code   RO         5821    i._GetCharCode      emWin_M4F.lib(GUI_UC_EncodeNone.o)
    0x1400aa9a   0x00000024   Code   RO         4963    i._GetCharSize      emWin_M4F.lib(GUI_UC_EncodeUTF8.o)
    0x1400aabe   0x00000004   Code   RO         5822    i._GetCharSize      emWin_M4F.lib(GUI_UC_EncodeNone.o)
    0x1400aac2   0x00000002   PAD
    0x1400aac4   0x00000010   Code   RO         5126    i._GetDevData       emWin_M4F.lib(GUIDRV_Lin_16.o)
    0x1400aad4   0x00000010   Code   RO         5951    i._GetDevData       emWin_M4F.lib(GUIDEV_16.o)
    0x1400aae4   0x000000dc   Code   RO         5127    i._GetDevFunc       emWin_M4F.lib(GUIDRV_Lin_16.o)
    0x1400abc0   0x00000010   Code   RO         5952    i._GetDevFunc       emWin_M4F.lib(GUIDEV_16.o)
    0x1400abd0   0x0000003c   Code   RO         5128    i._GetDevProp       emWin_M4F.lib(GUIDRV_Lin_16.o)
    0x1400ac0c   0x00000012   Code   RO         5953    i._GetDevProp       emWin_M4F.lib(GUIDEV_16.o)
    0x1400ac1e   0x00000052   Code   RO         6079    i._GetIndexMask_0   emWin_M4F.lib(GUICC_0.o)
    0x1400ac70   0x00000006   Code   RO         5754    i._GetIndexMask_565  emWin_M4F.lib(GUICC_565.o)
    0x1400ac76   0x00000006   Code   RO         5764    i._GetIndexMask_8888  emWin_M4F.lib(GUICC_8888.o)
    0x1400ac7c   0x00000006   Code   RO         4781    i._GetIndexMask_M565  emWin_M4F.lib(GUICC_M565.o)
    0x1400ac82   0x00000010   Code   RO         5129    i._GetPixelIndex    emWin_M4F.lib(GUIDRV_Lin_16.o)
    0x1400ac92   0x00000002   PAD
    0x1400ac94   0x00000040   Code   RO         5954    i._GetPixelIndex    emWin_M4F.lib(GUIDEV_16.o)
    0x1400acd4   0x00000034   Code   RO         5053    i._GetPixel_pPixel  emWin_M4F.lib(LCD_RLE32.o)
    0x1400ad08   0x00000030   Code   RO         5130    i._GetPos           emWin_M4F.lib(GUIDRV_Lin_16.o)
    0x1400ad38   0x00000016   Code   RO         5131    i._GetRect          emWin_M4F.lib(GUIDRV_Lin_16.o)
    0x1400ad4e   0x00000030   Code   RO         5955    i._GetRect          emWin_M4F.lib(GUIDEV_16.o)
    0x1400ad7e   0x00000002   PAD
    0x1400ad80   0x000000a8   Code   RO         4782    i._Index2ColorBulk  emWin_M4F.lib(GUICC_M565.o)
    0x1400ae28   0x00000090   Code   RO         5755    i._Index2ColorBulk  emWin_M4F.lib(GUICC_565.o)
    0x1400aeb8   0x0000005c   Code   RO         5765    i._Index2ColorBulk  emWin_M4F.lib(GUICC_8888.o)
    0x1400af14   0x00000020   Code   RO         6080    i._Index2Color_0    emWin_M4F.lib(GUICC_0.o)
    0x1400af34   0x00000032   Code   RO         5132    i._Init             emWin_M4F.lib(GUIDRV_Lin_16.o)
    0x1400af66   0x00000002   PAD
    0x1400af68   0x000002bc   Code   RO         4819    i._InitOnce         emWin_M4F.lib(GUI_Alloc.o)
    0x1400b224   0x000000b4   Code   RO         6017    i._Invalidate1Abs   emWin_M4F.lib(WM.o)
    0x1400b2d8   0x00000002   Code   RO         6105    i._Log2VisBuffered  emWin_M4F.lib(GUI_CharLine.o)
    0x1400b2da   0x00000002   PAD
    0x1400b2dc   0x00000024   Code   RO         6223    i._NextPixel_End    emWin_M4F.lib(LCD_NextPixelAPI.o)
    0x1400b300   0x00000058   Code   RO         6224    i._NextPixel_FlushBuffer  emWin_M4F.lib(LCD_NextPixelAPI.o)
    0x1400b358   0x00000020   Code   RO         6225    i._NextPixel_NextLine  emWin_M4F.lib(LCD_NextPixelAPI.o)
    0x1400b378   0x00000118   Code   RO         6226    i._NextPixel_SetPixel  emWin_M4F.lib(LCD_NextPixelAPI.o)
    0x1400b490   0x000000a0   Code   RO         6227    i._NextPixel_Start  emWin_M4F.lib(LCD_NextPixelAPI.o)
    0x1400b530   0x0000000a   Code   RO         5133    i._Off              emWin_M4F.lib(GUIDRV_Lin_16.o)
    0x1400b53a   0x0000000a   Code   RO         5134    i._On               emWin_M4F.lib(GUIDRV_Lin_16.o)
    0x1400b544   0x00000034   Code   RO         4820    i._OnExit           emWin_M4F.lib(GUI_Alloc.o)
    0x1400b578   0x0000002c   Code   RO         4875    i._OnExit           emWin_M4F.lib(GUI_Core.o)
    0x1400b5a4   0x00000014   Code   RO         5808    i._OnExit           emWin_M4F.lib(GUI_Task.o)
    0x1400b5b8   0x00000028   Code   RO         5838    i._OnExit           emWin_M4F.lib(GUI__Alpha.o)
    0x1400b5e0   0x00000014   Code   RO         5925    i._OnExit           emWin_M4F.lib(LCD_Color.o)
    0x1400b5f4   0x000000a0   Code   RO         6018    i._OnExit           emWin_M4F.lib(WM.o)
    0x1400b694   0x0000006e   Code   RO         5135    i._ReadRect         emWin_M4F.lib(GUIDRV_Lin_16.o)
    0x1400b702   0x00000002   PAD
    0x1400b704   0x0000005c   Code   RO         4821    i._RemoveFreeBlock  emWin_M4F.lib(GUI_Alloc.o)
    0x1400b760   0x000000d0   Code   RO         4822    i._RemoveHoles      emWin_M4F.lib(GUI_Alloc.o)
    0x1400b830   0x00000036   Code   RO         5136    i._SetAlpha         emWin_M4F.lib(GUIDRV_Lin_16.o)
    0x1400b866   0x00000010   Code   RO         5137    i._SetAlphaMode     emWin_M4F.lib(GUIDRV_Lin_16.o)
    0x1400b876   0x00000002   PAD
    0x1400b878   0x00000038   Code   RO         5879    i._SetBkColor       emWin_M4F.lib(LCD.o)
    0x1400b8b0   0x00000016   Code   RO         5138    i._SetChroma        emWin_M4F.lib(GUIDRV_Lin_16.o)
    0x1400b8c6   0x00000010   Code   RO         5139    i._SetChromaMode    emWin_M4F.lib(GUIDRV_Lin_16.o)
    0x1400b8d6   0x00000002   PAD
    0x1400b8d8   0x00000038   Code   RO         5880    i._SetColor         emWin_M4F.lib(LCD.o)
    0x1400b910   0x00000058   Code   RO         5140    i._SetDevFunc       emWin_M4F.lib(GUIDRV_Lin_16.o)
    0x1400b968   0x00000038   Code   RO         5881    i._SetDrawMode      emWin_M4F.lib(LCD.o)
    0x1400b9a0   0x000000b8   Code   RO         5141    i._SetOrg           emWin_M4F.lib(GUIDRV_Lin_16.o)
    0x1400ba58   0x0000000e   Code   RO         5956    i._SetOrg           emWin_M4F.lib(GUIDEV_16.o)
    0x1400ba66   0x00000002   PAD
    0x1400ba68   0x00000044   Code   RO         4939    i._SetPixelAlpha    emWin_M4F.lib(GUI_DrawBitmap_8888.o)
    0x1400baac   0x00000012   Code   RO         5142    i._SetPixelIndex    emWin_M4F.lib(GUIDRV_Lin_16.o)
    0x1400babe   0x00000002   PAD
    0x1400bac0   0x00000074   Code   RO         5957    i._SetPixelIndex    emWin_M4F.lib(GUIDEV_16.o)
    0x1400bb34   0x00000044   Code   RO         5143    i._SetPos           emWin_M4F.lib(GUIDRV_Lin_16.o)
    0x1400bb78   0x0000005a   Code   RO         5144    i._SetSize          emWin_M4F.lib(GUIDRV_Lin_16.o)
    0x1400bbd2   0x00000038   Code   RO         5145    i._SetVRAMAddr      emWin_M4F.lib(GUIDRV_Lin_16.o)
    0x1400bc0a   0x00000040   Code   RO         5146    i._SetVSize         emWin_M4F.lib(GUIDRV_Lin_16.o)
    0x1400bc4a   0x00000036   Code   RO         5147    i._SetVis           emWin_M4F.lib(GUIDRV_Lin_16.o)
    0x1400bc80   0x00000034   Code   RO         5148    i._ShowBuffer       emWin_M4F.lib(GUIDRV_Lin_16.o)
    0x1400bcb4   0x00000032   Code   RO         5149    i._XorPixel         emWin_M4F.lib(GUIDRV_Lin_16.o)
    0x1400bce6   0x00000002   PAD
    0x1400bce8   0x0000007c   Code   RO         5958    i._XorPixel         emWin_M4F.lib(GUIDEV_16.o)
    0x1400bd64   0x00000030   Code   RO         7155    i.__ARM_fpclassify  m_wm.l(fpclassify.o)
    0x1400bd94   0x00000004   Code   RO         5972    i.__emWin_memcpy    emWin_M4F.lib(memcpy.o)
    0x1400bd98   0x000000b0   Code   RO         6020    i._cbBackWin        emWin_M4F.lib(WM.o)
    0x1400be48   0x0000000e   Code   RO         6817    i._is_digit         c_w.l(__printf_wp.o)
    0x1400be56   0x00000004   Code   RO         4394    i._sys_exit         lib_lpc_board_4370.lib(board.o)
    0x1400be5a   0x00000002   PAD
    0x1400be5c   0x00000054   Code   RO         3495    i.check_irq_send_key_queue  pinint.o
    0x1400beb0   0x00000084   Code   RO          341    i.check_user_cmd    apptask.o
    0x1400bf34   0x00000010   Code   RO          643    i.clear_display_dev  display.o
    0x1400bf44   0x00000030   Code   RO         5594    i.convertTimmingParam  lib_lpc_chip_43xx.lib(emc_18xx_43xx.o)
    0x1400bf74   0x0000003c   Code   RO          342    i.display_key_menu_task  apptask.o
    0x1400bfb0   0x00000036   Code   RO          343    i.do_check_frame_cs  apptask.o
    0x1400bfe6   0x00000002   PAD
    0x1400bfe8   0x00000030   Code   RO         1668    i.eTaskConfirmSleepModeStatus  tasks.o
    0x1400c018   0x0000003c   Code   RO         4299    i.fpuInit           lib_lpc_chip_43xx.lib(fpu_init.o)
    0x1400c054   0x0000001c   Code   RO          644    i.fun_display_align_center  display.o
    0x1400c070   0x000000a0   Code   RO          654    i.func_display_area_2  display.o
    0x1400c110   0x00000060   Code   RO          656    i.func_display_area_4  display.o
    0x1400c170   0x0000004c   Code   RO          657    i.func_display_area_5  display.o
    0x1400c1bc   0x0000000c   Code   RO          664    i.get_key_fun_index  display.o
    0x1400c1c8   0x0000011c   Code   RO          344    i.get_key_value_task  apptask.o
    0x1400c2e4   0x00000010   Code   RO          668    i.get_option_index  display.o
    0x1400c2f4   0x00000060   Code   RO         5596    i.initStaticMem     lib_lpc_chip_43xx.lib(emc_18xx_43xx.o)
    0x1400c354   0x00000018   Code   RO          671    i.is_work_mode_CH_No_freq  display.o
    0x1400c36c   0x00000014   Code   RO         1201    i.kb_dev_init       kb_dev.o
    0x1400c380   0x0000003c   Code   RO         1202    i.kb_save_ch_no_txrx_freq  kb_dev.o
    0x1400c3bc   0x0000001c   Code   RO         1203    i.kb_save_ctr_ch_state  kb_dev.o
    0x1400c3d8   0x0000000a   Code   RO         1204    i.kb_save_ctr_ch_state1_main  kb_dev.o
    0x1400c3e2   0x0000001a   Code   RO          673    i.kb_save_pdt_trunk_chnum  display.o
    0x1400c3fc   0x00000010   Code   RO         1206    i.kb_save_work_mode  kb_dev.o
    0x1400c40c   0x0000003a   Code   RO          232    i.main              main.o
    0x1400c446   0x00000002   PAD
    0x1400c448   0x00000034   Code   RO         3496    i.pin_interrupt_init  pinint.o
    0x1400c47c   0x00000080   Code   RO         3497    i.pinint_init       pinint.o
    0x1400c4fc   0x00000070   Code   RO         1671    i.prvAddCurrentTaskToDelayedList  tasks.o
    0x1400c56c   0x000000d0   Code   RO         1672    i.prvAddNewTaskToReadyList  tasks.o
    0x1400c63c   0x00000050   Code   RO         1673    i.prvCheckTasksWaitingTermination  tasks.o
    0x1400c68c   0x00000026   Code   RO         1473    i.prvCopyDataFromQueue  queue.o
    0x1400c6b2   0x0000006c   Code   RO         1474    i.prvCopyDataToQueue  queue.o
    0x1400c71e   0x00000014   Code   RO         1674    i.prvDeleteTCB      tasks.o
    0x1400c732   0x00000002   PAD
    0x1400c734   0x00000034   Code   RO         1675    i.prvGetExpectedIdleTime  tasks.o
    0x1400c768   0x0000004c   Code   RO         2201    i.prvHeapInit       heap_4.o
    0x1400c7b4   0x00000048   Code   RO         1676    i.prvIdleTask       tasks.o
    0x1400c7fc   0x0000008a   Code   RO         1677    i.prvInitialiseNewTask  tasks.o
    0x1400c886   0x00000002   PAD
    0x1400c888   0x0000004c   Code   RO         2202    i.prvInsertBlockIntoFreeList  heap_4.o
    0x1400c8d4   0x0000001c   Code   RO         1475    i.prvIsQueueEmpty   queue.o
    0x1400c8f0   0x00000020   Code   RO         1679    i.prvResetNextTaskUnblockTime  tasks.o
    0x1400c910   0x00000010   Code   RO         2050    i.prvTaskExitError  port.o
    0x1400c920   0x0000006a   Code   RO         1476    i.prvUnlockQueue    queue.o
    0x1400c98a   0x00000002   PAD
    0x1400c98c   0x00000098   Code   RO         2203    i.pvPortMalloc      heap_4.o
    0x1400ca24   0x00000018   Code   RO         1682    i.pvTaskIncrementMutexHeldCount  tasks.o
    0x1400ca3c   0x0000002c   Code   RO         2051    i.pxPortInitialiseStack  port.o
    0x1400ca68   0x00000024   Code   RO          481    i.rt_kprintf        trccom.o
    0x1400ca8c   0x00000058   Code   RO          483    i.rt_pirntf_hex     trccom.o
    0x1400cae4   0x0000001c   Code   RO         3691    i.sctpwm            driver_sct.o
    0x1400cb00   0x00000014   Code   RO          682    i.set_option_index  display.o
    0x1400cb14   0x00000014   Code   RO          683    i.set_option_index_select  display.o
    0x1400cb28   0x00000018   Code   RO          684    i.set_text_mode_by_select_flg  display.o
    0x1400cb40   0x00000068   Code   RO         2442    i.tft_ssd2119_init  oled_driver.o
    0x1400cba8   0x0000006c   Code   RO         3586    i.uart_dev_init     uart.o
    0x1400cc14   0x00000014   Code   RO         3587    i.uart_read_data    uart.o
    0x1400cc28   0x00000014   Code   RO         3588    i.uart_send_data    uart.o
    0x1400cc3c   0x00000024   Code   RO         1394    i.uxListRemove      list.o
    0x1400cc60   0x000000d4   Code   RO          345    i.v10msTask         apptask.o
    0x1400cd34   0x00000004   Code   RO         2143    i.vApplicationIdleHook  freertoscommonhooks.o
    0x1400cd38   0x00000016   Code   RO         1395    i.vListInitialise   list.o
    0x1400cd4e   0x00000006   Code   RO         1396    i.vListInitialiseItem  list.o
    0x1400cd54   0x00000030   Code   RO         1397    i.vListInsert       list.o
    0x1400cd84   0x00000018   Code   RO         1398    i.vListInsertEnd    list.o
    0x1400cd9c   0x0000001c   Code   RO         2053    i.vPortEnterCritical  port.o
    0x1400cdb8   0x00000014   Code   RO         2054    i.vPortExitCritical  port.o
    0x1400cdcc   0x00000040   Code   RO         2204    i.vPortFree         heap_4.o
    0x1400ce0c   0x00000044   Code   RO         2055    i.vPortSetupTimerInterrupt  port.o
    0x1400ce50   0x000000d4   Code   RO         2056    i.vPortSuppressTicksAndSleep  port.o
    0x1400cf24   0x00000030   Code   RO         1691    i.vTaskDelay        tasks.o
    0x1400cf54   0x0000000c   Code   RO         1696    i.vTaskMissedYield  tasks.o
    0x1400cf60   0x00000020   Code   RO         1698    i.vTaskPlaceOnEventList  tasks.o
    0x1400cf80   0x00000084   Code   RO         1700    i.vTaskPriorityInherit  tasks.o
    0x1400d004   0x00000010   Code   RO         1704    i.vTaskSetTimeOutState  tasks.o
    0x1400d014   0x00000054   Code   RO         1705    i.vTaskStartScheduler  tasks.o
    0x1400d068   0x00000010   Code   RO         1706    i.vTaskStepTick     tasks.o
    0x1400d078   0x00000010   Code   RO         1708    i.vTaskSuspendAll   tasks.o
    0x1400d088   0x00000044   Code   RO         1709    i.vTaskSwitchContext  tasks.o
    0x1400d0cc   0x00000280   Code   RO          346    i.vUart_Server_Task  apptask.o
    0x1400d34c   0x000001b0   Code   RO          347    i.vprotocolTask     apptask.o
    0x1400d4fc   0x00000040   Code   RO         2057    i.xPortStartScheduler  port.o
    0x1400d53c   0x00000024   Code   RO         1487    i.xQueueCreateMutex  queue.o
    0x1400d560   0x00000040   Code   RO         1488    i.xQueueGenericCreate  queue.o
    0x1400d5a0   0x00000124   Code   RO         1489    i.xQueueGenericReceive  queue.o
    0x1400d6c4   0x00000074   Code   RO         1490    i.xQueueGenericReset  queue.o
    0x1400d738   0x000000f8   Code   RO         1491    i.xQueueGenericSend  queue.o
    0x1400d830   0x00000066   Code   RO         1492    i.xQueueGenericSendFromISR  queue.o
    0x1400d896   0x00000002   PAD
    0x1400d898   0x00000048   Code   RO         1710    i.xTaskCheckForTimeOut  tasks.o
    0x1400d8e0   0x00000056   Code   RO         1711    i.xTaskCreate       tasks.o
    0x1400d936   0x00000002   PAD
    0x1400d938   0x0000000c   Code   RO         1714    i.xTaskGetCurrentTaskHandle  tasks.o
    0x1400d944   0x0000000c   Code   RO         1715    i.xTaskGetTickCount  tasks.o
    0x1400d950   0x000000b4   Code   RO         1717    i.xTaskIncrementTick  tasks.o
    0x1400da04   0x00000070   Code   RO         1720    i.xTaskPriorityDisinherit  tasks.o
    0x1400da74   0x0000006c   Code   RO         1721    i.xTaskRemoveFromEventList  tasks.o
    0x1400dae0   0x000000b4   Code   RO         1723    i.xTaskResumeAll    tasks.o
    0x1400db94   0x0000002c   Code   RO         7127    locale$$code        c_w.l(lc_ctype_c.o)
    0x1400dbc0   0x0000002c   Code   RO         7130    locale$$code        c_w.l(lc_numeric_c.o)
    0x1400dbec   0x0000000a   Code   RO         7081    x$fpl$fpinit        fz_wm.l(fpinit.o)
    0x1400dbf6   0x00000004   Code   RO         7017    x$fpl$printf1       fz_wm.l(printf1.o)
    0x1400dbfa   0x00000004   Code   RO         7019    x$fpl$printf2       fz_wm.l(printf2.o)
    0x1400dbfe   0x00000000   Code   RO         7154    x$fpl$usenofp       fz_wm.l(usenofp.o)
    0x1400dbfe   0x0000002a   Data   RO          348    .constdata          apptask.o
    0x1400dc28   0x00000269   Data   RO          691    .constdata          display.o
    0x1400de91   0x00000030   Data   RO         2602    .constdata          ht24.o
    0x1400dec1   0x00000030   Data   RO         2603    .constdata          ht24.o
    0x1400def1   0x00000030   Data   RO         2604    .constdata          ht24.o
    0x1400df21   0x00000030   Data   RO         2605    .constdata          ht24.o
    0x1400df51   0x00000030   Data   RO         2606    .constdata          ht24.o
    0x1400df81   0x00000030   Data   RO         2607    .constdata          ht24.o
    0x1400dfb1   0x00000030   Data   RO         2608    .constdata          ht24.o
    0x1400dfe1   0x00000030   Data   RO         2609    .constdata          ht24.o
    0x1400e011   0x00000030   Data   RO         2610    .constdata          ht24.o
    0x1400e041   0x00000030   Data   RO         2611    .constdata          ht24.o
    0x1400e071   0x00000030   Data   RO         2612    .constdata          ht24.o
    0x1400e0a1   0x00000030   Data   RO         2613    .constdata          ht24.o
    0x1400e0d1   0x00000030   Data   RO         2614    .constdata          ht24.o
    0x1400e101   0x00000030   Data   RO         2615    .constdata          ht24.o
    0x1400e131   0x00000030   Data   RO         2616    .constdata          ht24.o
    0x1400e161   0x00000030   Data   RO         2617    .constdata          ht24.o
    0x1400e191   0x00000030   Data   RO         2618    .constdata          ht24.o
    0x1400e1c1   0x00000030   Data   RO         2619    .constdata          ht24.o
    0x1400e1f1   0x00000030   Data   RO         2620    .constdata          ht24.o
    0x1400e221   0x00000030   Data   RO         2621    .constdata          ht24.o
    0x1400e251   0x00000030   Data   RO         2622    .constdata          ht24.o
    0x1400e281   0x00000030   Data   RO         2623    .constdata          ht24.o
    0x1400e2b1   0x00000030   Data   RO         2624    .constdata          ht24.o
    0x1400e2e1   0x00000030   Data   RO         2625    .constdata          ht24.o
    0x1400e311   0x00000030   Data   RO         2626    .constdata          ht24.o
    0x1400e341   0x00000030   Data   RO         2627    .constdata          ht24.o
    0x1400e371   0x00000030   Data   RO         2628    .constdata          ht24.o
    0x1400e3a1   0x00000030   Data   RO         2629    .constdata          ht24.o
    0x1400e3d1   0x00000030   Data   RO         2630    .constdata          ht24.o
    0x1400e401   0x00000030   Data   RO         2631    .constdata          ht24.o
    0x1400e431   0x00000030   Data   RO         2632    .constdata          ht24.o
    0x1400e461   0x00000030   Data   RO         2633    .constdata          ht24.o
    0x1400e491   0x00000030   Data   RO         2634    .constdata          ht24.o
    0x1400e4c1   0x00000030   Data   RO         2635    .constdata          ht24.o
    0x1400e4f1   0x00000030   Data   RO         2636    .constdata          ht24.o
    0x1400e521   0x00000030   Data   RO         2637    .constdata          ht24.o
    0x1400e551   0x00000030   Data   RO         2638    .constdata          ht24.o
    0x1400e581   0x00000030   Data   RO         2639    .constdata          ht24.o
    0x1400e5b1   0x00000030   Data   RO         2640    .constdata          ht24.o
    0x1400e5e1   0x00000030   Data   RO         2641    .constdata          ht24.o
    0x1400e611   0x00000030   Data   RO         2642    .constdata          ht24.o
    0x1400e641   0x00000030   Data   RO         2643    .constdata          ht24.o
    0x1400e671   0x00000030   Data   RO         2644    .constdata          ht24.o
    0x1400e6a1   0x00000030   Data   RO         2645    .constdata          ht24.o
    0x1400e6d1   0x00000030   Data   RO         2646    .constdata          ht24.o
    0x1400e701   0x00000030   Data   RO         2647    .constdata          ht24.o
    0x1400e731   0x00000030   Data   RO         2648    .constdata          ht24.o
    0x1400e761   0x00000030   Data   RO         2649    .constdata          ht24.o
    0x1400e791   0x00000030   Data   RO         2650    .constdata          ht24.o
    0x1400e7c1   0x00000030   Data   RO         2651    .constdata          ht24.o
    0x1400e7f1   0x00000030   Data   RO         2652    .constdata          ht24.o
    0x1400e821   0x00000030   Data   RO         2653    .constdata          ht24.o
    0x1400e851   0x00000030   Data   RO         2654    .constdata          ht24.o
    0x1400e881   0x00000030   Data   RO         2655    .constdata          ht24.o
    0x1400e8b1   0x00000030   Data   RO         2656    .constdata          ht24.o
    0x1400e8e1   0x00000030   Data   RO         2657    .constdata          ht24.o
    0x1400e911   0x00000030   Data   RO         2658    .constdata          ht24.o
    0x1400e941   0x00000030   Data   RO         2659    .constdata          ht24.o
    0x1400e971   0x00000030   Data   RO         2660    .constdata          ht24.o
    0x1400e9a1   0x00000030   Data   RO         2661    .constdata          ht24.o
    0x1400e9d1   0x00000030   Data   RO         2662    .constdata          ht24.o
    0x1400ea01   0x00000030   Data   RO         2663    .constdata          ht24.o
    0x1400ea31   0x00000030   Data   RO         2664    .constdata          ht24.o
    0x1400ea61   0x00000030   Data   RO         2665    .constdata          ht24.o
    0x1400ea91   0x00000030   Data   RO         2666    .constdata          ht24.o
    0x1400eac1   0x00000030   Data   RO         2667    .constdata          ht24.o
    0x1400eaf1   0x00000030   Data   RO         2668    .constdata          ht24.o
    0x1400eb21   0x00000030   Data   RO         2669    .constdata          ht24.o
    0x1400eb51   0x00000030   Data   RO         2670    .constdata          ht24.o
    0x1400eb81   0x00000030   Data   RO         2671    .constdata          ht24.o
    0x1400ebb1   0x00000030   Data   RO         2672    .constdata          ht24.o
    0x1400ebe1   0x00000030   Data   RO         2673    .constdata          ht24.o
    0x1400ec11   0x00000030   Data   RO         2674    .constdata          ht24.o
    0x1400ec41   0x00000030   Data   RO         2675    .constdata          ht24.o
    0x1400ec71   0x00000030   Data   RO         2676    .constdata          ht24.o
    0x1400eca1   0x00000030   Data   RO         2677    .constdata          ht24.o
    0x1400ecd1   0x00000030   Data   RO         2678    .constdata          ht24.o
    0x1400ed01   0x00000030   Data   RO         2679    .constdata          ht24.o
    0x1400ed31   0x00000030   Data   RO         2680    .constdata          ht24.o
    0x1400ed61   0x00000030   Data   RO         2681    .constdata          ht24.o
    0x1400ed91   0x00000030   Data   RO         2682    .constdata          ht24.o
    0x1400edc1   0x00000030   Data   RO         2683    .constdata          ht24.o
    0x1400edf1   0x00000030   Data   RO         2684    .constdata          ht24.o
    0x1400ee21   0x00000030   Data   RO         2685    .constdata          ht24.o
    0x1400ee51   0x00000030   Data   RO         2686    .constdata          ht24.o
    0x1400ee81   0x00000030   Data   RO         2687    .constdata          ht24.o
    0x1400eeb1   0x00000030   Data   RO         2688    .constdata          ht24.o
    0x1400eee1   0x00000030   Data   RO         2689    .constdata          ht24.o
    0x1400ef11   0x00000030   Data   RO         2690    .constdata          ht24.o
    0x1400ef41   0x00000030   Data   RO         2691    .constdata          ht24.o
    0x1400ef71   0x00000030   Data   RO         2692    .constdata          ht24.o
    0x1400efa1   0x00000030   Data   RO         2693    .constdata          ht24.o
    0x1400efd1   0x00000030   Data   RO         2694    .constdata          ht24.o
    0x1400f001   0x00000030   Data   RO         2695    .constdata          ht24.o
    0x1400f031   0x00000030   Data   RO         2696    .constdata          ht24.o
    0x1400f061   0x00000003   PAD
    0x1400f064   0x000002f8   Data   RO         2697    .constdata          ht24.o
    0x1400f35c   0x0000000c   Data   RO         2698    .constdata          ht24.o
    0x1400f368   0x00000024   Data   RO         2699    .constdata          ht24.o
    0x1400f38c   0x0000003a   Data   RO         2776    .constdata          ht29.o
    0x1400f3c6   0x0000003a   Data   RO         2777    .constdata          ht29.o
    0x1400f400   0x0000003a   Data   RO         2778    .constdata          ht29.o
    0x1400f43a   0x0000003a   Data   RO         2779    .constdata          ht29.o
    0x1400f474   0x0000003a   Data   RO         2780    .constdata          ht29.o
    0x1400f4ae   0x0000003a   Data   RO         2781    .constdata          ht29.o
    0x1400f4e8   0x0000003a   Data   RO         2782    .constdata          ht29.o
    0x1400f522   0x0000003a   Data   RO         2783    .constdata          ht29.o
    0x1400f55c   0x0000003a   Data   RO         2784    .constdata          ht29.o
    0x1400f596   0x0000003a   Data   RO         2785    .constdata          ht29.o
    0x1400f5d0   0x0000003a   Data   RO         2786    .constdata          ht29.o
    0x1400f60a   0x0000003a   Data   RO         2787    .constdata          ht29.o
    0x1400f644   0x0000003a   Data   RO         2788    .constdata          ht29.o
    0x1400f67e   0x0000003a   Data   RO         2789    .constdata          ht29.o
    0x1400f6b8   0x0000003a   Data   RO         2790    .constdata          ht29.o
    0x1400f6f2   0x0000003a   Data   RO         2791    .constdata          ht29.o
    0x1400f72c   0x0000003a   Data   RO         2792    .constdata          ht29.o
    0x1400f766   0x0000003a   Data   RO         2793    .constdata          ht29.o
    0x1400f7a0   0x0000003a   Data   RO         2794    .constdata          ht29.o
    0x1400f7da   0x0000003a   Data   RO         2795    .constdata          ht29.o
    0x1400f814   0x0000003a   Data   RO         2796    .constdata          ht29.o
    0x1400f84e   0x0000003a   Data   RO         2797    .constdata          ht29.o
    0x1400f888   0x0000003a   Data   RO         2798    .constdata          ht29.o
    0x1400f8c2   0x0000003a   Data   RO         2799    .constdata          ht29.o
    0x1400f8fc   0x0000003a   Data   RO         2800    .constdata          ht29.o
    0x1400f936   0x0000003a   Data   RO         2801    .constdata          ht29.o
    0x1400f970   0x0000003a   Data   RO         2802    .constdata          ht29.o
    0x1400f9aa   0x0000003a   Data   RO         2803    .constdata          ht29.o
    0x1400f9e4   0x0000003a   Data   RO         2804    .constdata          ht29.o
    0x1400fa1e   0x0000003a   Data   RO         2805    .constdata          ht29.o
    0x1400fa58   0x0000003a   Data   RO         2806    .constdata          ht29.o
    0x1400fa92   0x0000003a   Data   RO         2807    .constdata          ht29.o
    0x1400facc   0x0000003a   Data   RO         2808    .constdata          ht29.o
    0x1400fb06   0x0000003a   Data   RO         2809    .constdata          ht29.o
    0x1400fb40   0x0000003a   Data   RO         2810    .constdata          ht29.o
    0x1400fb7a   0x0000003a   Data   RO         2811    .constdata          ht29.o
    0x1400fbb4   0x0000003a   Data   RO         2812    .constdata          ht29.o
    0x1400fbee   0x0000003a   Data   RO         2813    .constdata          ht29.o
    0x1400fc28   0x0000003a   Data   RO         2814    .constdata          ht29.o
    0x1400fc62   0x0000003a   Data   RO         2815    .constdata          ht29.o
    0x1400fc9c   0x0000003a   Data   RO         2816    .constdata          ht29.o
    0x1400fcd6   0x0000003a   Data   RO         2817    .constdata          ht29.o
    0x1400fd10   0x0000003a   Data   RO         2818    .constdata          ht29.o
    0x1400fd4a   0x0000003a   Data   RO         2819    .constdata          ht29.o
    0x1400fd84   0x0000003a   Data   RO         2820    .constdata          ht29.o
    0x1400fdbe   0x0000003a   Data   RO         2821    .constdata          ht29.o
    0x1400fdf8   0x0000003a   Data   RO         2822    .constdata          ht29.o
    0x1400fe32   0x0000003a   Data   RO         2823    .constdata          ht29.o
    0x1400fe6c   0x0000003a   Data   RO         2824    .constdata          ht29.o
    0x1400fea6   0x0000003a   Data   RO         2825    .constdata          ht29.o
    0x1400fee0   0x0000003a   Data   RO         2826    .constdata          ht29.o
    0x1400ff1a   0x0000003a   Data   RO         2827    .constdata          ht29.o
    0x1400ff54   0x0000003a   Data   RO         2828    .constdata          ht29.o
    0x1400ff8e   0x0000003a   Data   RO         2829    .constdata          ht29.o
    0x1400ffc8   0x0000003a   Data   RO         2830    .constdata          ht29.o
    0x14010002   0x0000003a   Data   RO         2831    .constdata          ht29.o
    0x1401003c   0x0000003a   Data   RO         2832    .constdata          ht29.o
    0x14010076   0x0000003a   Data   RO         2833    .constdata          ht29.o
    0x140100b0   0x0000003a   Data   RO         2834    .constdata          ht29.o
    0x140100ea   0x0000003a   Data   RO         2835    .constdata          ht29.o
    0x14010124   0x0000003a   Data   RO         2836    .constdata          ht29.o
    0x1401015e   0x0000003a   Data   RO         2837    .constdata          ht29.o
    0x14010198   0x0000003a   Data   RO         2838    .constdata          ht29.o
    0x140101d2   0x0000003a   Data   RO         2839    .constdata          ht29.o
    0x1401020c   0x0000003a   Data   RO         2840    .constdata          ht29.o
    0x14010246   0x0000003a   Data   RO         2841    .constdata          ht29.o
    0x14010280   0x0000003a   Data   RO         2842    .constdata          ht29.o
    0x140102ba   0x0000003a   Data   RO         2843    .constdata          ht29.o
    0x140102f4   0x0000003a   Data   RO         2844    .constdata          ht29.o
    0x1401032e   0x0000003a   Data   RO         2845    .constdata          ht29.o
    0x14010368   0x0000003a   Data   RO         2846    .constdata          ht29.o
    0x140103a2   0x0000003a   Data   RO         2847    .constdata          ht29.o
    0x140103dc   0x0000003a   Data   RO         2848    .constdata          ht29.o
    0x14010416   0x0000003a   Data   RO         2849    .constdata          ht29.o
    0x14010450   0x0000003a   Data   RO         2850    .constdata          ht29.o
    0x1401048a   0x0000003a   Data   RO         2851    .constdata          ht29.o
    0x140104c4   0x0000003a   Data   RO         2852    .constdata          ht29.o
    0x140104fe   0x0000003a   Data   RO         2853    .constdata          ht29.o
    0x14010538   0x0000003a   Data   RO         2854    .constdata          ht29.o
    0x14010572   0x0000003a   Data   RO         2855    .constdata          ht29.o
    0x140105ac   0x0000003a   Data   RO         2856    .constdata          ht29.o
    0x140105e6   0x0000003a   Data   RO         2857    .constdata          ht29.o
    0x14010620   0x0000003a   Data   RO         2858    .constdata          ht29.o
    0x1401065a   0x0000003a   Data   RO         2859    .constdata          ht29.o
    0x14010694   0x0000003a   Data   RO         2860    .constdata          ht29.o
    0x140106ce   0x0000003a   Data   RO         2861    .constdata          ht29.o
    0x14010708   0x0000003a   Data   RO         2862    .constdata          ht29.o
    0x14010742   0x0000003a   Data   RO         2863    .constdata          ht29.o
    0x1401077c   0x0000003a   Data   RO         2864    .constdata          ht29.o
    0x140107b6   0x0000003a   Data   RO         2865    .constdata          ht29.o
    0x140107f0   0x0000003a   Data   RO         2866    .constdata          ht29.o
    0x1401082a   0x0000003a   Data   RO         2867    .constdata          ht29.o
    0x14010864   0x0000003a   Data   RO         2868    .constdata          ht29.o
    0x1401089e   0x0000003a   Data   RO         2869    .constdata          ht29.o
    0x140108d8   0x0000003a   Data   RO         2870    .constdata          ht29.o
    0x14010912   0x00000002   PAD
    0x14010914   0x000002f8   Data   RO         2871    .constdata          ht29.o
    0x14010c0c   0x0000000c   Data   RO         2872    .constdata          ht29.o
    0x14010c18   0x00000024   Data   RO         2873    .constdata          ht29.o
    0x14010c3c   0x0000000c   Data   RO         2890    .constdata          st12.o
    0x14010c48   0x0000000c   Data   RO         2891    .constdata          st12.o
    0x14010c54   0x0000000c   Data   RO         2892    .constdata          st12.o
    0x14010c60   0x0000000c   Data   RO         2893    .constdata          st12.o
    0x14010c6c   0x0000000c   Data   RO         2894    .constdata          st12.o
    0x14010c78   0x0000000c   Data   RO         2895    .constdata          st12.o
    0x14010c84   0x0000000c   Data   RO         2896    .constdata          st12.o
    0x14010c90   0x0000000c   Data   RO         2897    .constdata          st12.o
    0x14010c9c   0x0000000c   Data   RO         2898    .constdata          st12.o
    0x14010ca8   0x0000000c   Data   RO         2899    .constdata          st12.o
    0x14010cb4   0x0000000c   Data   RO         2900    .constdata          st12.o
    0x14010cc0   0x0000000c   Data   RO         2901    .constdata          st12.o
    0x14010ccc   0x0000000c   Data   RO         2902    .constdata          st12.o
    0x14010cd8   0x0000000c   Data   RO         2903    .constdata          st12.o
    0x14010ce4   0x0000000c   Data   RO         2904    .constdata          st12.o
    0x14010cf0   0x0000000c   Data   RO         2905    .constdata          st12.o
    0x14010cfc   0x0000000c   Data   RO         2906    .constdata          st12.o
    0x14010d08   0x0000000c   Data   RO         2907    .constdata          st12.o
    0x14010d14   0x0000000c   Data   RO         2908    .constdata          st12.o
    0x14010d20   0x0000000c   Data   RO         2909    .constdata          st12.o
    0x14010d2c   0x0000000c   Data   RO         2910    .constdata          st12.o
    0x14010d38   0x0000000c   Data   RO         2911    .constdata          st12.o
    0x14010d44   0x0000000c   Data   RO         2912    .constdata          st12.o
    0x14010d50   0x0000000c   Data   RO         2913    .constdata          st12.o
    0x14010d5c   0x0000000c   Data   RO         2914    .constdata          st12.o
    0x14010d68   0x0000000c   Data   RO         2915    .constdata          st12.o
    0x14010d74   0x0000000c   Data   RO         2916    .constdata          st12.o
    0x14010d80   0x0000000c   Data   RO         2917    .constdata          st12.o
    0x14010d8c   0x0000000c   Data   RO         2918    .constdata          st12.o
    0x14010d98   0x0000000c   Data   RO         2919    .constdata          st12.o
    0x14010da4   0x0000000c   Data   RO         2920    .constdata          st12.o
    0x14010db0   0x0000000c   Data   RO         2921    .constdata          st12.o
    0x14010dbc   0x0000000c   Data   RO         2922    .constdata          st12.o
    0x14010dc8   0x0000000c   Data   RO         2923    .constdata          st12.o
    0x14010dd4   0x0000000c   Data   RO         2924    .constdata          st12.o
    0x14010de0   0x0000000c   Data   RO         2925    .constdata          st12.o
    0x14010dec   0x0000000c   Data   RO         2926    .constdata          st12.o
    0x14010df8   0x0000000c   Data   RO         2927    .constdata          st12.o
    0x14010e04   0x0000000c   Data   RO         2928    .constdata          st12.o
    0x14010e10   0x0000000c   Data   RO         2929    .constdata          st12.o
    0x14010e1c   0x0000000c   Data   RO         2930    .constdata          st12.o
    0x14010e28   0x0000000c   Data   RO         2931    .constdata          st12.o
    0x14010e34   0x0000000c   Data   RO         2932    .constdata          st12.o
    0x14010e40   0x0000000c   Data   RO         2933    .constdata          st12.o
    0x14010e4c   0x0000000c   Data   RO         2934    .constdata          st12.o
    0x14010e58   0x0000000c   Data   RO         2935    .constdata          st12.o
    0x14010e64   0x0000000c   Data   RO         2936    .constdata          st12.o
    0x14010e70   0x0000000c   Data   RO         2937    .constdata          st12.o
    0x14010e7c   0x0000000c   Data   RO         2938    .constdata          st12.o
    0x14010e88   0x0000000c   Data   RO         2939    .constdata          st12.o
    0x14010e94   0x0000000c   Data   RO         2940    .constdata          st12.o
    0x14010ea0   0x0000000c   Data   RO         2941    .constdata          st12.o
    0x14010eac   0x0000000c   Data   RO         2942    .constdata          st12.o
    0x14010eb8   0x0000000c   Data   RO         2943    .constdata          st12.o
    0x14010ec4   0x0000000c   Data   RO         2944    .constdata          st12.o
    0x14010ed0   0x0000000c   Data   RO         2945    .constdata          st12.o
    0x14010edc   0x0000000c   Data   RO         2946    .constdata          st12.o
    0x14010ee8   0x0000000c   Data   RO         2947    .constdata          st12.o
    0x14010ef4   0x0000000c   Data   RO         2948    .constdata          st12.o
    0x14010f00   0x0000000c   Data   RO         2949    .constdata          st12.o
    0x14010f0c   0x0000000c   Data   RO         2950    .constdata          st12.o
    0x14010f18   0x0000000c   Data   RO         2951    .constdata          st12.o
    0x14010f24   0x0000000c   Data   RO         2952    .constdata          st12.o
    0x14010f30   0x0000000c   Data   RO         2953    .constdata          st12.o
    0x14010f3c   0x0000000c   Data   RO         2954    .constdata          st12.o
    0x14010f48   0x0000000c   Data   RO         2955    .constdata          st12.o
    0x14010f54   0x0000000c   Data   RO         2956    .constdata          st12.o
    0x14010f60   0x0000000c   Data   RO         2957    .constdata          st12.o
    0x14010f6c   0x0000000c   Data   RO         2958    .constdata          st12.o
    0x14010f78   0x0000000c   Data   RO         2959    .constdata          st12.o
    0x14010f84   0x0000000c   Data   RO         2960    .constdata          st12.o
    0x14010f90   0x0000000c   Data   RO         2961    .constdata          st12.o
    0x14010f9c   0x0000000c   Data   RO         2962    .constdata          st12.o
    0x14010fa8   0x0000000c   Data   RO         2963    .constdata          st12.o
    0x14010fb4   0x0000000c   Data   RO         2964    .constdata          st12.o
    0x14010fc0   0x0000000c   Data   RO         2965    .constdata          st12.o
    0x14010fcc   0x0000000c   Data   RO         2966    .constdata          st12.o
    0x14010fd8   0x0000000c   Data   RO         2967    .constdata          st12.o
    0x14010fe4   0x0000000c   Data   RO         2968    .constdata          st12.o
    0x14010ff0   0x0000000c   Data   RO         2969    .constdata          st12.o
    0x14010ffc   0x0000000c   Data   RO         2970    .constdata          st12.o
    0x14011008   0x0000000c   Data   RO         2971    .constdata          st12.o
    0x14011014   0x0000000c   Data   RO         2972    .constdata          st12.o
    0x14011020   0x0000000c   Data   RO         2973    .constdata          st12.o
    0x1401102c   0x0000000c   Data   RO         2974    .constdata          st12.o
    0x14011038   0x0000000c   Data   RO         2975    .constdata          st12.o
    0x14011044   0x0000000c   Data   RO         2976    .constdata          st12.o
    0x14011050   0x0000000c   Data   RO         2977    .constdata          st12.o
    0x1401105c   0x0000000c   Data   RO         2978    .constdata          st12.o
    0x14011068   0x0000000c   Data   RO         2979    .constdata          st12.o
    0x14011074   0x0000000c   Data   RO         2980    .constdata          st12.o
    0x14011080   0x0000000c   Data   RO         2981    .constdata          st12.o
    0x1401108c   0x0000000c   Data   RO         2982    .constdata          st12.o
    0x14011098   0x0000000c   Data   RO         2983    .constdata          st12.o
    0x140110a4   0x0000000c   Data   RO         2984    .constdata          st12.o
    0x140110b0   0x0000000c   Data   RO         2985    .constdata          st12.o
    0x140110bc   0x00000300   Data   RO         2986    .constdata          st12.o
    0x140113bc   0x0000000c   Data   RO         2987    .constdata          st12.o
    0x140113c8   0x00000024   Data   RO         2988    .constdata          st12.o
    0x140113ec   0x00000040   Data   RO         3005    .constdata          heartstep1.o
    0x1401142c   0x0000000c   Data   RO         3006    .constdata          heartstep1.o
    0x14011438   0x00000080   Data   RO         3007    .constdata          heartstep1.o
    0x140114b8   0x00000014   Data   RO         3008    .constdata          heartstep1.o
    0x140114cc   0x00000040   Data   RO         3025    .constdata          heartstep2.o
    0x1401150c   0x0000000c   Data   RO         3026    .constdata          heartstep2.o
    0x14011518   0x00000080   Data   RO         3027    .constdata          heartstep2.o
    0x14011598   0x00000014   Data   RO         3028    .constdata          heartstep2.o
    0x140115ac   0x00000040   Data   RO         3045    .constdata          heartstep3.o
    0x140115ec   0x0000000c   Data   RO         3046    .constdata          heartstep3.o
    0x140115f8   0x00000080   Data   RO         3047    .constdata          heartstep3.o
    0x14011678   0x00000014   Data   RO         3048    .constdata          heartstep3.o
    0x1401168c   0x00000040   Data   RO         3065    .constdata          heartstep4.o
    0x140116cc   0x0000000c   Data   RO         3066    .constdata          heartstep4.o
    0x140116d8   0x00000080   Data   RO         3067    .constdata          heartstep4.o
    0x14011758   0x00000014   Data   RO         3068    .constdata          heartstep4.o
    0x1401176c   0x00000040   Data   RO         3085    .constdata          heartstep5.o
    0x140117ac   0x0000000c   Data   RO         3086    .constdata          heartstep5.o
    0x140117b8   0x00000080   Data   RO         3087    .constdata          heartstep5.o
    0x14011838   0x00000014   Data   RO         3088    .constdata          heartstep5.o
    0x1401184c   0x00000040   Data   RO         3105    .constdata          heartstep6.o
    0x1401188c   0x0000000c   Data   RO         3106    .constdata          heartstep6.o
    0x14011898   0x00000080   Data   RO         3107    .constdata          heartstep6.o
    0x14011918   0x00000014   Data   RO         3108    .constdata          heartstep6.o
    0x1401192c   0x00000040   Data   RO         3125    .constdata          heartstep7.o
    0x1401196c   0x0000000c   Data   RO         3126    .constdata          heartstep7.o
    0x14011978   0x00000080   Data   RO         3127    .constdata          heartstep7.o
    0x140119f8   0x00000014   Data   RO         3128    .constdata          heartstep7.o
    0x14011a0c   0x00000040   Data   RO         3145    .constdata          heartstep8.o
    0x14011a4c   0x0000000c   Data   RO         3146    .constdata          heartstep8.o
    0x14011a58   0x00000080   Data   RO         3147    .constdata          heartstep8.o
    0x14011ad8   0x00000014   Data   RO         3148    .constdata          heartstep8.o
    0x14011aec   0x00000040   Data   RO         3165    .constdata          msc_black.o
    0x14011b2c   0x0000000c   Data   RO         3166    .constdata          msc_black.o
    0x14011b38   0x00000080   Data   RO         3167    .constdata          msc_black.o
    0x14011bb8   0x00000014   Data   RO         3168    .constdata          msc_black.o
    0x14011bcc   0x00000040   Data   RO         3185    .constdata          msc_white.o
    0x14011c0c   0x0000000c   Data   RO         3186    .constdata          msc_white.o
    0x14011c18   0x00000080   Data   RO         3187    .constdata          msc_white.o
    0x14011c98   0x00000014   Data   RO         3188    .constdata          msc_white.o
    0x14011cac   0x00000040   Data   RO         3205    .constdata          db_black.o
    0x14011cec   0x0000000c   Data   RO         3206    .constdata          db_black.o
    0x14011cf8   0x00000080   Data   RO         3207    .constdata          db_black.o
    0x14011d78   0x00000014   Data   RO         3208    .constdata          db_black.o
    0x14011d8c   0x00000040   Data   RO         3225    .constdata          db_white.o
    0x14011dcc   0x0000000c   Data   RO         3226    .constdata          db_white.o
    0x14011dd8   0x00000080   Data   RO         3227    .constdata          db_white.o
    0x14011e58   0x00000014   Data   RO         3228    .constdata          db_white.o
    0x14011e6c   0x00000040   Data   RO         3245    .constdata          net_black.o
    0x14011eac   0x0000000c   Data   RO         3246    .constdata          net_black.o
    0x14011eb8   0x00000080   Data   RO         3247    .constdata          net_black.o
    0x14011f38   0x00000014   Data   RO         3248    .constdata          net_black.o
    0x14011f4c   0x00000040   Data   RO         3265    .constdata          net_white.o
    0x14011f8c   0x0000000c   Data   RO         3266    .constdata          net_white.o
    0x14011f98   0x00000080   Data   RO         3267    .constdata          net_white.o
    0x14012018   0x00000014   Data   RO         3268    .constdata          net_white.o
    0x1401202c   0x00025800   Data   RO         3380    .constdata          bmp1.o
    0x1403782c   0x00000014   Data   RO         3381    .constdata          bmp1.o
    0x14037840   0x00007247   Data   RO         3398    .constdata          bmp3e.o
    0x1403ea87   0x00000001   PAD
    0x1403ea88   0x00000014   Data   RO         3399    .constdata          bmp3e.o
    0x1403ea9c   0x00012c00   Data   RO         3416    .constdata          bmp5.o
    0x1405169c   0x00000014   Data   RO         3417    .constdata          bmp5.o
    0x140516b0   0x00012c00   Data   RO         3434    .constdata          colortest.o
    0x140642b0   0x00000014   Data   RO         3435    .constdata          colortest.o
    0x140642c4   0x00012c00   Data   RO         3452    .constdata          bmp11.o
    0x14076ec4   0x00000014   Data   RO         3453    .constdata          bmp11.o
    0x14076ed8   0x00012c00   Data   RO         3470    .constdata          bmp12.o
    0x14089ad8   0x00000014   Data   RO         3471    .constdata          bmp12.o
    0x14089aec   0x00000003   Data   RO         4399    .constdata          lib_lpc_board_4370.lib(board.o)
    0x14089aef   0x00000001   PAD
    0x14089af0   0x00000004   Data   RO         4400    .constdata          lib_lpc_board_4370.lib(board.o)
    0x14089af4   0x00000004   Data   RO         4401    .constdata          lib_lpc_board_4370.lib(board.o)
    0x14089af8   0x000000a4   Data   RO         4726    .constdata          lib_lpc_board_4370.lib(board_sysinit.o)
    0x14089b9c   0x00000018   Data   RO         4783    .constdata          emWin_M4F.lib(GUICC_M565.o)
    0x14089bb4   0x00000008   Data   RO         4878    .constdata          emWin_M4F.lib(GUI_Core.o)
    0x14089bbc   0x00000008   Data   RO         4910    .constdata          emWin_M4F.lib(GUI_Device.o)
    0x14089bc4   0x00000010   Data   RO         4930    .constdata          emWin_M4F.lib(GUI_DrawBitmap_565.o)
    0x14089bd4   0x00000010   Data   RO         4941    .constdata          emWin_M4F.lib(GUI_DrawBitmap_8888.o)
    0x14089be4   0x00000010   Data   RO         4964    .constdata          emWin_M4F.lib(GUI_UC_EncodeUTF8.o)
    0x14089bf4   0x00000010   Data   RO         5056    .constdata          emWin_M4F.lib(LCD_RLE32.o)
    0x14089c04   0x00000034   Data   RO         5150    .constdata          emWin_M4F.lib(GUIDRV_Lin_16.o)
    0x14089c38   0x00000010   Data   RO         5278    .constdata          emWin_M4F.lib(F8x16_ASCII.o)
    0x14089c48   0x00000010   Data   RO         5279    .constdata          emWin_M4F.lib(F8x16_ASCII.o)
    0x14089c58   0x00000010   Data   RO         5280    .constdata          emWin_M4F.lib(F8x16_ASCII.o)
    0x14089c68   0x00000010   Data   RO         5281    .constdata          emWin_M4F.lib(F8x16_ASCII.o)
    0x14089c78   0x00000010   Data   RO         5282    .constdata          emWin_M4F.lib(F8x16_ASCII.o)
    0x14089c88   0x00000010   Data   RO         5283    .constdata          emWin_M4F.lib(F8x16_ASCII.o)
    0x14089c98   0x00000010   Data   RO         5284    .constdata          emWin_M4F.lib(F8x16_ASCII.o)
    0x14089ca8   0x00000010   Data   RO         5285    .constdata          emWin_M4F.lib(F8x16_ASCII.o)
    0x14089cb8   0x00000010   Data   RO         5286    .constdata          emWin_M4F.lib(F8x16_ASCII.o)
    0x14089cc8   0x00000010   Data   RO         5287    .constdata          emWin_M4F.lib(F8x16_ASCII.o)
    0x14089cd8   0x00000010   Data   RO         5288    .constdata          emWin_M4F.lib(F8x16_ASCII.o)
    0x14089ce8   0x00000010   Data   RO         5289    .constdata          emWin_M4F.lib(F8x16_ASCII.o)
    0x14089cf8   0x00000010   Data   RO         5290    .constdata          emWin_M4F.lib(F8x16_ASCII.o)
    0x14089d08   0x00000010   Data   RO         5291    .constdata          emWin_M4F.lib(F8x16_ASCII.o)
    0x14089d18   0x00000010   Data   RO         5292    .constdata          emWin_M4F.lib(F8x16_ASCII.o)
    0x14089d28   0x00000010   Data   RO         5293    .constdata          emWin_M4F.lib(F8x16_ASCII.o)
    0x14089d38   0x00000010   Data   RO         5294    .constdata          emWin_M4F.lib(F8x16_ASCII.o)
    0x14089d48   0x00000010   Data   RO         5295    .constdata          emWin_M4F.lib(F8x16_ASCII.o)
    0x14089d58   0x00000010   Data   RO         5296    .constdata          emWin_M4F.lib(F8x16_ASCII.o)
    0x14089d68   0x00000010   Data   RO         5297    .constdata          emWin_M4F.lib(F8x16_ASCII.o)
    0x14089d78   0x00000010   Data   RO         5298    .constdata          emWin_M4F.lib(F8x16_ASCII.o)
    0x14089d88   0x00000010   Data   RO         5299    .constdata          emWin_M4F.lib(F8x16_ASCII.o)
    0x14089d98   0x00000010   Data   RO         5300    .constdata          emWin_M4F.lib(F8x16_ASCII.o)
    0x14089da8   0x00000010   Data   RO         5301    .constdata          emWin_M4F.lib(F8x16_ASCII.o)
    0x14089db8   0x00000010   Data   RO         5302    .constdata          emWin_M4F.lib(F8x16_ASCII.o)
    0x14089dc8   0x00000010   Data   RO         5303    .constdata          emWin_M4F.lib(F8x16_ASCII.o)
    0x14089dd8   0x00000010   Data   RO         5304    .constdata          emWin_M4F.lib(F8x16_ASCII.o)
    0x14089de8   0x00000010   Data   RO         5305    .constdata          emWin_M4F.lib(F8x16_ASCII.o)
    0x14089df8   0x00000010   Data   RO         5306    .constdata          emWin_M4F.lib(F8x16_ASCII.o)
    0x14089e08   0x00000010   Data   RO         5307    .constdata          emWin_M4F.lib(F8x16_ASCII.o)
    0x14089e18   0x00000010   Data   RO         5308    .constdata          emWin_M4F.lib(F8x16_ASCII.o)
    0x14089e28   0x00000010   Data   RO         5309    .constdata          emWin_M4F.lib(F8x16_ASCII.o)
    0x14089e38   0x00000010   Data   RO         5310    .constdata          emWin_M4F.lib(F8x16_ASCII.o)
    0x14089e48   0x00000010   Data   RO         5311    .constdata          emWin_M4F.lib(F8x16_ASCII.o)
    0x14089e58   0x00000010   Data   RO         5312    .constdata          emWin_M4F.lib(F8x16_ASCII.o)
    0x14089e68   0x00000010   Data   RO         5313    .constdata          emWin_M4F.lib(F8x16_ASCII.o)
    0x14089e78   0x00000010   Data   RO         5314    .constdata          emWin_M4F.lib(F8x16_ASCII.o)
    0x14089e88   0x00000010   Data   RO         5315    .constdata          emWin_M4F.lib(F8x16_ASCII.o)
    0x14089e98   0x00000010   Data   RO         5316    .constdata          emWin_M4F.lib(F8x16_ASCII.o)
    0x14089ea8   0x00000010   Data   RO         5317    .constdata          emWin_M4F.lib(F8x16_ASCII.o)
    0x14089eb8   0x00000010   Data   RO         5318    .constdata          emWin_M4F.lib(F8x16_ASCII.o)
    0x14089ec8   0x00000010   Data   RO         5319    .constdata          emWin_M4F.lib(F8x16_ASCII.o)
    0x14089ed8   0x00000010   Data   RO         5320    .constdata          emWin_M4F.lib(F8x16_ASCII.o)
    0x14089ee8   0x00000010   Data   RO         5321    .constdata          emWin_M4F.lib(F8x16_ASCII.o)
    0x14089ef8   0x00000010   Data   RO         5322    .constdata          emWin_M4F.lib(F8x16_ASCII.o)
    0x14089f08   0x00000010   Data   RO         5323    .constdata          emWin_M4F.lib(F8x16_ASCII.o)
    0x14089f18   0x00000010   Data   RO         5324    .constdata          emWin_M4F.lib(F8x16_ASCII.o)
    0x14089f28   0x00000010   Data   RO         5325    .constdata          emWin_M4F.lib(F8x16_ASCII.o)
    0x14089f38   0x00000010   Data   RO         5326    .constdata          emWin_M4F.lib(F8x16_ASCII.o)
    0x14089f48   0x00000010   Data   RO         5327    .constdata          emWin_M4F.lib(F8x16_ASCII.o)
    0x14089f58   0x00000010   Data   RO         5328    .constdata          emWin_M4F.lib(F8x16_ASCII.o)
    0x14089f68   0x00000010   Data   RO         5329    .constdata          emWin_M4F.lib(F8x16_ASCII.o)
    0x14089f78   0x00000010   Data   RO         5330    .constdata          emWin_M4F.lib(F8x16_ASCII.o)
    0x14089f88   0x00000010   Data   RO         5331    .constdata          emWin_M4F.lib(F8x16_ASCII.o)
    0x14089f98   0x00000010   Data   RO         5332    .constdata          emWin_M4F.lib(F8x16_ASCII.o)
    0x14089fa8   0x00000010   Data   RO         5333    .constdata          emWin_M4F.lib(F8x16_ASCII.o)
    0x14089fb8   0x00000010   Data   RO         5334    .constdata          emWin_M4F.lib(F8x16_ASCII.o)
    0x14089fc8   0x00000010   Data   RO         5335    .constdata          emWin_M4F.lib(F8x16_ASCII.o)
    0x14089fd8   0x00000010   Data   RO         5336    .constdata          emWin_M4F.lib(F8x16_ASCII.o)
    0x14089fe8   0x00000010   Data   RO         5337    .constdata          emWin_M4F.lib(F8x16_ASCII.o)
    0x14089ff8   0x00000010   Data   RO         5338    .constdata          emWin_M4F.lib(F8x16_ASCII.o)
    0x1408a008   0x00000010   Data   RO         5339    .constdata          emWin_M4F.lib(F8x16_ASCII.o)
    0x1408a018   0x00000010   Data   RO         5340    .constdata          emWin_M4F.lib(F8x16_ASCII.o)
    0x1408a028   0x00000010   Data   RO         5341    .constdata          emWin_M4F.lib(F8x16_ASCII.o)
    0x1408a038   0x00000010   Data   RO         5342    .constdata          emWin_M4F.lib(F8x16_ASCII.o)
    0x1408a048   0x00000010   Data   RO         5343    .constdata          emWin_M4F.lib(F8x16_ASCII.o)
    0x1408a058   0x00000010   Data   RO         5344    .constdata          emWin_M4F.lib(F8x16_ASCII.o)
    0x1408a068   0x00000010   Data   RO         5345    .constdata          emWin_M4F.lib(F8x16_ASCII.o)
    0x1408a078   0x00000010   Data   RO         5346    .constdata          emWin_M4F.lib(F8x16_ASCII.o)
    0x1408a088   0x00000010   Data   RO         5347    .constdata          emWin_M4F.lib(F8x16_ASCII.o)
    0x1408a098   0x00000010   Data   RO         5348    .constdata          emWin_M4F.lib(F8x16_ASCII.o)
    0x1408a0a8   0x00000010   Data   RO         5349    .constdata          emWin_M4F.lib(F8x16_ASCII.o)
    0x1408a0b8   0x00000010   Data   RO         5350    .constdata          emWin_M4F.lib(F8x16_ASCII.o)
    0x1408a0c8   0x00000010   Data   RO         5351    .constdata          emWin_M4F.lib(F8x16_ASCII.o)
    0x1408a0d8   0x00000010   Data   RO         5352    .constdata          emWin_M4F.lib(F8x16_ASCII.o)
    0x1408a0e8   0x00000010   Data   RO         5353    .constdata          emWin_M4F.lib(F8x16_ASCII.o)
    0x1408a0f8   0x00000010   Data   RO         5354    .constdata          emWin_M4F.lib(F8x16_ASCII.o)
    0x1408a108   0x00000010   Data   RO         5355    .constdata          emWin_M4F.lib(F8x16_ASCII.o)
    0x1408a118   0x00000010   Data   RO         5356    .constdata          emWin_M4F.lib(F8x16_ASCII.o)
    0x1408a128   0x00000010   Data   RO         5357    .constdata          emWin_M4F.lib(F8x16_ASCII.o)
    0x1408a138   0x00000010   Data   RO         5358    .constdata          emWin_M4F.lib(F8x16_ASCII.o)
    0x1408a148   0x00000010   Data   RO         5359    .constdata          emWin_M4F.lib(F8x16_ASCII.o)
    0x1408a158   0x00000010   Data   RO         5360    .constdata          emWin_M4F.lib(F8x16_ASCII.o)
    0x1408a168   0x00000010   Data   RO         5361    .constdata          emWin_M4F.lib(F8x16_ASCII.o)
    0x1408a178   0x00000010   Data   RO         5362    .constdata          emWin_M4F.lib(F8x16_ASCII.o)
    0x1408a188   0x00000010   Data   RO         5363    .constdata          emWin_M4F.lib(F8x16_ASCII.o)
    0x1408a198   0x00000010   Data   RO         5364    .constdata          emWin_M4F.lib(F8x16_ASCII.o)
    0x1408a1a8   0x00000010   Data   RO         5365    .constdata          emWin_M4F.lib(F8x16_ASCII.o)
    0x1408a1b8   0x00000010   Data   RO         5366    .constdata          emWin_M4F.lib(F8x16_ASCII.o)
    0x1408a1c8   0x00000010   Data   RO         5367    .constdata          emWin_M4F.lib(F8x16_ASCII.o)
    0x1408a1d8   0x00000010   Data   RO         5368    .constdata          emWin_M4F.lib(F8x16_ASCII.o)
    0x1408a1e8   0x00000010   Data   RO         5369    .constdata          emWin_M4F.lib(F8x16_ASCII.o)
    0x1408a1f8   0x00000010   Data   RO         5370    .constdata          emWin_M4F.lib(F8x16_ASCII.o)
    0x1408a208   0x00000010   Data   RO         5371    .constdata          emWin_M4F.lib(F8x16_ASCII.o)
    0x1408a218   0x00000010   Data   RO         5372    .constdata          emWin_M4F.lib(F8x16_ASCII.o)
    0x1408a228   0x000002f8   Data   RO         5373    .constdata          emWin_M4F.lib(F8x16_ASCII.o)
    0x1408a520   0x0000000c   Data   RO         5374    .constdata          emWin_M4F.lib(F8x16_ASCII.o)
    0x1408a52c   0x00000024   Data   RO         5375    .constdata          emWin_M4F.lib(F8x16_ASCII.o)
    0x1408a550   0x0000006c   Data   RO         5411    .constdata          lib_lpc_chip_43xx.lib(clock_18xx_43xx.o)
    0x1408a5bc   0x00000048   Data   RO         5717    .constdata          lib_lpc_chip_43xx.lib(sysinit_18xx_43xx.o)
    0x1408a604   0x00000018   Data   RO         5756    .constdata          emWin_M4F.lib(GUICC_565.o)
    0x1408a61c   0x00000018   Data   RO         5766    .constdata          emWin_M4F.lib(GUICC_8888.o)
    0x1408a634   0x00000010   Data   RO         5823    .constdata          emWin_M4F.lib(GUI_UC_EncodeNone.o)
    0x1408a644   0x00000100   Data   RO         5856    .constdata          emWin_M4F.lib(GUI__DivTbl_255_31.o)
    0x1408a744   0x00000100   Data   RO         5857    .constdata          emWin_M4F.lib(GUI__DivTbl_255_63.o)
    0x1408a844   0x00000020   Data   RO         5858    .constdata          emWin_M4F.lib(GUI__DivTbl_31_255.o)
    0x1408a864   0x00000040   Data   RO         5859    .constdata          emWin_M4F.lib(GUI__DivTbl_63_255.o)
    0x1408a8a4   0x0000000c   Data   RO         5882    .constdata          emWin_M4F.lib(LCD.o)
    0x1408a8b0   0x00000100   Data   RO         5940    .constdata          emWin_M4F.lib(LCD_Mirror.o)
    0x1408a9b0   0x00000518   Data   RO         5941    .constdata          emWin_M4F.lib(F6x8.o)
    0x1408aec8   0x000001c0   Data   RO         5942    .constdata          emWin_M4F.lib(F6x8.o)
    0x1408b088   0x00000008   Data   RO         5943    .constdata          emWin_M4F.lib(F6x8.o)
    0x1408b090   0x00000014   Data   RO         5944    .constdata          emWin_M4F.lib(F6x8.o)
    0x1408b0a4   0x00000024   Data   RO         5945    .constdata          emWin_M4F.lib(F6x8.o)
    0x1408b0c8   0x00000074   Data   RO         5959    .constdata          emWin_M4F.lib(GUIDEV_16.o)
    0x1408b13c   0x00000018   Data   RO         6081    .constdata          emWin_M4F.lib(GUICC_0.o)
    0x1408b154   0x00000008   Data   RO         6299    .constdata          emWin_M4F.lib(GUIDEV_WriteToActiveOpaque.o)
    0x1408b15c   0x00000011   Data   RO         6825    .constdata          c_w.l(__printf_flags_ss_wp.o)
    0x1408b16d   0x00000003   PAD
    0x1408b170   0x00000008   Data   RO         6914    .constdata          c_w.l(_printf_wctomb.o)
    0x1408b178   0x00000028   Data   RO         6943    .constdata          c_w.l(_printf_hex_int_ll_ptr.o)
    0x1408b1a0   0x00000026   Data   RO         7062    .constdata          c_w.l(_printf_fp_hex.o)
    0x1408b1c6   0x00000002   PAD
    0x1408b1c8   0x00000094   Data   RO         7102    .constdata          c_w.l(bigflt0.o)
    0x1408b25c   0x00000038   Data   RO          692    .conststring        display.o
    0x1408b294   0x0000000b   Data   RO          693    .conststring        display.o
    0x1408b29f   0x00000001   PAD
    0x1408b2a0   0x00000006   Data   RO          694    .conststring        display.o
    0x1408b2a6   0x00000002   PAD
    0x1408b2a8   0x00000004   Data   RO          695    .conststring        display.o
    0x1408b2ac   0x00000007   Data   RO          696    .conststring        display.o
    0x1408b2b3   0x00000001   PAD
    0x1408b2b4   0x00000030   Data   RO         7215    Region$$Table       anon$$obj.o
    0x1408b2e4   0x00000110   Data   RO         7126    locale$$data        c_w.l(lc_ctype_c.o)
    0x1408b3f4   0x0000001c   Data   RO         7129    locale$$data        c_w.l(lc_numeric_c.o)


    Execution Region RW_IRAM2 (Base: 0x20000000, Size: 0x00010000, Max: 0x00010000, ABSOLUTE)

    Base Addr    Size         Type   Attr      Idx    E Section Name        Object

    0x20000000   0x00010000   Zero   RW         2208    .bss                heap_4.o


==============================================================================

Image component sizes


      Code (inc. data)   RO Data    RW Data    ZI Data      Debug   Object Name

      2610       1000         42         12          0      20773   apptask.o
         0          0     153620          0          0        813   bmp1.o
         0          0      76820          0          0        574   bmp11.o
         0          0      76820          0          0        574   bmp12.o
         0          0      29275          0          0        818   bmp3e.o
         0          0      76820          0          0        813   bmp5.o
         0          0      76820          0          0        842   colortest.o
         0          0        224          0          0        785   db_black.o
         0          0        224          0          0        785   db_white.o
      2310        614        701       1430          0      50134   display.o
        32         10          0         16          0       2990   dma.o
       110          4          0          0          0       8071   driver_sct.o
         4          0          0          0          0        643   freertoscommonhooks.o
        96         16          0          8          0       3915   gui_x_freertos.o
        28          6          0          0      32768        655   guiconf.o
       368         24          0         24      65536       4847   heap_4.o
         0          0        224          0          0        795   heartstep1.o
         0          0        224          0          0        795   heartstep2.o
         0          0        224          0          0        795   heartstep3.o
         0          0        224          0          0        795   heartstep4.o
         0          0        224          0          0        795   heartstep5.o
         0          0        224          0          0        795   heartstep6.o
         0          0        224          0          0        795   heartstep7.o
         0          0        224          0          0        795   heartstep8.o
         0          0       5368          0          0       7140   ht24.o
         0          0       6318          0          0       7140   ht29.o
       286         56          0          4          0      11365   kb_dev.o
        68         28        276          0       5120       1064   keil_freertos_startup_lpc18xx43xx.o
       126         12          0          0          0       4682   lcdconf.o
       136          0          0          0          0       5170   list.o
        58          0          0          1          0      64320   main.o
         0          0        224          0          0        766   msc_black.o
         0          0        224          0          0        766   msc_white.o
         0          0        224          0          0        802   net_black.o
         0          0        224          0          0        802   net_white.o
       404         36          0        194      76800      14933   oled_driver.o
       404         60          0         56          0      44051   pinint.o
       678         60          0         16          0      12791   port.o
      1138         14          0          0          0      21401   queue.o
         0          0       1968          0          0       7208   st12.o
        28          8          0          0          0      19085   sysinit.o
      1972        200          0         60        260      34654   tasks.o
       582        138          0         16        640      11538   trccom.o
       168         38          0          0        424      37286   uart.o

    ----------------------------------------------------------------------
     11628       2324     508042       1844     181548     411356   Object Totals
         0          0         48          0          0          0   (incl. Generated)
        22          0         10          7          0          0   (incl. Padding)

    ----------------------------------------------------------------------

      Code (inc. data)   RO Data    RW Data    ZI Data      Debug   Library Member Name

        90          0          0          0          0          0   __dczerorl2.o
         8          0          0          0          0         68   __main.o
       392          4         17          0          0         92   __printf_flags_ss_wp.o
        14          0          0          0          0         68   __printf_wp.o
         0          0          0          0          0          0   __rtentry.o
        12          0          0          0          0          0   __rtentry2.o
         6          0          0          0          0          0   __rtentry4.o
        52          8          0          0          0          0   __scatter.o
        28          0          0          0          0          0   __scatter_zi.o
        28          0          0          0          0         68   _chval.o
         6          0          0          0          0          0   _printf_a.o
         6          0          0          0          0          0   _printf_c.o
        44          0          0          0          0        108   _printf_char.o
        48          6          0          0          0         96   _printf_char_common.o
        40          0          0          0          0         68   _printf_charcount.o
         6          0          0          0          0          0   _printf_d.o
       120         16          0          0          0         92   _printf_dec.o
         6          0          0          0          0          0   _printf_e.o
         6          0          0          0          0          0   _printf_f.o
      1050          0          0          0          0        216   _printf_fp_dec.o
       764          8         38          0          0        100   _printf_fp_hex.o
       128         16          0          0          0         84   _printf_fp_infnan.o
         6          0          0          0          0          0   _printf_g.o
       148          4         40          0          0        160   _printf_hex_int_ll_ptr.o
         6          0          0          0          0          0   _printf_i.o
       178          0          0          0          0         88   _printf_intcommon.o
        10          0          0          0          0          0   _printf_l.o
         6          0          0          0          0          0   _printf_lc.o
        10          0          0          0          0          0   _printf_ll.o
         6          0          0          0          0          0   _printf_lld.o
         6          0          0          0          0          0   _printf_lli.o
         6          0          0          0          0          0   _printf_llo.o
         6          0          0          0          0          0   _printf_llu.o
         6          0          0          0          0          0   _printf_llx.o
       124         16          0          0          0         92   _printf_longlong_dec.o
         6          0          0          0          0          0   _printf_ls.o
         6          0          0          0          0          0   _printf_n.o
         6          0          0          0          0          0   _printf_o.o
       112          8          0          0          0        124   _printf_oct_int_ll.o
         6          0          0          0          0          0   _printf_p.o
        78          0          0          0          0        108   _printf_pad.o
         0          0          0          0          0          0   _printf_percent.o
         4          0          0          0          0          0   _printf_percent_end.o
         6          0          0          0          0          0   _printf_s.o
        82          0          0          0          0         80   _printf_str.o
        36          0          0          0          0         84   _printf_truncate.o
         6          0          0          0          0          0   _printf_u.o
        44          0          0          0          0        108   _printf_wchar.o
       188          6          8          0          0         92   _printf_wctomb.o
         6          0          0          0          0          0   _printf_x.o
        16          0          0          0          0         68   _snputc.o
        10          0          0          0          0         68   _sputc.o
       158          0          0          0          0         92   _strtoul.o
        64          0          0          0          0         92   _wcrtomb.o
        16          0          0          0          0         68   aeabi_memset.o
        26          0          0          0          0         80   atoi.o
       220          4        148          0          0         96   bigflt0.o
      1910        128          0          0          0        672   btod.o
        10          0          0          0          0         68   defsig_exit.o
        50          0          0          0          0         88   defsig_general.o
        80         58          0          0          0         76   defsig_rtmem_inner.o
        14          0          0          0          0         80   defsig_rtmem_outer.o
        18          0          0          0          0         80   exit.o
        94          0          0          0          0         80   h1_alloc.o
        52          0          0          0          0         68   h1_extend.o
        78          0          0          0          0         80   h1_free.o
        14          0          0          0          0         84   h1_init.o
         6          0          0          0          0        152   heapauxi.o
         4          0          0          0          0        136   hguard.o
         0          0          0          0          0          0   indicate_semi.o
       138          0          0          0          0        168   init_alloc.o
        44         10        272          0          0         76   lc_ctype_c.o
        44         10         28          0          0         76   lc_numeric_c.o
         2          0          0          0          0          0   libinit.o
        42          0          0          0          0          0   libinit2.o
         2          0          0          0          0          0   libshutdown.o
         2          0          0          0          0          0   libshutdown2.o
         8          4          0          0         96         68   libspace.o
       138          0          0          0          0         80   lludiv10.o
         0          0          0          0          0          0   maybetermalloc1.o
         8          0          0          0          0         76   memcpy.o
        16          4          0          0          0         76   rt_ctype_table.o
         8          4          0          0          0         68   rt_errno_addr_intlibspace.o
         8          4          0          0          0         68   rt_heap_descriptor_intlibspace.o
         8          4          0          0          0         68   rt_locale_intlibspace.o
        68          0          0          0          0         68   rt_memclr.o
        78          0          0          0          0         80   rt_memclr_w.o
       138          0          0          0          0         68   rt_memcpy_v6.o
       100          0          0          0          0         80   rt_memcpy_w.o
       132          0          0          0          0         68   rt_memmove_v6.o
       122          0          0          0          0         80   rt_memmove_w.o
         2          0          0          0          0          0   rtexit.o
        10          0          0          0          0          0   rtexit2.o
       128          0          0          0          0         68   strcmpv7m.o
        62          0          0          0          0         76   strlen.o
       112          0          0          0          0         88   strtol.o
        74          0          0          0          0         80   sys_stackheap_outer.o
        14          0          0          0          0         76   sys_wrch.o
         2          0          0          0          0         68   use_no_semi.o
        52          4          0          0          0         80   vsnprintf.o
         0          0       1816          0          0          0   F6x8.o
         0          0       2328          0          0          0   F8x16_ASCII.o
       224          0         24          0          0        388   GUICC_0.o
       366         36         24          0          0        644   GUICC_565.o
       158          0         24          0          0        504   GUICC_8888.o
         2          0          0          0          0        116   GUICC_8888_Index2Color.o
         2          0          0          0          0        116   GUICC_888_Index2Color.o
       414         44         24          8          0        676   GUICC_M565.o
       130          6          0          0          0        256   GUIDEV.o
      3010         60        116          0          0       1584   GUIDEV_16.o
        38          0          0          0          0        128   GUIDEV_GetDataPtr.o
        86          0          0          0          0        260   GUIDEV_Usage.o
      2076         14          8          0          0        168   GUIDEV_WriteToActiveOpaque.o
      3814        152         52          0          0       3812   GUIDRV_Lin_16.o
        46          0          0          0          0        128   GUI_ALLOC_AllocZero.o
      2482        100          0          8        204       2184   GUI_Alloc.o
        62          0          0          0          0        116   GUI_CalcColorDist.o
       164         20          0          0          0        500   GUI_Char.o
       598         28          0          4          0        544   GUI_CharLine.o
       398         10          0          0          0        492   GUI_CharM.o
       378         10          0          0          0        532   GUI_CharP.o
       360         44          8         53        232        512   GUI_Core.o
       620         36          8          0          0        880   GUI_Device.o
       268          4          0          0          0        148   GUI_DispString.o
        40          6          0          0          0        136   GUI_DispStringAt.o
       244         10          0          0          0        148   GUI_DrawBitmap.o
        44          8         16          0          0        140   GUI_DrawBitmap_565.o
      1612         46         16         12          0        616   GUI_DrawBitmap_8888.o
        48          0          0          0          0        248   GUI_GetColor.o
        32          4          0          0          0        128   GUI_Goto.o
        92          0          0          0          0        116   GUI_MergeRect.o
        32          0          0          0          0        116   GUI_MoveRect.o
        20          6          0         16         88        116   GUI_OnKey.o
        56          0          0          0          0        116   GUI_RectsIntersect.o
        26          0          0          0          0        128   GUI_SelectLCD.o
        56         10          0          0          0        128   GUI_SelectLayer.o
        44          0          0          0          0        256   GUI_SetColor.o
        36          4          0          0          0        128   GUI_SetColorIndex.o
        24          0          0          0          0        124   GUI_SetDrawMode.o
        32          4          0          0          0        128   GUI_SetFont.o
        64         16          0          0          0        136   GUI_SetOrg.o
        32          6          0          0          0        128   GUI_SetTextMode.o
       472         42          0         28          0        644   GUI_Task.o
        88         12          0          0          0        264   GUI_UC.o
        18          0         16          0          0        464   GUI_UC_EncodeNone.o
       224          8         16          0          0        592   GUI_UC_EncodeUTF8.o
        16          4          0         12          0        116   GUI_WaitEvent.o
      1098         38          0         40          0        816   GUI__Alpha.o
       818          0          0          0          0        396   GUI__CompactPixelIndices.o
         0          0        256          0          0          0   GUI__DivTbl_255_31.o
         0          0        256          0          0          0   GUI__DivTbl_255_63.o
         0          0         32          0          0          0   GUI__DivTbl_31_255.o
         0          0         64          0          0          0   GUI__DivTbl_63_255.o
       692          8          0          0          0        168   GUI__DrawBitmap16bpp.o
       356          0          0          0          0        172   GUI__ExpandPixelIndices.o
        66          0          0          0          0        116   GUI__IntersectRect.o
        82          0          0          0          0        128   GUI__IntersectRects.o
       240         12          0         12         64        252   GUI__ManageCache.o
       208          0          0          0          0        160   GUI__memset.o
       166          0          0          0          0        136   GUI__memset16.o
      1972        134         12          4          0       2220   LCD.o
       304         36          0         16          0        520   LCD_Color.o
        32         12          0          0          0        232   LCD_GetColorIndex.o
       512         28          0          0          0       1620   LCD_GetEx.o
        28          0          0          0          0        128   LCD_GetNumDisplays.o
        96          8          0          0          0        144   LCD_GetP.o
        14          0          0          0          0        128   LCD_GetPixelColor.o
         0          0        256          0          0          0   LCD_Mirror.o
       648         54          0         16         48        784   LCD_NextPixelAPI.o
      1004         66         16         24          0        836   LCD_RLE32.o
       672         20          0          0          0        332   LCD_ReadRect.o
        72          8          0          0          0        128   LCD_SelectLCD.o
       172          0          0          0          0        524   LCD_Set.o
        52         10          0          0          0        132   LCD_SetClipRectEx.o
        36          4          0          0          0        128   LCD_UpdateColorIndices.o
      4000        148          0         68        280       3044   WM.o
       140          0          0          0          0        140   WM_BringToBottom.o
        16          6          0          0          0        116   WM_CriticalHandle.o
        32          0          0          0          0        128   WM_GetClientRect.o
        24         10          0          0          0        116   WM_GetDesktopWindow.o
        26          0          0          0          0        124   WM_GetFirstChild.o
        26          0          0          0          0        124   WM_GetParent.o
        40          0          0          0          0        136   WM_SendToParent.o
         0          0          0          0        576          0   WM_Touch.o
        20          0          0          0          0        124   WM__GetFirstSibling.o
        40          0          0          0          0        128   WM__GetPrevSibling.o
        60          4          0          4          0        136   WM__SendMessage.o
         4          0          0          0          0        116   memcpy.o
        10          0          0          0          0        116   fpinit.o
         4          0          0          0          0        116   printf1.o
         4          0          0          0          0        116   printf2.o
         0          0          0          0          0          0   usenofp.o
       158         28         11          0          0      22950   board.o
       246         36        164          0          0       6204   board_sysinit.o
        20          6          0          4          0      22738   chip_18xx_43xx.o
      1106        170        108          8          0      13655   clock_18xx_43xx.o
       200         16          0          0          0       3023   emc_18xx_43xx.o
        60         14          0          0          0       1198   fpu_init.o
       128          6          0          0          0       2600   gpdma_18xx_43xx.o
         2          0          0          0          0       2833   gpio_18xx_43xx.o
       388          0          0          0          0       6396   ring_buffer.o
        12          0          0          0          0        476   sct_18xx_43xx.o
       136          4          0          0          0       5966   sct_pwm_18xx_43xx.o
        56          6          0          0          0        989   scu_18xx_43xx.o
       124         18         72          0          0       1454   sysinit_18xx_43xx.o
       456         26          0          1          0      14560   uart_18xx_43xx.o
        48          0          0          0          0        124   fpclassify.o

    ----------------------------------------------------------------------
     44414       2012       6300        344       1592     145978   Library Totals
        80          0          6          6          4          0   (incl. Padding)

    ----------------------------------------------------------------------

      Code (inc. data)   RO Data    RW Data    ZI Data      Debug   Library Name

      8360        326        551          0         96       6028   c_w.l
     32816       1356       5388        325       1492      34436   emWin_M4F.lib
        18          0          0          0          0        348   fz_wm.l
       404         64        175          0          0      29154   lib_lpc_board_4370.lib
      2688        266        180         13          0      75888   lib_lpc_chip_43xx.lib
        48          0          0          0          0        124   m_wm.l

    ----------------------------------------------------------------------
     44414       2012       6300        344       1592     145978   Library Totals

    ----------------------------------------------------------------------

==============================================================================


      Code (inc. data)   RO Data    RW Data    ZI Data      Debug   

     56042       4336     514342       2188     183140     504250   Grand Totals
     56042       4336     514342        772     183140     504250   ELF Image Totals (compressed)
     56042       4336     514342        772          0          0   ROM Totals

==============================================================================

    Total RO  Size (Code + RO Data)               570384 ( 557.02kB)
    Total RW  Size (RW Data + ZI Data)            185328 ( 180.98kB)
    Total ROM Size (Code + RO Data + RW Data)     571156 ( 557.77kB)

==============================================================================

